Archive member included to satisfy reference by file (symbol)

/usr/lib/gcc/arm-none-eabi/7.1.0/../../../../arm-none-eabi/lib/thumb/v7e-m/libg_nano.a(lib_a-errno.o)
                              ./system/src/newlib/_sbrk.o (symbol from plugin) (__errno)
/usr/lib/gcc/arm-none-eabi/7.1.0/../../../../arm-none-eabi/lib/thumb/v7e-m/libg_nano.a(lib_a-findfp.o)
                              ./system/src/newlib/_syscalls.o (symbol from plugin) (__sinit)
/usr/lib/gcc/arm-none-eabi/7.1.0/../../../../arm-none-eabi/lib/thumb/v7e-m/libg_nano.a(lib_a-fwalk.o)
                              /usr/lib/gcc/arm-none-eabi/7.1.0/../../../../arm-none-eabi/lib/thumb/v7e-m/libg_nano.a(lib_a-findfp.o) (_fwalk)
/usr/lib/gcc/arm-none-eabi/7.1.0/../../../../arm-none-eabi/lib/thumb/v7e-m/libg_nano.a(lib_a-impure.o)
                              /usr/lib/gcc/arm-none-eabi/7.1.0/../../../../arm-none-eabi/lib/thumb/v7e-m/libg_nano.a(lib_a-findfp.o) (_global_impure_ptr)
/usr/lib/gcc/arm-none-eabi/7.1.0/../../../../arm-none-eabi/lib/thumb/v7e-m/libg_nano.a(lib_a-locale.o)
                              ./system/src/newlib/_syscalls.o (symbol from plugin) (__locale_ctype_ptr)
/usr/lib/gcc/arm-none-eabi/7.1.0/../../../../arm-none-eabi/lib/thumb/v7e-m/libg_nano.a(lib_a-mbtowc_r.o)
                              /usr/lib/gcc/arm-none-eabi/7.1.0/../../../../arm-none-eabi/lib/thumb/v7e-m/libg_nano.a(lib_a-locale.o) (__ascii_mbtowc)
/usr/lib/gcc/arm-none-eabi/7.1.0/../../../../arm-none-eabi/lib/thumb/v7e-m/libg_nano.a(lib_a-memset.o)
                              /usr/lib/gcc/arm-none-eabi/7.1.0/../../../../arm-none-eabi/lib/thumb/v7e-m/libg_nano.a(lib_a-findfp.o) (memset)
/usr/lib/gcc/arm-none-eabi/7.1.0/../../../../arm-none-eabi/lib/thumb/v7e-m/libg_nano.a(lib_a-nano-mallocr.o)
                              /usr/lib/gcc/arm-none-eabi/7.1.0/../../../../arm-none-eabi/lib/thumb/v7e-m/libg_nano.a(lib_a-findfp.o) (_malloc_r)
/usr/lib/gcc/arm-none-eabi/7.1.0/../../../../arm-none-eabi/lib/thumb/v7e-m/libg_nano.a(lib_a-sbrkr.o)
                              /usr/lib/gcc/arm-none-eabi/7.1.0/../../../../arm-none-eabi/lib/thumb/v7e-m/libg_nano.a(lib_a-nano-mallocr.o) (_sbrk_r)
/usr/lib/gcc/arm-none-eabi/7.1.0/../../../../arm-none-eabi/lib/thumb/v7e-m/libg_nano.a(lib_a-stdio.o)
                              /usr/lib/gcc/arm-none-eabi/7.1.0/../../../../arm-none-eabi/lib/thumb/v7e-m/libg_nano.a(lib_a-findfp.o) (__sread)
/usr/lib/gcc/arm-none-eabi/7.1.0/../../../../arm-none-eabi/lib/thumb/v7e-m/libg_nano.a(lib_a-strcmp.o)
                              /usr/lib/gcc/arm-none-eabi/7.1.0/../../../../arm-none-eabi/lib/thumb/v7e-m/libg_nano.a(lib_a-locale.o) (strcmp)
/usr/lib/gcc/arm-none-eabi/7.1.0/../../../../arm-none-eabi/lib/thumb/v7e-m/libg_nano.a(lib_a-wctomb_r.o)
                              /usr/lib/gcc/arm-none-eabi/7.1.0/../../../../arm-none-eabi/lib/thumb/v7e-m/libg_nano.a(lib_a-locale.o) (__ascii_wctomb)
/usr/lib/gcc/arm-none-eabi/7.1.0/../../../../arm-none-eabi/lib/thumb/v7e-m/libg_nano.a(lib_a-writer.o)
                              /usr/lib/gcc/arm-none-eabi/7.1.0/../../../../arm-none-eabi/lib/thumb/v7e-m/libg_nano.a(lib_a-stdio.o) (_write_r)
/usr/lib/gcc/arm-none-eabi/7.1.0/../../../../arm-none-eabi/lib/thumb/v7e-m/libg_nano.a(lib_a-closer.o)
                              /usr/lib/gcc/arm-none-eabi/7.1.0/../../../../arm-none-eabi/lib/thumb/v7e-m/libg_nano.a(lib_a-stdio.o) (_close_r)
/usr/lib/gcc/arm-none-eabi/7.1.0/../../../../arm-none-eabi/lib/thumb/v7e-m/libg_nano.a(lib_a-ctype_.o)
                              /usr/lib/gcc/arm-none-eabi/7.1.0/../../../../arm-none-eabi/lib/thumb/v7e-m/libg_nano.a(lib_a-locale.o) (_ctype_)
/usr/lib/gcc/arm-none-eabi/7.1.0/../../../../arm-none-eabi/lib/thumb/v7e-m/libg_nano.a(lib_a-fflush.o)
                              /usr/lib/gcc/arm-none-eabi/7.1.0/../../../../arm-none-eabi/lib/thumb/v7e-m/libg_nano.a(lib_a-findfp.o) (_fflush_r)
/usr/lib/gcc/arm-none-eabi/7.1.0/../../../../arm-none-eabi/lib/thumb/v7e-m/libg_nano.a(lib_a-lseekr.o)
                              /usr/lib/gcc/arm-none-eabi/7.1.0/../../../../arm-none-eabi/lib/thumb/v7e-m/libg_nano.a(lib_a-stdio.o) (_lseek_r)
/usr/lib/gcc/arm-none-eabi/7.1.0/../../../../arm-none-eabi/lib/thumb/v7e-m/libg_nano.a(lib_a-mlock.o)
                              /usr/lib/gcc/arm-none-eabi/7.1.0/../../../../arm-none-eabi/lib/thumb/v7e-m/libg_nano.a(lib_a-nano-mallocr.o) (__malloc_lock)
/usr/lib/gcc/arm-none-eabi/7.1.0/../../../../arm-none-eabi/lib/thumb/v7e-m/libg_nano.a(lib_a-nano-freer.o)
                              /usr/lib/gcc/arm-none-eabi/7.1.0/../../../../arm-none-eabi/lib/thumb/v7e-m/libg_nano.a(lib_a-fflush.o) (_free_r)
/usr/lib/gcc/arm-none-eabi/7.1.0/../../../../arm-none-eabi/lib/thumb/v7e-m/libg_nano.a(lib_a-readr.o)
                              /usr/lib/gcc/arm-none-eabi/7.1.0/../../../../arm-none-eabi/lib/thumb/v7e-m/libg_nano.a(lib_a-stdio.o) (_read_r)
/usr/lib/gcc/arm-none-eabi/7.1.0/../../../../arm-none-eabi/lib/thumb/v7e-m/libm.a(lib_a-s_floor.o)
                              /tmp/ccgWIGAt.ltrans0.ltrans.o (floor)
/usr/lib/gcc/arm-none-eabi/7.1.0/thumb/v7e-m/libgcc.a(_arm_addsubdf3.o)
                              /tmp/ccgWIGAt.ltrans0.ltrans.o (__aeabi_dsub)
/usr/lib/gcc/arm-none-eabi/7.1.0/thumb/v7e-m/libgcc.a(_arm_cmpdf2.o)
                              /usr/lib/gcc/arm-none-eabi/7.1.0/../../../../arm-none-eabi/lib/thumb/v7e-m/libm.a(lib_a-s_floor.o) (__aeabi_dcmpgt)
/usr/lib/gcc/arm-none-eabi/7.1.0/thumb/v7e-m/libgcc.a(_arm_fixunsdfsi.o)
                              /tmp/ccgWIGAt.ltrans0.ltrans.o (__aeabi_d2uiz)
/usr/lib/gcc/arm-none-eabi/7.1.0/thumb/v7e-m/libgcc.a(_arm_truncdfsf2.o)
                              /tmp/ccgWIGAt.ltrans0.ltrans.o (__aeabi_d2f)
/usr/lib/gcc/arm-none-eabi/7.1.0/thumb/v7e-m/libgcc.a(_arm_addsubsf3.o)
                              /tmp/ccgWIGAt.ltrans0.ltrans.o (__aeabi_fadd)
/usr/lib/gcc/arm-none-eabi/7.1.0/thumb/v7e-m/libgcc.a(_arm_muldivsf3.o)
                              /tmp/ccgWIGAt.ltrans0.ltrans.o (__aeabi_fmul)
/usr/lib/gcc/arm-none-eabi/7.1.0/thumb/v7e-m/libgcc.a(_arm_cmpsf2.o)
                              /tmp/ccgWIGAt.ltrans0.ltrans.o (__aeabi_fcmple)
/usr/lib/gcc/arm-none-eabi/7.1.0/../../../../arm-none-eabi/lib/thumb/v7e-m/libg_nano.a(lib_a-strlen.o)
                              /tmp/ccgWIGAt.ltrans0.ltrans.o (strlen)
/usr/lib/gcc/arm-none-eabi/7.1.0/../../../../arm-none-eabi/lib/thumb/v7e-m/libg_nano.a(lib_a-vsnprintf.o)
                              /tmp/ccgWIGAt.ltrans0.ltrans.o (vsnprintf)
/usr/lib/gcc/arm-none-eabi/7.1.0/../../../../arm-none-eabi/lib/thumb/v7e-m/libg_nano.a(lib_a-nano-svfprintf.o)
                              /usr/lib/gcc/arm-none-eabi/7.1.0/../../../../arm-none-eabi/lib/thumb/v7e-m/libg_nano.a(lib_a-vsnprintf.o) (_svfprintf_r)
/usr/lib/gcc/arm-none-eabi/7.1.0/../../../../arm-none-eabi/lib/thumb/v7e-m/libg_nano.a(lib_a-nano-vfprintf_i.o)
                              /usr/lib/gcc/arm-none-eabi/7.1.0/../../../../arm-none-eabi/lib/thumb/v7e-m/libg_nano.a(lib_a-nano-svfprintf.o) (_printf_i)
/usr/lib/gcc/arm-none-eabi/7.1.0/../../../../arm-none-eabi/lib/thumb/v7e-m/libg_nano.a(lib_a-memchr.o)
                              /usr/lib/gcc/arm-none-eabi/7.1.0/../../../../arm-none-eabi/lib/thumb/v7e-m/libg_nano.a(lib_a-nano-svfprintf.o) (memchr)
/usr/lib/gcc/arm-none-eabi/7.1.0/../../../../arm-none-eabi/lib/thumb/v7e-m/libg_nano.a(lib_a-memcpy.o)
                              /usr/lib/gcc/arm-none-eabi/7.1.0/../../../../arm-none-eabi/lib/thumb/v7e-m/libg_nano.a(lib_a-nano-svfprintf.o) (memcpy)
/usr/lib/gcc/arm-none-eabi/7.1.0/../../../../arm-none-eabi/lib/thumb/v7e-m/libg_nano.a(lib_a-memmove.o)
                              /usr/lib/gcc/arm-none-eabi/7.1.0/../../../../arm-none-eabi/lib/thumb/v7e-m/libg_nano.a(lib_a-nano-svfprintf.o) (memmove)
/usr/lib/gcc/arm-none-eabi/7.1.0/../../../../arm-none-eabi/lib/thumb/v7e-m/libg_nano.a(lib_a-nano-reallocr.o)
                              /usr/lib/gcc/arm-none-eabi/7.1.0/../../../../arm-none-eabi/lib/thumb/v7e-m/libg_nano.a(lib_a-nano-svfprintf.o) (_realloc_r)
/usr/lib/gcc/arm-none-eabi/7.1.0/../../../../arm-none-eabi/lib/thumb/v7e-m/libg_nano.a(lib_a-nano-msizer.o)
                              /usr/lib/gcc/arm-none-eabi/7.1.0/../../../../arm-none-eabi/lib/thumb/v7e-m/libg_nano.a(lib_a-nano-reallocr.o) (_malloc_usable_size_r)

Allocating common symbols
Common symbol       size              file

errno               0x4               /tmp/ccgWIGAt.ltrans0.ltrans.o

Discarded input sections

 .text          0x0000000000000000        0x0 ./system/src/newlib/_cxx.o (symbol from plugin)
 .text          0x0000000000000000        0x0 /tmp/ccgWIGAt.ltrans0.ltrans.o
 .data          0x0000000000000000        0x0 /tmp/ccgWIGAt.ltrans0.ltrans.o
 .bss           0x0000000000000000        0x0 /tmp/ccgWIGAt.ltrans0.ltrans.o
 .text.get_errno
                0x0000000000000000       0x12 /tmp/ccgWIGAt.ltrans0.ltrans.o
 .text.trace_puts
                0x0000000000000000       0x20 /tmp/ccgWIGAt.ltrans0.ltrans.o
 .text.error    0x0000000000000000       0x14 /tmp/ccgWIGAt.ltrans0.ltrans.o
 .text.checkerror
                0x0000000000000000       0x10 /tmp/ccgWIGAt.ltrans0.ltrans.o
 .text._swiclose
                0x0000000000000000       0x1e /tmp/ccgWIGAt.ltrans0.ltrans.o
 .text._swiwrite
                0x0000000000000000       0x20 /tmp/ccgWIGAt.ltrans0.ltrans.o
 .text._swiread
                0x0000000000000000       0x20 /tmp/ccgWIGAt.ltrans0.ltrans.o
 .text.findslot
                0x0000000000000000       0x3c /tmp/ccgWIGAt.ltrans0.ltrans.o
 .text._swilseek
                0x0000000000000000       0xb6 /tmp/ccgWIGAt.ltrans0.ltrans.o
 .text._close   0x0000000000000000       0x4c /tmp/ccgWIGAt.ltrans0.ltrans.o
 .text._write   0x0000000000000000       0x46 /tmp/ccgWIGAt.ltrans0.ltrans.o
 .text._lseek   0x0000000000000000        0x8 /tmp/ccgWIGAt.ltrans0.ltrans.o
 .text._read    0x0000000000000000       0x36 /tmp/ccgWIGAt.ltrans0.ltrans.o
 .text._exit    0x0000000000000000       0x20 /tmp/ccgWIGAt.ltrans0.ltrans.o
 .text.abort    0x0000000000000000       0x14 /tmp/ccgWIGAt.ltrans0.ltrans.o
 .rodata.abort.str1.4
                0x0000000000000000       0x14 /tmp/ccgWIGAt.ltrans0.ltrans.o
 .rodata.trace_puts.str1.4
                0x0000000000000000        0x2 /tmp/ccgWIGAt.ltrans0.ltrans.o
 .text          0x0000000000000000        0x0 ./system/src/newlib/_exit.o (symbol from plugin)
 .text          0x0000000000000000        0x0 ./system/src/newlib/_sbrk.o (symbol from plugin)
 .text          0x0000000000000000        0x0 ./system/src/newlib/_startup.o (symbol from plugin)
 .text          0x0000000000000000        0x0 ./system/src/newlib/_syscalls.o (symbol from plugin)
 .text          0x0000000000000000        0x0 ./system/src/newlib/assert.o (symbol from plugin)
 .text          0x0000000000000000        0x0 ./system/src/diag/Trace.o (symbol from plugin)
 .text          0x0000000000000000        0x0 ./system/src/diag/trace_impl.o (symbol from plugin)
 .text          0x0000000000000000        0x0 ./system/src/cortexm/_initialize_hardware.o (symbol from plugin)
 .text          0x0000000000000000        0x0 ./system/src/cortexm/_reset_hardware.o (symbol from plugin)
 .text          0x0000000000000000        0x0 ./system/src/cortexm/exception_handlers.o (symbol from plugin)
 .text          0x0000000000000000        0x0 ./system/src/cmsis/system_stm32f4xx.o (symbol from plugin)
 .text          0x0000000000000000        0x0 ./system/src/cmsis/vectors_stm32f407xx.o (symbol from plugin)
 .text          0x0000000000000000        0x0 ./src/_write.o (symbol from plugin)
 .text          0x0000000000000000        0x0 ./src/hal.o (symbol from plugin)
 .text          0x0000000000000000        0x0 ./src/main.o (symbol from plugin)
 .data          0x0000000000000000        0x0 /usr/lib/gcc/arm-none-eabi/7.1.0/../../../../arm-none-eabi/lib/thumb/v7e-m/libg_nano.a(lib_a-errno.o)
 .bss           0x0000000000000000        0x0 /usr/lib/gcc/arm-none-eabi/7.1.0/../../../../arm-none-eabi/lib/thumb/v7e-m/libg_nano.a(lib_a-errno.o)
 .text          0x0000000000000000      0x210 /usr/lib/gcc/arm-none-eabi/7.1.0/../../../../arm-none-eabi/lib/thumb/v7e-m/libg_nano.a(lib_a-findfp.o)
 .data          0x0000000000000000        0x0 /usr/lib/gcc/arm-none-eabi/7.1.0/../../../../arm-none-eabi/lib/thumb/v7e-m/libg_nano.a(lib_a-findfp.o)
 .bss           0x0000000000000000        0x0 /usr/lib/gcc/arm-none-eabi/7.1.0/../../../../arm-none-eabi/lib/thumb/v7e-m/libg_nano.a(lib_a-findfp.o)
 .text          0x0000000000000000       0xa0 /usr/lib/gcc/arm-none-eabi/7.1.0/../../../../arm-none-eabi/lib/thumb/v7e-m/libg_nano.a(lib_a-fwalk.o)
 .data          0x0000000000000000        0x0 /usr/lib/gcc/arm-none-eabi/7.1.0/../../../../arm-none-eabi/lib/thumb/v7e-m/libg_nano.a(lib_a-fwalk.o)
 .bss           0x0000000000000000        0x0 /usr/lib/gcc/arm-none-eabi/7.1.0/../../../../arm-none-eabi/lib/thumb/v7e-m/libg_nano.a(lib_a-fwalk.o)
 .debug_info    0x0000000000000000      0xbce /usr/lib/gcc/arm-none-eabi/7.1.0/../../../../arm-none-eabi/lib/thumb/v7e-m/libg_nano.a(lib_a-fwalk.o)
 .debug_abbrev  0x0000000000000000      0x1df /usr/lib/gcc/arm-none-eabi/7.1.0/../../../../arm-none-eabi/lib/thumb/v7e-m/libg_nano.a(lib_a-fwalk.o)
 .debug_loc     0x0000000000000000      0x233 /usr/lib/gcc/arm-none-eabi/7.1.0/../../../../arm-none-eabi/lib/thumb/v7e-m/libg_nano.a(lib_a-fwalk.o)
 .debug_aranges
                0x0000000000000000       0x20 /usr/lib/gcc/arm-none-eabi/7.1.0/../../../../arm-none-eabi/lib/thumb/v7e-m/libg_nano.a(lib_a-fwalk.o)
 .debug_line    0x0000000000000000      0x1ac /usr/lib/gcc/arm-none-eabi/7.1.0/../../../../arm-none-eabi/lib/thumb/v7e-m/libg_nano.a(lib_a-fwalk.o)
 .debug_str     0x0000000000000000      0x70f /usr/lib/gcc/arm-none-eabi/7.1.0/../../../../arm-none-eabi/lib/thumb/v7e-m/libg_nano.a(lib_a-fwalk.o)
 .comment       0x0000000000000000       0x22 /usr/lib/gcc/arm-none-eabi/7.1.0/../../../../arm-none-eabi/lib/thumb/v7e-m/libg_nano.a(lib_a-fwalk.o)
 .debug_frame   0x0000000000000000       0x54 /usr/lib/gcc/arm-none-eabi/7.1.0/../../../../arm-none-eabi/lib/thumb/v7e-m/libg_nano.a(lib_a-fwalk.o)
 .ARM.attributes
                0x0000000000000000       0x2e /usr/lib/gcc/arm-none-eabi/7.1.0/../../../../arm-none-eabi/lib/thumb/v7e-m/libg_nano.a(lib_a-fwalk.o)
 .text          0x0000000000000000        0x0 /usr/lib/gcc/arm-none-eabi/7.1.0/../../../../arm-none-eabi/lib/thumb/v7e-m/libg_nano.a(lib_a-impure.o)
 .bss           0x0000000000000000        0x0 /usr/lib/gcc/arm-none-eabi/7.1.0/../../../../arm-none-eabi/lib/thumb/v7e-m/libg_nano.a(lib_a-impure.o)
 .rodata        0x0000000000000000        0x4 /usr/lib/gcc/arm-none-eabi/7.1.0/../../../../arm-none-eabi/lib/thumb/v7e-m/libg_nano.a(lib_a-impure.o)
 .bss           0x0000000000000000        0x4 /usr/lib/gcc/arm-none-eabi/7.1.0/../../../../arm-none-eabi/lib/thumb/v7e-m/libg_nano.a(lib_a-locale.o)
 .data          0x0000000000000000        0x0 /usr/lib/gcc/arm-none-eabi/7.1.0/../../../../arm-none-eabi/lib/thumb/v7e-m/libg_nano.a(lib_a-mbtowc_r.o)
 .bss           0x0000000000000000        0x0 /usr/lib/gcc/arm-none-eabi/7.1.0/../../../../arm-none-eabi/lib/thumb/v7e-m/libg_nano.a(lib_a-mbtowc_r.o)
 .text          0x0000000000000000       0x94 /usr/lib/gcc/arm-none-eabi/7.1.0/../../../../arm-none-eabi/lib/thumb/v7e-m/libg_nano.a(lib_a-memset.o)
 .data          0x0000000000000000        0x0 /usr/lib/gcc/arm-none-eabi/7.1.0/../../../../arm-none-eabi/lib/thumb/v7e-m/libg_nano.a(lib_a-memset.o)
 .bss           0x0000000000000000        0x0 /usr/lib/gcc/arm-none-eabi/7.1.0/../../../../arm-none-eabi/lib/thumb/v7e-m/libg_nano.a(lib_a-memset.o)
 .debug_info    0x0000000000000000      0xe1d /usr/lib/gcc/arm-none-eabi/7.1.0/../../../../arm-none-eabi/lib/thumb/v7e-m/libg_nano.a(lib_a-memset.o)
 .debug_abbrev  0x0000000000000000      0x1a8 /usr/lib/gcc/arm-none-eabi/7.1.0/../../../../arm-none-eabi/lib/thumb/v7e-m/libg_nano.a(lib_a-memset.o)
 .debug_loc     0x0000000000000000      0x175 /usr/lib/gcc/arm-none-eabi/7.1.0/../../../../arm-none-eabi/lib/thumb/v7e-m/libg_nano.a(lib_a-memset.o)
 .debug_aranges
                0x0000000000000000       0x20 /usr/lib/gcc/arm-none-eabi/7.1.0/../../../../arm-none-eabi/lib/thumb/v7e-m/libg_nano.a(lib_a-memset.o)
 .debug_line    0x0000000000000000      0x1d2 /usr/lib/gcc/arm-none-eabi/7.1.0/../../../../arm-none-eabi/lib/thumb/v7e-m/libg_nano.a(lib_a-memset.o)
 .debug_str     0x0000000000000000      0x8c6 /usr/lib/gcc/arm-none-eabi/7.1.0/../../../../arm-none-eabi/lib/thumb/v7e-m/libg_nano.a(lib_a-memset.o)
 .comment       0x0000000000000000       0x22 /usr/lib/gcc/arm-none-eabi/7.1.0/../../../../arm-none-eabi/lib/thumb/v7e-m/libg_nano.a(lib_a-memset.o)
 .debug_frame   0x0000000000000000       0x38 /usr/lib/gcc/arm-none-eabi/7.1.0/../../../../arm-none-eabi/lib/thumb/v7e-m/libg_nano.a(lib_a-memset.o)
 .ARM.attributes
                0x0000000000000000       0x2e /usr/lib/gcc/arm-none-eabi/7.1.0/../../../../arm-none-eabi/lib/thumb/v7e-m/libg_nano.a(lib_a-memset.o)
 .data          0x0000000000000000        0x0 /usr/lib/gcc/arm-none-eabi/7.1.0/../../../../arm-none-eabi/lib/thumb/v7e-m/libg_nano.a(lib_a-nano-mallocr.o)
 .data          0x0000000000000000        0x0 /usr/lib/gcc/arm-none-eabi/7.1.0/../../../../arm-none-eabi/lib/thumb/v7e-m/libg_nano.a(lib_a-sbrkr.o)
 .bss           0x0000000000000000        0x0 /usr/lib/gcc/arm-none-eabi/7.1.0/../../../../arm-none-eabi/lib/thumb/v7e-m/libg_nano.a(lib_a-sbrkr.o)
 .text          0x0000000000000000       0x8c /usr/lib/gcc/arm-none-eabi/7.1.0/../../../../arm-none-eabi/lib/thumb/v7e-m/libg_nano.a(lib_a-stdio.o)
 .data          0x0000000000000000        0x0 /usr/lib/gcc/arm-none-eabi/7.1.0/../../../../arm-none-eabi/lib/thumb/v7e-m/libg_nano.a(lib_a-stdio.o)
 .bss           0x0000000000000000        0x0 /usr/lib/gcc/arm-none-eabi/7.1.0/../../../../arm-none-eabi/lib/thumb/v7e-m/libg_nano.a(lib_a-stdio.o)
 .debug_info    0x0000000000000000      0xd58 /usr/lib/gcc/arm-none-eabi/7.1.0/../../../../arm-none-eabi/lib/thumb/v7e-m/libg_nano.a(lib_a-stdio.o)
 .debug_abbrev  0x0000000000000000      0x242 /usr/lib/gcc/arm-none-eabi/7.1.0/../../../../arm-none-eabi/lib/thumb/v7e-m/libg_nano.a(lib_a-stdio.o)
 .debug_loc     0x0000000000000000      0x2bf /usr/lib/gcc/arm-none-eabi/7.1.0/../../../../arm-none-eabi/lib/thumb/v7e-m/libg_nano.a(lib_a-stdio.o)
 .debug_aranges
                0x0000000000000000       0x20 /usr/lib/gcc/arm-none-eabi/7.1.0/../../../../arm-none-eabi/lib/thumb/v7e-m/libg_nano.a(lib_a-stdio.o)
 .debug_line    0x0000000000000000      0x1a3 /usr/lib/gcc/arm-none-eabi/7.1.0/../../../../arm-none-eabi/lib/thumb/v7e-m/libg_nano.a(lib_a-stdio.o)
 .debug_str     0x0000000000000000      0x763 /usr/lib/gcc/arm-none-eabi/7.1.0/../../../../arm-none-eabi/lib/thumb/v7e-m/libg_nano.a(lib_a-stdio.o)
 .comment       0x0000000000000000       0x22 /usr/lib/gcc/arm-none-eabi/7.1.0/../../../../arm-none-eabi/lib/thumb/v7e-m/libg_nano.a(lib_a-stdio.o)
 .debug_frame   0x0000000000000000       0x88 /usr/lib/gcc/arm-none-eabi/7.1.0/../../../../arm-none-eabi/lib/thumb/v7e-m/libg_nano.a(lib_a-stdio.o)
 .ARM.attributes
                0x0000000000000000       0x2e /usr/lib/gcc/arm-none-eabi/7.1.0/../../../../arm-none-eabi/lib/thumb/v7e-m/libg_nano.a(lib_a-stdio.o)
 .data          0x0000000000000000        0x0 /usr/lib/gcc/arm-none-eabi/7.1.0/../../../../arm-none-eabi/lib/thumb/v7e-m/libg_nano.a(lib_a-strcmp.o)
 .bss           0x0000000000000000        0x0 /usr/lib/gcc/arm-none-eabi/7.1.0/../../../../arm-none-eabi/lib/thumb/v7e-m/libg_nano.a(lib_a-strcmp.o)
 .data          0x0000000000000000        0x0 /usr/lib/gcc/arm-none-eabi/7.1.0/../../../../arm-none-eabi/lib/thumb/v7e-m/libg_nano.a(lib_a-wctomb_r.o)
 .bss           0x0000000000000000        0x0 /usr/lib/gcc/arm-none-eabi/7.1.0/../../../../arm-none-eabi/lib/thumb/v7e-m/libg_nano.a(lib_a-wctomb_r.o)
 .text          0x0000000000000000       0x2c /usr/lib/gcc/arm-none-eabi/7.1.0/../../../../arm-none-eabi/lib/thumb/v7e-m/libg_nano.a(lib_a-writer.o)
 .data          0x0000000000000000        0x0 /usr/lib/gcc/arm-none-eabi/7.1.0/../../../../arm-none-eabi/lib/thumb/v7e-m/libg_nano.a(lib_a-writer.o)
 .bss           0x0000000000000000        0x0 /usr/lib/gcc/arm-none-eabi/7.1.0/../../../../arm-none-eabi/lib/thumb/v7e-m/libg_nano.a(lib_a-writer.o)
 .debug_info    0x0000000000000000      0x997 /usr/lib/gcc/arm-none-eabi/7.1.0/../../../../arm-none-eabi/lib/thumb/v7e-m/libg_nano.a(lib_a-writer.o)
 .debug_abbrev  0x0000000000000000      0x1df /usr/lib/gcc/arm-none-eabi/7.1.0/../../../../arm-none-eabi/lib/thumb/v7e-m/libg_nano.a(lib_a-writer.o)
 .debug_loc     0x0000000000000000       0xb0 /usr/lib/gcc/arm-none-eabi/7.1.0/../../../../arm-none-eabi/lib/thumb/v7e-m/libg_nano.a(lib_a-writer.o)
 .debug_aranges
                0x0000000000000000       0x20 /usr/lib/gcc/arm-none-eabi/7.1.0/../../../../arm-none-eabi/lib/thumb/v7e-m/libg_nano.a(lib_a-writer.o)
 .debug_ranges  0x0000000000000000       0x28 /usr/lib/gcc/arm-none-eabi/7.1.0/../../../../arm-none-eabi/lib/thumb/v7e-m/libg_nano.a(lib_a-writer.o)
 .debug_line    0x0000000000000000      0x14d /usr/lib/gcc/arm-none-eabi/7.1.0/../../../../arm-none-eabi/lib/thumb/v7e-m/libg_nano.a(lib_a-writer.o)
 .debug_str     0x0000000000000000      0x5d9 /usr/lib/gcc/arm-none-eabi/7.1.0/../../../../arm-none-eabi/lib/thumb/v7e-m/libg_nano.a(lib_a-writer.o)
 .comment       0x0000000000000000       0x22 /usr/lib/gcc/arm-none-eabi/7.1.0/../../../../arm-none-eabi/lib/thumb/v7e-m/libg_nano.a(lib_a-writer.o)
 .debug_frame   0x0000000000000000       0x2c /usr/lib/gcc/arm-none-eabi/7.1.0/../../../../arm-none-eabi/lib/thumb/v7e-m/libg_nano.a(lib_a-writer.o)
 .ARM.attributes
                0x0000000000000000       0x2e /usr/lib/gcc/arm-none-eabi/7.1.0/../../../../arm-none-eabi/lib/thumb/v7e-m/libg_nano.a(lib_a-writer.o)
 .text          0x0000000000000000       0x24 /usr/lib/gcc/arm-none-eabi/7.1.0/../../../../arm-none-eabi/lib/thumb/v7e-m/libg_nano.a(lib_a-closer.o)
 .data          0x0000000000000000        0x0 /usr/lib/gcc/arm-none-eabi/7.1.0/../../../../arm-none-eabi/lib/thumb/v7e-m/libg_nano.a(lib_a-closer.o)
 .bss           0x0000000000000000        0x0 /usr/lib/gcc/arm-none-eabi/7.1.0/../../../../arm-none-eabi/lib/thumb/v7e-m/libg_nano.a(lib_a-closer.o)
 .debug_info    0x0000000000000000      0x94f /usr/lib/gcc/arm-none-eabi/7.1.0/../../../../arm-none-eabi/lib/thumb/v7e-m/libg_nano.a(lib_a-closer.o)
 .debug_abbrev  0x0000000000000000      0x1da /usr/lib/gcc/arm-none-eabi/7.1.0/../../../../arm-none-eabi/lib/thumb/v7e-m/libg_nano.a(lib_a-closer.o)
 .debug_loc     0x0000000000000000       0x4d /usr/lib/gcc/arm-none-eabi/7.1.0/../../../../arm-none-eabi/lib/thumb/v7e-m/libg_nano.a(lib_a-closer.o)
 .debug_aranges
                0x0000000000000000       0x20 /usr/lib/gcc/arm-none-eabi/7.1.0/../../../../arm-none-eabi/lib/thumb/v7e-m/libg_nano.a(lib_a-closer.o)
 .debug_ranges  0x0000000000000000       0x20 /usr/lib/gcc/arm-none-eabi/7.1.0/../../../../arm-none-eabi/lib/thumb/v7e-m/libg_nano.a(lib_a-closer.o)
 .debug_line    0x0000000000000000      0x14b /usr/lib/gcc/arm-none-eabi/7.1.0/../../../../arm-none-eabi/lib/thumb/v7e-m/libg_nano.a(lib_a-closer.o)
 .debug_str     0x0000000000000000      0x5c9 /usr/lib/gcc/arm-none-eabi/7.1.0/../../../../arm-none-eabi/lib/thumb/v7e-m/libg_nano.a(lib_a-closer.o)
 .comment       0x0000000000000000       0x22 /usr/lib/gcc/arm-none-eabi/7.1.0/../../../../arm-none-eabi/lib/thumb/v7e-m/libg_nano.a(lib_a-closer.o)
 .debug_frame   0x0000000000000000       0x2c /usr/lib/gcc/arm-none-eabi/7.1.0/../../../../arm-none-eabi/lib/thumb/v7e-m/libg_nano.a(lib_a-closer.o)
 .ARM.attributes
                0x0000000000000000       0x2e /usr/lib/gcc/arm-none-eabi/7.1.0/../../../../arm-none-eabi/lib/thumb/v7e-m/libg_nano.a(lib_a-closer.o)
 .text          0x0000000000000000        0x0 /usr/lib/gcc/arm-none-eabi/7.1.0/../../../../arm-none-eabi/lib/thumb/v7e-m/libg_nano.a(lib_a-ctype_.o)
 .data          0x0000000000000000        0x0 /usr/lib/gcc/arm-none-eabi/7.1.0/../../../../arm-none-eabi/lib/thumb/v7e-m/libg_nano.a(lib_a-ctype_.o)
 .bss           0x0000000000000000        0x0 /usr/lib/gcc/arm-none-eabi/7.1.0/../../../../arm-none-eabi/lib/thumb/v7e-m/libg_nano.a(lib_a-ctype_.o)
 .text          0x0000000000000000      0x1bc /usr/lib/gcc/arm-none-eabi/7.1.0/../../../../arm-none-eabi/lib/thumb/v7e-m/libg_nano.a(lib_a-fflush.o)
 .data          0x0000000000000000        0x0 /usr/lib/gcc/arm-none-eabi/7.1.0/../../../../arm-none-eabi/lib/thumb/v7e-m/libg_nano.a(lib_a-fflush.o)
 .bss           0x0000000000000000        0x0 /usr/lib/gcc/arm-none-eabi/7.1.0/../../../../arm-none-eabi/lib/thumb/v7e-m/libg_nano.a(lib_a-fflush.o)
 .debug_info    0x0000000000000000      0xc94 /usr/lib/gcc/arm-none-eabi/7.1.0/../../../../arm-none-eabi/lib/thumb/v7e-m/libg_nano.a(lib_a-fflush.o)
 .debug_abbrev  0x0000000000000000      0x2a1 /usr/lib/gcc/arm-none-eabi/7.1.0/../../../../arm-none-eabi/lib/thumb/v7e-m/libg_nano.a(lib_a-fflush.o)
 .debug_loc     0x0000000000000000      0x384 /usr/lib/gcc/arm-none-eabi/7.1.0/../../../../arm-none-eabi/lib/thumb/v7e-m/libg_nano.a(lib_a-fflush.o)
 .debug_aranges
                0x0000000000000000       0x20 /usr/lib/gcc/arm-none-eabi/7.1.0/../../../../arm-none-eabi/lib/thumb/v7e-m/libg_nano.a(lib_a-fflush.o)
 .debug_ranges  0x0000000000000000       0x50 /usr/lib/gcc/arm-none-eabi/7.1.0/../../../../arm-none-eabi/lib/thumb/v7e-m/libg_nano.a(lib_a-fflush.o)
 .debug_line    0x0000000000000000      0x23d /usr/lib/gcc/arm-none-eabi/7.1.0/../../../../arm-none-eabi/lib/thumb/v7e-m/libg_nano.a(lib_a-fflush.o)
 .debug_str     0x0000000000000000      0x74b /usr/lib/gcc/arm-none-eabi/7.1.0/../../../../arm-none-eabi/lib/thumb/v7e-m/libg_nano.a(lib_a-fflush.o)
 .comment       0x0000000000000000       0x22 /usr/lib/gcc/arm-none-eabi/7.1.0/../../../../arm-none-eabi/lib/thumb/v7e-m/libg_nano.a(lib_a-fflush.o)
 .debug_frame   0x0000000000000000       0x70 /usr/lib/gcc/arm-none-eabi/7.1.0/../../../../arm-none-eabi/lib/thumb/v7e-m/libg_nano.a(lib_a-fflush.o)
 .ARM.attributes
                0x0000000000000000       0x2e /usr/lib/gcc/arm-none-eabi/7.1.0/../../../../arm-none-eabi/lib/thumb/v7e-m/libg_nano.a(lib_a-fflush.o)
 .text          0x0000000000000000       0x2c /usr/lib/gcc/arm-none-eabi/7.1.0/../../../../arm-none-eabi/lib/thumb/v7e-m/libg_nano.a(lib_a-lseekr.o)
 .data          0x0000000000000000        0x0 /usr/lib/gcc/arm-none-eabi/7.1.0/../../../../arm-none-eabi/lib/thumb/v7e-m/libg_nano.a(lib_a-lseekr.o)
 .bss           0x0000000000000000        0x0 /usr/lib/gcc/arm-none-eabi/7.1.0/../../../../arm-none-eabi/lib/thumb/v7e-m/libg_nano.a(lib_a-lseekr.o)
 .debug_info    0x0000000000000000      0x97a /usr/lib/gcc/arm-none-eabi/7.1.0/../../../../arm-none-eabi/lib/thumb/v7e-m/libg_nano.a(lib_a-lseekr.o)
 .debug_abbrev  0x0000000000000000      0x1e9 /usr/lib/gcc/arm-none-eabi/7.1.0/../../../../arm-none-eabi/lib/thumb/v7e-m/libg_nano.a(lib_a-lseekr.o)
 .debug_loc     0x0000000000000000       0xb0 /usr/lib/gcc/arm-none-eabi/7.1.0/../../../../arm-none-eabi/lib/thumb/v7e-m/libg_nano.a(lib_a-lseekr.o)
 .debug_aranges
                0x0000000000000000       0x20 /usr/lib/gcc/arm-none-eabi/7.1.0/../../../../arm-none-eabi/lib/thumb/v7e-m/libg_nano.a(lib_a-lseekr.o)
 .debug_ranges  0x0000000000000000       0x28 /usr/lib/gcc/arm-none-eabi/7.1.0/../../../../arm-none-eabi/lib/thumb/v7e-m/libg_nano.a(lib_a-lseekr.o)
 .debug_line    0x0000000000000000      0x14d /usr/lib/gcc/arm-none-eabi/7.1.0/../../../../arm-none-eabi/lib/thumb/v7e-m/libg_nano.a(lib_a-lseekr.o)
 .debug_str     0x0000000000000000      0x5d7 /usr/lib/gcc/arm-none-eabi/7.1.0/../../../../arm-none-eabi/lib/thumb/v7e-m/libg_nano.a(lib_a-lseekr.o)
 .comment       0x0000000000000000       0x22 /usr/lib/gcc/arm-none-eabi/7.1.0/../../../../arm-none-eabi/lib/thumb/v7e-m/libg_nano.a(lib_a-lseekr.o)
 .debug_frame   0x0000000000000000       0x2c /usr/lib/gcc/arm-none-eabi/7.1.0/../../../../arm-none-eabi/lib/thumb/v7e-m/libg_nano.a(lib_a-lseekr.o)
 .ARM.attributes
                0x0000000000000000       0x2e /usr/lib/gcc/arm-none-eabi/7.1.0/../../../../arm-none-eabi/lib/thumb/v7e-m/libg_nano.a(lib_a-lseekr.o)
 .data          0x0000000000000000        0x0 /usr/lib/gcc/arm-none-eabi/7.1.0/../../../../arm-none-eabi/lib/thumb/v7e-m/libg_nano.a(lib_a-mlock.o)
 .bss           0x0000000000000000        0x0 /usr/lib/gcc/arm-none-eabi/7.1.0/../../../../arm-none-eabi/lib/thumb/v7e-m/libg_nano.a(lib_a-mlock.o)
 .data          0x0000000000000000        0x0 /usr/lib/gcc/arm-none-eabi/7.1.0/../../../../arm-none-eabi/lib/thumb/v7e-m/libg_nano.a(lib_a-nano-freer.o)
 .bss           0x0000000000000000        0x0 /usr/lib/gcc/arm-none-eabi/7.1.0/../../../../arm-none-eabi/lib/thumb/v7e-m/libg_nano.a(lib_a-nano-freer.o)
 .text          0x0000000000000000       0x2c /usr/lib/gcc/arm-none-eabi/7.1.0/../../../../arm-none-eabi/lib/thumb/v7e-m/libg_nano.a(lib_a-readr.o)
 .data          0x0000000000000000        0x0 /usr/lib/gcc/arm-none-eabi/7.1.0/../../../../arm-none-eabi/lib/thumb/v7e-m/libg_nano.a(lib_a-readr.o)
 .bss           0x0000000000000000        0x0 /usr/lib/gcc/arm-none-eabi/7.1.0/../../../../arm-none-eabi/lib/thumb/v7e-m/libg_nano.a(lib_a-readr.o)
 .debug_info    0x0000000000000000      0x990 /usr/lib/gcc/arm-none-eabi/7.1.0/../../../../arm-none-eabi/lib/thumb/v7e-m/libg_nano.a(lib_a-readr.o)
 .debug_abbrev  0x0000000000000000      0x1da /usr/lib/gcc/arm-none-eabi/7.1.0/../../../../arm-none-eabi/lib/thumb/v7e-m/libg_nano.a(lib_a-readr.o)
 .debug_loc     0x0000000000000000       0xb0 /usr/lib/gcc/arm-none-eabi/7.1.0/../../../../arm-none-eabi/lib/thumb/v7e-m/libg_nano.a(lib_a-readr.o)
 .debug_aranges
                0x0000000000000000       0x20 /usr/lib/gcc/arm-none-eabi/7.1.0/../../../../arm-none-eabi/lib/thumb/v7e-m/libg_nano.a(lib_a-readr.o)
 .debug_ranges  0x0000000000000000       0x28 /usr/lib/gcc/arm-none-eabi/7.1.0/../../../../arm-none-eabi/lib/thumb/v7e-m/libg_nano.a(lib_a-readr.o)
 .debug_line    0x0000000000000000      0x14c /usr/lib/gcc/arm-none-eabi/7.1.0/../../../../arm-none-eabi/lib/thumb/v7e-m/libg_nano.a(lib_a-readr.o)
 .debug_str     0x0000000000000000      0x5d7 /usr/lib/gcc/arm-none-eabi/7.1.0/../../../../arm-none-eabi/lib/thumb/v7e-m/libg_nano.a(lib_a-readr.o)
 .comment       0x0000000000000000       0x22 /usr/lib/gcc/arm-none-eabi/7.1.0/../../../../arm-none-eabi/lib/thumb/v7e-m/libg_nano.a(lib_a-readr.o)
 .debug_frame   0x0000000000000000       0x2c /usr/lib/gcc/arm-none-eabi/7.1.0/../../../../arm-none-eabi/lib/thumb/v7e-m/libg_nano.a(lib_a-readr.o)
 .ARM.attributes
                0x0000000000000000       0x2e /usr/lib/gcc/arm-none-eabi/7.1.0/../../../../arm-none-eabi/lib/thumb/v7e-m/libg_nano.a(lib_a-readr.o)
 .data          0x0000000000000000        0x0 /usr/lib/gcc/arm-none-eabi/7.1.0/../../../../arm-none-eabi/lib/thumb/v7e-m/libm.a(lib_a-s_floor.o)
 .bss           0x0000000000000000        0x0 /usr/lib/gcc/arm-none-eabi/7.1.0/../../../../arm-none-eabi/lib/thumb/v7e-m/libm.a(lib_a-s_floor.o)
 .data          0x0000000000000000        0x0 /usr/lib/gcc/arm-none-eabi/7.1.0/thumb/v7e-m/libgcc.a(_arm_addsubdf3.o)
 .bss           0x0000000000000000        0x0 /usr/lib/gcc/arm-none-eabi/7.1.0/thumb/v7e-m/libgcc.a(_arm_addsubdf3.o)
 .data          0x0000000000000000        0x0 /usr/lib/gcc/arm-none-eabi/7.1.0/thumb/v7e-m/libgcc.a(_arm_cmpdf2.o)
 .bss           0x0000000000000000        0x0 /usr/lib/gcc/arm-none-eabi/7.1.0/thumb/v7e-m/libgcc.a(_arm_cmpdf2.o)
 .data          0x0000000000000000        0x0 /usr/lib/gcc/arm-none-eabi/7.1.0/thumb/v7e-m/libgcc.a(_arm_fixunsdfsi.o)
 .bss           0x0000000000000000        0x0 /usr/lib/gcc/arm-none-eabi/7.1.0/thumb/v7e-m/libgcc.a(_arm_fixunsdfsi.o)
 .data          0x0000000000000000        0x0 /usr/lib/gcc/arm-none-eabi/7.1.0/thumb/v7e-m/libgcc.a(_arm_truncdfsf2.o)
 .bss           0x0000000000000000        0x0 /usr/lib/gcc/arm-none-eabi/7.1.0/thumb/v7e-m/libgcc.a(_arm_truncdfsf2.o)
 .data          0x0000000000000000        0x0 /usr/lib/gcc/arm-none-eabi/7.1.0/thumb/v7e-m/libgcc.a(_arm_addsubsf3.o)
 .bss           0x0000000000000000        0x0 /usr/lib/gcc/arm-none-eabi/7.1.0/thumb/v7e-m/libgcc.a(_arm_addsubsf3.o)
 .data          0x0000000000000000        0x0 /usr/lib/gcc/arm-none-eabi/7.1.0/thumb/v7e-m/libgcc.a(_arm_muldivsf3.o)
 .bss           0x0000000000000000        0x0 /usr/lib/gcc/arm-none-eabi/7.1.0/thumb/v7e-m/libgcc.a(_arm_muldivsf3.o)
 .data          0x0000000000000000        0x0 /usr/lib/gcc/arm-none-eabi/7.1.0/thumb/v7e-m/libgcc.a(_arm_cmpsf2.o)
 .bss           0x0000000000000000        0x0 /usr/lib/gcc/arm-none-eabi/7.1.0/thumb/v7e-m/libgcc.a(_arm_cmpsf2.o)
 .text          0x0000000000000000       0xdc /usr/lib/gcc/arm-none-eabi/7.1.0/../../../../arm-none-eabi/lib/thumb/v7e-m/libg_nano.a(lib_a-strlen.o)
 .data          0x0000000000000000        0x0 /usr/lib/gcc/arm-none-eabi/7.1.0/../../../../arm-none-eabi/lib/thumb/v7e-m/libg_nano.a(lib_a-strlen.o)
 .bss           0x0000000000000000        0x0 /usr/lib/gcc/arm-none-eabi/7.1.0/../../../../arm-none-eabi/lib/thumb/v7e-m/libg_nano.a(lib_a-strlen.o)
 .debug_line    0x0000000000000000       0xac /usr/lib/gcc/arm-none-eabi/7.1.0/../../../../arm-none-eabi/lib/thumb/v7e-m/libg_nano.a(lib_a-strlen.o)
 .debug_info    0x0000000000000000       0xc5 /usr/lib/gcc/arm-none-eabi/7.1.0/../../../../arm-none-eabi/lib/thumb/v7e-m/libg_nano.a(lib_a-strlen.o)
 .debug_abbrev  0x0000000000000000       0x14 /usr/lib/gcc/arm-none-eabi/7.1.0/../../../../arm-none-eabi/lib/thumb/v7e-m/libg_nano.a(lib_a-strlen.o)
 .debug_aranges
                0x0000000000000000       0x20 /usr/lib/gcc/arm-none-eabi/7.1.0/../../../../arm-none-eabi/lib/thumb/v7e-m/libg_nano.a(lib_a-strlen.o)
 .ARM.attributes
                0x0000000000000000       0x1c /usr/lib/gcc/arm-none-eabi/7.1.0/../../../../arm-none-eabi/lib/thumb/v7e-m/libg_nano.a(lib_a-strlen.o)
 .data          0x0000000000000000        0x0 /usr/lib/gcc/arm-none-eabi/7.1.0/../../../../arm-none-eabi/lib/thumb/v7e-m/libg_nano.a(lib_a-vsnprintf.o)
 .bss           0x0000000000000000        0x0 /usr/lib/gcc/arm-none-eabi/7.1.0/../../../../arm-none-eabi/lib/thumb/v7e-m/libg_nano.a(lib_a-vsnprintf.o)
 .data          0x0000000000000000        0x0 /usr/lib/gcc/arm-none-eabi/7.1.0/../../../../arm-none-eabi/lib/thumb/v7e-m/libg_nano.a(lib_a-nano-svfprintf.o)
 .bss           0x0000000000000000        0x0 /usr/lib/gcc/arm-none-eabi/7.1.0/../../../../arm-none-eabi/lib/thumb/v7e-m/libg_nano.a(lib_a-nano-svfprintf.o)
 .data          0x0000000000000000        0x0 /usr/lib/gcc/arm-none-eabi/7.1.0/../../../../arm-none-eabi/lib/thumb/v7e-m/libg_nano.a(lib_a-nano-vfprintf_i.o)
 .bss           0x0000000000000000        0x0 /usr/lib/gcc/arm-none-eabi/7.1.0/../../../../arm-none-eabi/lib/thumb/v7e-m/libg_nano.a(lib_a-nano-vfprintf_i.o)
 .data          0x0000000000000000        0x0 /usr/lib/gcc/arm-none-eabi/7.1.0/../../../../arm-none-eabi/lib/thumb/v7e-m/libg_nano.a(lib_a-memchr.o)
 .bss           0x0000000000000000        0x0 /usr/lib/gcc/arm-none-eabi/7.1.0/../../../../arm-none-eabi/lib/thumb/v7e-m/libg_nano.a(lib_a-memchr.o)
 .data          0x0000000000000000        0x0 /usr/lib/gcc/arm-none-eabi/7.1.0/../../../../arm-none-eabi/lib/thumb/v7e-m/libg_nano.a(lib_a-memcpy.o)
 .bss           0x0000000000000000        0x0 /usr/lib/gcc/arm-none-eabi/7.1.0/../../../../arm-none-eabi/lib/thumb/v7e-m/libg_nano.a(lib_a-memcpy.o)
 .data          0x0000000000000000        0x0 /usr/lib/gcc/arm-none-eabi/7.1.0/../../../../arm-none-eabi/lib/thumb/v7e-m/libg_nano.a(lib_a-memmove.o)
 .bss           0x0000000000000000        0x0 /usr/lib/gcc/arm-none-eabi/7.1.0/../../../../arm-none-eabi/lib/thumb/v7e-m/libg_nano.a(lib_a-memmove.o)
 .data          0x0000000000000000        0x0 /usr/lib/gcc/arm-none-eabi/7.1.0/../../../../arm-none-eabi/lib/thumb/v7e-m/libg_nano.a(lib_a-nano-reallocr.o)
 .bss           0x0000000000000000        0x0 /usr/lib/gcc/arm-none-eabi/7.1.0/../../../../arm-none-eabi/lib/thumb/v7e-m/libg_nano.a(lib_a-nano-reallocr.o)
 .data          0x0000000000000000        0x0 /usr/lib/gcc/arm-none-eabi/7.1.0/../../../../arm-none-eabi/lib/thumb/v7e-m/libg_nano.a(lib_a-nano-msizer.o)
 .bss           0x0000000000000000        0x0 /usr/lib/gcc/arm-none-eabi/7.1.0/../../../../arm-none-eabi/lib/thumb/v7e-m/libg_nano.a(lib_a-nano-msizer.o)

Memory Configuration

Name             Origin             Length             Attributes
RAM              0x0000000020000000 0x0000000000020000 xrw
CCMRAM           0x0000000010000000 0x0000000000010000 xrw
FLASH            0x0000000008000000 0x0000000000100000 xr
FLASHB1          0x0000000000000000 0x0000000000000000 xr
EXTMEMB0         0x0000000000000000 0x0000000000000000 xr
EXTMEMB1         0x0000000000000000 0x0000000000000000 xr
EXTMEMB2         0x0000000000000000 0x0000000000000000 xr
EXTMEMB3         0x0000000000000000 0x0000000000000000 xr
MEMORY_ARRAY     0x0000000020002000 0x0000000000000020 xrw
*default*        0x0000000000000000 0xffffffffffffffff

Linker script and memory map

LOAD ./system/src/newlib/_cxx.o
LOAD /tmp/ccgWIGAt.ltrans0.ltrans.o
LOAD ./system/src/newlib/_exit.o
LOAD ./system/src/newlib/_sbrk.o
LOAD ./system/src/newlib/_startup.o
LOAD ./system/src/newlib/_syscalls.o
LOAD ./system/src/newlib/assert.o
LOAD ./system/src/diag/Trace.o
LOAD ./system/src/diag/trace_impl.o
LOAD ./system/src/cortexm/_initialize_hardware.o
LOAD ./system/src/cortexm/_reset_hardware.o
LOAD ./system/src/cortexm/exception_handlers.o
LOAD ./system/src/cmsis/system_stm32f4xx.o
LOAD ./system/src/cmsis/vectors_stm32f407xx.o
LOAD ./src/_write.o
LOAD ./src/hal.o
LOAD ./src/main.o
LOAD /usr/lib/gcc/arm-none-eabi/7.1.0/../../../../arm-none-eabi/lib/thumb/v7e-m/libstdc++_nano.a
LOAD /usr/lib/gcc/arm-none-eabi/7.1.0/../../../../arm-none-eabi/lib/thumb/v7e-m/libm.a
START GROUP
LOAD /usr/lib/gcc/arm-none-eabi/7.1.0/thumb/v7e-m/libgcc.a
LOAD /usr/lib/gcc/arm-none-eabi/7.1.0/../../../../arm-none-eabi/lib/thumb/v7e-m/libg_nano.a
LOAD /usr/lib/gcc/arm-none-eabi/7.1.0/../../../../arm-none-eabi/lib/thumb/v7e-m/libc_nano.a
END GROUP
START GROUP
LOAD /usr/lib/gcc/arm-none-eabi/7.1.0/thumb/v7e-m/libgcc.a
LOAD /usr/lib/gcc/arm-none-eabi/7.1.0/../../../../arm-none-eabi/lib/thumb/v7e-m/libc_nano.a
END GROUP
                0x0000000020020000                __stack = (ORIGIN (RAM) + LENGTH (RAM))
                0x0000000020020000                _estack = __stack
                0x0000000000000400                __Main_Stack_Size = 0x400
                [!provide]                        PROVIDE (_Main_Stack_Size, __Main_Stack_Size)
                0x000000002001fc00                __Main_Stack_Limit = (__stack - __Main_Stack_Size)
                [!provide]                        PROVIDE (_Main_Stack_Limit, __Main_Stack_Limit)
                0x0000000000000100                _Minimum_Stack_Size = 0x100
                0x00000000200003c0                PROVIDE (_Heap_Begin, _end_noinit)
                0x000000002001fc00                PROVIDE (_Heap_Limit, (__stack - __Main_Stack_Size))

.isr_vector     0x0000000008000000      0x3c0
 FILL mask 0xff
                0x0000000008000000                __vectors_start = ABSOLUTE (.)
                0x0000000008000000                __vectors_start__ = ABSOLUTE (.)
 *(.isr_vector)
 .isr_vector    0x0000000008000000      0x188 /tmp/ccgWIGAt.ltrans0.ltrans.o
                0x0000000008000000                __isr_vectors
 *(.cfmconfig)
 *(.after_vectors .after_vectors.*)
 .after_vectors
                0x0000000008000188      0x238 /tmp/ccgWIGAt.ltrans0.ltrans.o
                0x00000000080001de                UsageFault_Handler_C
                0x0000000008000210                BusFault_Handler_C
                0x0000000008000244                HardFault_Handler_C
                0x00000000080002a4                _start

.inits          0x00000000080003c0       0x28
                0x00000000080003c0                __data_regions_array_start = .
                0x00000000080003c0        0x4 LONG 0x8002d54 LOADADDR (.data)
                0x00000000080003c4        0x4 LONG 0x20000000 ADDR (.data)
                0x00000000080003c8        0x4 LONG 0x200001dc (ADDR (.data) + SIZEOF (.data))
                0x00000000080003cc        0x4 LONG 0x8002d54 LOADADDR (.data_CCMRAM)
                0x00000000080003d0        0x4 LONG 0x10000000 ADDR (.data_CCMRAM)
                0x00000000080003d4        0x4 LONG 0x10000000 (ADDR (.data_CCMRAM) + SIZEOF (.data_CCMRAM))
                0x00000000080003d8                __data_regions_array_end = .
                0x00000000080003d8                __bss_regions_array_start = .
                0x00000000080003d8        0x4 LONG 0x200001dc ADDR (.bss)
                0x00000000080003dc        0x4 LONG 0x200003c0 (ADDR (.bss) + SIZEOF (.bss))
                0x00000000080003e0        0x4 LONG 0x10000000 ADDR (.bss_CCMRAM)
                0x00000000080003e4        0x4 LONG 0x10000000 (ADDR (.bss_CCMRAM) + SIZEOF (.bss_CCMRAM))
                0x00000000080003e8                __bss_regions_array_end = .
 *(.init)
 *(.fini)
                0x00000000080003e8                . = ALIGN (0x4)
                0x00000000080003e8                PROVIDE (__preinit_array_start, .)
 *(.preinit_array_sysinit .preinit_array_sysinit.*)
 *(.preinit_array_platform .preinit_array_platform.*)
 *(.preinit_array .preinit_array.*)
                0x00000000080003e8                PROVIDE (__preinit_array_end, .)
                0x00000000080003e8                . = ALIGN (0x4)
                0x00000000080003e8                PROVIDE (__init_array_start, .)
 *(SORT(.init_array.*))
 *(.init_array)
                0x00000000080003e8                PROVIDE (__init_array_end, .)
                0x00000000080003e8                . = ALIGN (0x4)
                0x00000000080003e8                PROVIDE (__fini_array_start, .)
 *(SORT(.fini_array.*))
 *(.fini_array)
                0x00000000080003e8                PROVIDE (__fini_array_end, .)

.flashtext
 *(.flashtext .flashtext.*)

.text           0x0000000008000400     0x2954
 *(.text .text.*)
 .text._Z14NextBrightnessv
                0x0000000008000400      0x128 /tmp/ccgWIGAt.ltrans0.ltrans.o
 .text._Z12SetFullClockv
                0x0000000008000528      0x130 /tmp/ccgWIGAt.ltrans0.ltrans.o
 .text._Z18InitializeHardwarev
                0x0000000008000658       0xbc /tmp/ccgWIGAt.ltrans0.ltrans.o
 .text.SystemCoreClockUpdate
                0x0000000008000714       0xa0 /tmp/ccgWIGAt.ltrans0.ltrans.o
 .text.SystemInit
                0x00000000080007b4       0x40 /tmp/ccgWIGAt.ltrans0.ltrans.o
 .text.__initialize_hardware
                0x00000000080007f4        0x8 /tmp/ccgWIGAt.ltrans0.ltrans.o
 .text.__initialize_hardware_early
                0x00000000080007fc       0x18 /tmp/ccgWIGAt.ltrans0.ltrans.o
 .text._trace_write_semihosting_debug
                0x0000000008000814       0x60 /tmp/ccgWIGAt.ltrans0.ltrans.o
 .text.trace_write
                0x0000000008000874        0x8 /tmp/ccgWIGAt.ltrans0.ltrans.o
 .text.initialise_monitor_handles
                0x000000000800087c       0xa8 /tmp/ccgWIGAt.ltrans0.ltrans.o
 .text._Z15CorrectPWMLevelfh
                0x0000000008000924       0x3c /tmp/ccgWIGAt.ltrans0.ltrans.o
 .text.main     0x0000000008000960       0x78 /tmp/ccgWIGAt.ltrans0.ltrans.o
 .text.isSemihosting
                0x00000000080009d8      0x100 /tmp/ccgWIGAt.ltrans0.ltrans.o
 .text.trace_printf
                0x0000000008000ad8       0x30 /tmp/ccgWIGAt.ltrans0.ltrans.o
 .text.dumpExceptionStack
                0x0000000008000b08       0xf4 /tmp/ccgWIGAt.ltrans0.ltrans.o
 .text.__initialize_args
                0x0000000008000bfc       0xd0 /tmp/ccgWIGAt.ltrans0.ltrans.o
 .text._sbrk    0x0000000008000ccc       0x44 /tmp/ccgWIGAt.ltrans0.ltrans.o
                0x0000000008000ccc                _sbrk
 .text          0x0000000008000d10        0xc /usr/lib/gcc/arm-none-eabi/7.1.0/../../../../arm-none-eabi/lib/thumb/v7e-m/libg_nano.a(lib_a-errno.o)
                0x0000000008000d10                __errno
 .text          0x0000000008000d1c       0x90 /usr/lib/gcc/arm-none-eabi/7.1.0/../../../../arm-none-eabi/lib/thumb/v7e-m/libg_nano.a(lib_a-locale.o)
                0x0000000008000d1c                _setlocale_r
                0x0000000008000d5c                __locale_mb_cur_max
                0x0000000008000d78                __locale_ctype_ptr_l
                0x0000000008000d80                __locale_ctype_ptr
                0x0000000008000d9c                setlocale
 .text          0x0000000008000dac       0x50 /usr/lib/gcc/arm-none-eabi/7.1.0/../../../../arm-none-eabi/lib/thumb/v7e-m/libg_nano.a(lib_a-mbtowc_r.o)
                0x0000000008000dac                _mbtowc_r
                0x0000000008000dd0                __ascii_mbtowc
 .text          0x0000000008000dfc       0xc8 /usr/lib/gcc/arm-none-eabi/7.1.0/../../../../arm-none-eabi/lib/thumb/v7e-m/libg_nano.a(lib_a-nano-mallocr.o)
                0x0000000008000dfc                _malloc_r
 .text          0x0000000008000ec4       0x24 /usr/lib/gcc/arm-none-eabi/7.1.0/../../../../arm-none-eabi/lib/thumb/v7e-m/libg_nano.a(lib_a-sbrkr.o)
                0x0000000008000ec4                _sbrk_r
 *fill*         0x0000000008000ee8       0x18 
 .text          0x0000000008000f00      0x2dc /usr/lib/gcc/arm-none-eabi/7.1.0/../../../../arm-none-eabi/lib/thumb/v7e-m/libg_nano.a(lib_a-strcmp.o)
                0x0000000008000f08                strcmp
 .text          0x00000000080011dc       0x40 /usr/lib/gcc/arm-none-eabi/7.1.0/../../../../arm-none-eabi/lib/thumb/v7e-m/libg_nano.a(lib_a-wctomb_r.o)
                0x00000000080011dc                _wctomb_r
                0x0000000008001200                __ascii_wctomb
 .text          0x000000000800121c        0x8 /usr/lib/gcc/arm-none-eabi/7.1.0/../../../../arm-none-eabi/lib/thumb/v7e-m/libg_nano.a(lib_a-mlock.o)
                0x000000000800121c                __malloc_lock
                0x0000000008001220                __malloc_unlock
 .text          0x0000000008001224       0xa8 /usr/lib/gcc/arm-none-eabi/7.1.0/../../../../arm-none-eabi/lib/thumb/v7e-m/libg_nano.a(lib_a-nano-freer.o)
                0x0000000008001224                _free_r
 *fill*         0x00000000080012cc        0x4 
 .text          0x00000000080012d0      0x108 /usr/lib/gcc/arm-none-eabi/7.1.0/../../../../arm-none-eabi/lib/thumb/v7e-m/libm.a(lib_a-s_floor.o)
                0x00000000080012d0                floor
 .text          0x00000000080013d8      0x378 /usr/lib/gcc/arm-none-eabi/7.1.0/thumb/v7e-m/libgcc.a(_arm_addsubdf3.o)
                0x00000000080013d8                __aeabi_drsub
                0x00000000080013e0                __aeabi_dsub
                0x00000000080013e0                __subdf3
                0x00000000080013e4                __adddf3
                0x00000000080013e4                __aeabi_dadd
                0x000000000800165c                __aeabi_ui2d
                0x000000000800165c                __floatunsidf
                0x000000000800167c                __floatsidf
                0x000000000800167c                __aeabi_i2d
                0x00000000080016a0                __extendsfdf2
                0x00000000080016a0                __aeabi_f2d
                0x00000000080016e4                __aeabi_ul2d
                0x00000000080016e4                __floatundidf
                0x00000000080016f4                __floatdidf
                0x00000000080016f4                __aeabi_l2d
 .text          0x0000000008001750      0x110 /usr/lib/gcc/arm-none-eabi/7.1.0/thumb/v7e-m/libgcc.a(_arm_cmpdf2.o)
                0x0000000008001750                __gtdf2
                0x0000000008001750                __gedf2
                0x0000000008001758                __ltdf2
                0x0000000008001758                __ledf2
                0x0000000008001760                __cmpdf2
                0x0000000008001760                __eqdf2
                0x0000000008001760                __nedf2
                0x00000000080017dc                __aeabi_cdrcmple
                0x00000000080017ec                __aeabi_cdcmple
                0x00000000080017ec                __aeabi_cdcmpeq
                0x00000000080017fc                __aeabi_dcmpeq
                0x0000000008001810                __aeabi_dcmplt
                0x0000000008001824                __aeabi_dcmple
                0x0000000008001838                __aeabi_dcmpge
                0x000000000800184c                __aeabi_dcmpgt
 .text          0x0000000008001860       0x40 /usr/lib/gcc/arm-none-eabi/7.1.0/thumb/v7e-m/libgcc.a(_arm_fixunsdfsi.o)
                0x0000000008001860                __fixunsdfsi
                0x0000000008001860                __aeabi_d2uiz
 .text          0x00000000080018a0       0xa0 /usr/lib/gcc/arm-none-eabi/7.1.0/thumb/v7e-m/libgcc.a(_arm_truncdfsf2.o)
                0x00000000080018a0                __aeabi_d2f
                0x00000000080018a0                __truncdfsf2
 .text          0x0000000008001940      0x21c /usr/lib/gcc/arm-none-eabi/7.1.0/thumb/v7e-m/libgcc.a(_arm_addsubsf3.o)
                0x0000000008001940                __aeabi_frsub
                0x0000000008001948                __subsf3
                0x0000000008001948                __aeabi_fsub
                0x000000000800194c                __aeabi_fadd
                0x000000000800194c                __addsf3
                0x0000000008001aac                __aeabi_ui2f
                0x0000000008001aac                __floatunsisf
                0x0000000008001ab4                __aeabi_i2f
                0x0000000008001ab4                __floatsisf
                0x0000000008001ad0                __floatundisf
                0x0000000008001ad0                __aeabi_ul2f
                0x0000000008001ae0                __floatdisf
                0x0000000008001ae0                __aeabi_l2f
 .text          0x0000000008001b5c      0x2a0 /usr/lib/gcc/arm-none-eabi/7.1.0/thumb/v7e-m/libgcc.a(_arm_muldivsf3.o)
                0x0000000008001b5c                __mulsf3
                0x0000000008001b5c                __aeabi_fmul
                0x0000000008001cc4                __divsf3
                0x0000000008001cc4                __aeabi_fdiv
 .text          0x0000000008001dfc       0xec /usr/lib/gcc/arm-none-eabi/7.1.0/thumb/v7e-m/libgcc.a(_arm_cmpsf2.o)
                0x0000000008001dfc                __gtsf2
                0x0000000008001dfc                __gesf2
                0x0000000008001e04                __lesf2
                0x0000000008001e04                __ltsf2
                0x0000000008001e0c                __nesf2
                0x0000000008001e0c                __eqsf2
                0x0000000008001e0c                __cmpsf2
                0x0000000008001e6c                __aeabi_cfrcmple
                0x0000000008001e74                __aeabi_cfcmple
                0x0000000008001e74                __aeabi_cfcmpeq
                0x0000000008001e84                __aeabi_fcmpeq
                0x0000000008001e98                __aeabi_fcmplt
                0x0000000008001eac                __aeabi_fcmple
                0x0000000008001ec0                __aeabi_fcmpge
                0x0000000008001ed4                __aeabi_fcmpgt
 .text          0x0000000008001ee8       0x90 /usr/lib/gcc/arm-none-eabi/7.1.0/../../../../arm-none-eabi/lib/thumb/v7e-m/libg_nano.a(lib_a-vsnprintf.o)
                0x0000000008001ee8                _vsnprintf_r
                0x0000000008001ee8                _vsniprintf_r
                0x0000000008001f58                vsnprintf
                0x0000000008001f58                vsniprintf
 .text          0x0000000008001f78      0x42c /usr/lib/gcc/arm-none-eabi/7.1.0/../../../../arm-none-eabi/lib/thumb/v7e-m/libg_nano.a(lib_a-nano-svfprintf.o)
                0x0000000008001f78                __ssputs_r
                0x0000000008002038                __ssprint_r
                0x000000000800212c                _svfprintf_r
                0x000000000800212c                _svfiprintf_r
 .text          0x00000000080023a4      0x3a0 /usr/lib/gcc/arm-none-eabi/7.1.0/../../../../arm-none-eabi/lib/thumb/v7e-m/libg_nano.a(lib_a-nano-vfprintf_i.o)
                0x00000000080023a4                _printf_common
                0x00000000080024c0                _printf_i
 *fill*         0x0000000008002744        0xc 
 .text          0x0000000008002750       0xa0 /usr/lib/gcc/arm-none-eabi/7.1.0/../../../../arm-none-eabi/lib/thumb/v7e-m/libg_nano.a(lib_a-memchr.o)
                0x0000000008002750                memchr
 .text          0x00000000080027f0      0x134 /usr/lib/gcc/arm-none-eabi/7.1.0/../../../../arm-none-eabi/lib/thumb/v7e-m/libg_nano.a(lib_a-memcpy.o)
                0x00000000080027f0                memcpy
 .text          0x0000000008002924       0xc8 /usr/lib/gcc/arm-none-eabi/7.1.0/../../../../arm-none-eabi/lib/thumb/v7e-m/libg_nano.a(lib_a-memmove.o)
                0x0000000008002924                memmove
 .text          0x00000000080029ec       0x4c /usr/lib/gcc/arm-none-eabi/7.1.0/../../../../arm-none-eabi/lib/thumb/v7e-m/libg_nano.a(lib_a-nano-reallocr.o)
                0x00000000080029ec                _realloc_r
 .text          0x0000000008002a38       0x10 /usr/lib/gcc/arm-none-eabi/7.1.0/../../../../arm-none-eabi/lib/thumb/v7e-m/libg_nano.a(lib_a-nano-msizer.o)
                0x0000000008002a38                _malloc_usable_size_r
 *(.rodata .rodata.* .constdata .constdata.*)
 .rodata.AHBPrescTable
                0x0000000008002a48       0x10 /tmp/ccgWIGAt.ltrans0.ltrans.o
 .rodata.dumpExceptionStack.str1.4
                0x0000000008002a58      0x11a /tmp/ccgWIGAt.ltrans0.ltrans.o
 *fill*         0x0000000008002b72        0x2 
 .rodata.initialise_monitor_handles.str1.4
                0x0000000008002b74        0x4 /tmp/ccgWIGAt.ltrans0.ltrans.o
 .rodata.str1.4
                0x0000000008002b78       0x29 /tmp/ccgWIGAt.ltrans0.ltrans.o
 *fill*         0x0000000008002ba1        0x3 
 .rodata        0x0000000008002ba4       0x60 /usr/lib/gcc/arm-none-eabi/7.1.0/../../../../arm-none-eabi/lib/thumb/v7e-m/libg_nano.a(lib_a-findfp.o)
                0x0000000008002ba4                __sf_fake_stderr
                0x0000000008002bc4                __sf_fake_stdout
                0x0000000008002be4                __sf_fake_stdin
 .rodata.str1.4
                0x0000000008002c04        0xe /usr/lib/gcc/arm-none-eabi/7.1.0/../../../../arm-none-eabi/lib/thumb/v7e-m/libg_nano.a(lib_a-locale.o)
                                         0x12 (size before relaxing)
 *fill*         0x0000000008002c12        0x2 
 .rodata        0x0000000008002c14      0x101 /usr/lib/gcc/arm-none-eabi/7.1.0/../../../../arm-none-eabi/lib/thumb/v7e-m/libg_nano.a(lib_a-ctype_.o)
                0x0000000008002c14                _ctype_
 *fill*         0x0000000008002d15        0x3 
 .rodata.str1.4
                0x0000000008002d18       0x13 /usr/lib/gcc/arm-none-eabi/7.1.0/../../../../arm-none-eabi/lib/thumb/v7e-m/libg_nano.a(lib_a-nano-svfprintf.o)
 *fill*         0x0000000008002d2b        0x1 
 .rodata.str1.4
                0x0000000008002d2c       0x28 /usr/lib/gcc/arm-none-eabi/7.1.0/../../../../arm-none-eabi/lib/thumb/v7e-m/libg_nano.a(lib_a-nano-vfprintf_i.o)
                                         0x25 (size before relaxing)
 *(vtable)
 *(.eh_frame*)
 *(.glue_7)
 .glue_7        0x0000000008002d54        0x0 linker stubs
 *(.glue_7t)
 .glue_7t       0x0000000008002d54        0x0 linker stubs

.vfp11_veneer   0x0000000008002d54        0x0
 .vfp11_veneer  0x0000000008002d54        0x0 linker stubs

.v4_bx          0x0000000008002d54        0x0
 .v4_bx         0x0000000008002d54        0x0 linker stubs

.iplt           0x0000000008002d54        0x0
 .iplt          0x0000000008002d54        0x0 /usr/lib/gcc/arm-none-eabi/7.1.0/../../../../arm-none-eabi/lib/thumb/v7e-m/libg_nano.a(lib_a-errno.o)

.rel.dyn        0x0000000008002d54        0x0
 .rel.iplt      0x0000000008002d54        0x0 /usr/lib/gcc/arm-none-eabi/7.1.0/../../../../arm-none-eabi/lib/thumb/v7e-m/libg_nano.a(lib_a-errno.o)

.ARM.extab
 *(.ARM.extab* .gnu.linkonce.armextab.*)
                0x0000000008002d54                . = ALIGN (0x4)
                0x0000000008002d54                __exidx_start = .

.ARM.exidx
 *(.ARM.exidx* .gnu.linkonce.armexidx.*)
                0x0000000008002d54                __exidx_end = .
                0x0000000008002d54                . = ALIGN (0x4)
                0x0000000008002d54                _etext = .
                0x0000000008002d54                __etext = .

.data_CCMRAM    0x0000000010000000        0x0 load address 0x0000000008002d54
 FILL mask 0xff
 *(.data.CCMRAM .data.CCMRAM.*)
                0x0000000010000000                . = ALIGN (0x4)
                0x0000000008002d54                _sidata = LOADADDR (.data)

.data           0x0000000020000000      0x1dc load address 0x0000000008002d54
 FILL mask 0xff
                0x0000000020000000                _sdata = .
                0x0000000020000000                __data_start__ = .
 *(.data_begin .data_begin.*)
 .data_begin    0x0000000020000000        0x4 /tmp/ccgWIGAt.ltrans0.ltrans.o
 *(.data .data.*)
 .data.SystemCoreClock
                0x0000000020000004        0x4 /tmp/ccgWIGAt.ltrans0.ltrans.o
 .data          0x0000000020000008       0x64 /usr/lib/gcc/arm-none-eabi/7.1.0/../../../../arm-none-eabi/lib/thumb/v7e-m/libg_nano.a(lib_a-impure.o)
                0x0000000020000008                _impure_ptr
 .data          0x000000002000006c      0x16c /usr/lib/gcc/arm-none-eabi/7.1.0/../../../../arm-none-eabi/lib/thumb/v7e-m/libg_nano.a(lib_a-locale.o)
                0x000000002000006c                __global_locale
 *(.data_end .data_end.*)
 .data_end      0x00000000200001d8        0x4 /tmp/ccgWIGAt.ltrans0.ltrans.o
                0x00000000200001dc                . = ALIGN (0x4)
                0x00000000200001dc                _edata = .
                0x00000000200001dc                __data_end__ = .

.igot.plt       0x00000000200001dc        0x0 load address 0x0000000008002f30
 .igot.plt      0x00000000200001dc        0x0 /usr/lib/gcc/arm-none-eabi/7.1.0/../../../../arm-none-eabi/lib/thumb/v7e-m/libg_nano.a(lib_a-errno.o)

.bss_CCMRAM     0x0000000010000000        0x0
 *(.bss.CCMRAM .bss.CCMRAM.*)

.bss            0x00000000200001dc      0x1e4
                0x00000000200001dc                __bss_start__ = .
                0x00000000200001dc                _sbss = .
 *(.bss_begin .bss_begin.*)
 .bss_begin     0x00000000200001dc        0x4 /tmp/ccgWIGAt.ltrans0.ltrans.o
 *(.bss .bss.*)
 .bss.args_buf.6244
                0x00000000200001e0       0x50 /tmp/ccgWIGAt.ltrans0.ltrans.o
 .bss.argv_buf.6245
                0x0000000020000230       0x28 /tmp/ccgWIGAt.ltrans0.ltrans.o
 .bss.brightness
                0x0000000020000258        0xc /tmp/ccgWIGAt.ltrans0.ltrans.o
 .bss.brightness_state
                0x0000000020000264        0x1 /tmp/ccgWIGAt.ltrans0.ltrans.o
 *fill*         0x0000000020000265        0x3 
 .bss.buf.5598  0x0000000020000268       0x80 /tmp/ccgWIGAt.ltrans0.ltrans.o
 .bss.correction_a
                0x00000000200002e8        0xc /tmp/ccgWIGAt.ltrans0.ltrans.o
 .bss.correction_b
                0x00000000200002f4        0xc /tmp/ccgWIGAt.ltrans0.ltrans.o
 .bss.current_heap_end.4393
                0x0000000020000300        0x4 /tmp/ccgWIGAt.ltrans0.ltrans.o
 .bss.monitor_stderr
                0x0000000020000304        0x4 /tmp/ccgWIGAt.ltrans0.ltrans.o
 .bss.monitor_stdin
                0x0000000020000308        0x4 /tmp/ccgWIGAt.ltrans0.ltrans.o
 .bss.monitor_stdout
                0x000000002000030c        0x4 /tmp/ccgWIGAt.ltrans0.ltrans.o
 .bss.openfiles
                0x0000000020000310       0xa0 /tmp/ccgWIGAt.ltrans0.ltrans.o
 .bss           0x00000000200003b0        0x8 /usr/lib/gcc/arm-none-eabi/7.1.0/../../../../arm-none-eabi/lib/thumb/v7e-m/libg_nano.a(lib_a-nano-mallocr.o)
                0x00000000200003b0                __malloc_free_list
                0x00000000200003b4                __malloc_sbrk_start
 *(COMMON)
 COMMON         0x00000000200003b8        0x4 /tmp/ccgWIGAt.ltrans0.ltrans.o
                0x00000000200003b8                errno
 *(.bss_end .bss_end.*)
 .bss_end       0x00000000200003bc        0x4 /tmp/ccgWIGAt.ltrans0.ltrans.o
                0x00000000200003c0                . = ALIGN (0x4)
                0x00000000200003c0                __bss_end__ = .
                0x00000000200003c0                _ebss = .

.noinit_CCMRAM
 *(.noinit.CCMRAM .noinit.CCMRAM.*)

.noinit         0x00000000200003c0        0x0
                0x00000000200003c0                _noinit = .
 *(.noinit .noinit.*)
                0x00000000200003c0                . = ALIGN (0x4)
                0x00000000200003c0                _end_noinit = .
                [!provide]                        PROVIDE (end, _end_noinit)
                [!provide]                        PROVIDE (_end, _end_noinit)
                [!provide]                        PROVIDE (__end, _end_noinit)
                [!provide]                        PROVIDE (__end__, _end_noinit)

._check_stack   0x00000000200003c0      0x100
                0x00000000200004c0                . = (. + _Minimum_Stack_Size)
 *fill*         0x00000000200003c0      0x100 

.b1text
 *(.b1text)
 *(.b1rodata)
 *(.b1rodata.*)

.eb0text
 *(.eb0text)
 *(.eb0rodata)
 *(.eb0rodata.*)

.eb1text
 *(.eb1text)
 *(.eb1rodata)
 *(.eb1rodata.*)

.eb2text
 *(.eb2text)
 *(.eb2rodata)
 *(.eb2rodata.*)

.eb3text
 *(.eb3text)
 *(.eb3rodata)
 *(.eb3rodata.*)

.stab
 *(.stab)

.stabstr
 *(.stabstr)

.stab.excl
 *(.stab.excl)

.stab.exclstr
 *(.stab.exclstr)

.stab.index
 *(.stab.index)

.stab.indexstr
 *(.stab.indexstr)

.comment        0x0000000000000000       0x42
 *(.comment)
 .comment       0x0000000000000000       0x21 /tmp/ccgWIGAt.ltrans0.ltrans.o
                                         0x22 (size before relaxing)
 .comment       0x0000000000000021       0x21 /usr/lib/gcc/arm-none-eabi/7.1.0/../../../../arm-none-eabi/lib/thumb/v7e-m/libg_nano.a(lib_a-errno.o)
                                         0x22 (size before relaxing)
 .comment       0x0000000000000042       0x22 /usr/lib/gcc/arm-none-eabi/7.1.0/../../../../arm-none-eabi/lib/thumb/v7e-m/libg_nano.a(lib_a-findfp.o)
 .comment       0x0000000000000042       0x22 /usr/lib/gcc/arm-none-eabi/7.1.0/../../../../arm-none-eabi/lib/thumb/v7e-m/libg_nano.a(lib_a-impure.o)
 .comment       0x0000000000000042       0x22 /usr/lib/gcc/arm-none-eabi/7.1.0/../../../../arm-none-eabi/lib/thumb/v7e-m/libg_nano.a(lib_a-locale.o)
 .comment       0x0000000000000042       0x22 /usr/lib/gcc/arm-none-eabi/7.1.0/../../../../arm-none-eabi/lib/thumb/v7e-m/libg_nano.a(lib_a-mbtowc_r.o)
 .comment       0x0000000000000042       0x22 /usr/lib/gcc/arm-none-eabi/7.1.0/../../../../arm-none-eabi/lib/thumb/v7e-m/libg_nano.a(lib_a-nano-mallocr.o)
 .comment       0x0000000000000042       0x22 /usr/lib/gcc/arm-none-eabi/7.1.0/../../../../arm-none-eabi/lib/thumb/v7e-m/libg_nano.a(lib_a-sbrkr.o)
 .comment       0x0000000000000042       0x22 /usr/lib/gcc/arm-none-eabi/7.1.0/../../../../arm-none-eabi/lib/thumb/v7e-m/libg_nano.a(lib_a-wctomb_r.o)
 .comment       0x0000000000000042       0x22 /usr/lib/gcc/arm-none-eabi/7.1.0/../../../../arm-none-eabi/lib/thumb/v7e-m/libg_nano.a(lib_a-ctype_.o)
 .comment       0x0000000000000042       0x22 /usr/lib/gcc/arm-none-eabi/7.1.0/../../../../arm-none-eabi/lib/thumb/v7e-m/libg_nano.a(lib_a-mlock.o)
 .comment       0x0000000000000042       0x22 /usr/lib/gcc/arm-none-eabi/7.1.0/../../../../arm-none-eabi/lib/thumb/v7e-m/libg_nano.a(lib_a-nano-freer.o)
 .comment       0x0000000000000042       0x22 /usr/lib/gcc/arm-none-eabi/7.1.0/../../../../arm-none-eabi/lib/thumb/v7e-m/libm.a(lib_a-s_floor.o)
 .comment       0x0000000000000042       0x22 /usr/lib/gcc/arm-none-eabi/7.1.0/../../../../arm-none-eabi/lib/thumb/v7e-m/libg_nano.a(lib_a-vsnprintf.o)
 .comment       0x0000000000000042       0x22 /usr/lib/gcc/arm-none-eabi/7.1.0/../../../../arm-none-eabi/lib/thumb/v7e-m/libg_nano.a(lib_a-nano-svfprintf.o)
 .comment       0x0000000000000042       0x22 /usr/lib/gcc/arm-none-eabi/7.1.0/../../../../arm-none-eabi/lib/thumb/v7e-m/libg_nano.a(lib_a-nano-vfprintf_i.o)
 .comment       0x0000000000000042       0x22 /usr/lib/gcc/arm-none-eabi/7.1.0/../../../../arm-none-eabi/lib/thumb/v7e-m/libg_nano.a(lib_a-memmove.o)
 .comment       0x0000000000000042       0x22 /usr/lib/gcc/arm-none-eabi/7.1.0/../../../../arm-none-eabi/lib/thumb/v7e-m/libg_nano.a(lib_a-nano-reallocr.o)
 .comment       0x0000000000000042       0x22 /usr/lib/gcc/arm-none-eabi/7.1.0/../../../../arm-none-eabi/lib/thumb/v7e-m/libg_nano.a(lib_a-nano-msizer.o)

.ARM.attributes
                0x0000000000000000       0x31
 .ARM.attributes
                0x0000000000000000       0x31 /tmp/ccgWIGAt.ltrans0.ltrans.o
 .ARM.attributes
                0x0000000000000031       0x2e /usr/lib/gcc/arm-none-eabi/7.1.0/../../../../arm-none-eabi/lib/thumb/v7e-m/libg_nano.a(lib_a-errno.o)
 .ARM.attributes
                0x000000000000005f       0x2e /usr/lib/gcc/arm-none-eabi/7.1.0/../../../../arm-none-eabi/lib/thumb/v7e-m/libg_nano.a(lib_a-findfp.o)
 .ARM.attributes
                0x000000000000008d       0x2e /usr/lib/gcc/arm-none-eabi/7.1.0/../../../../arm-none-eabi/lib/thumb/v7e-m/libg_nano.a(lib_a-impure.o)
 .ARM.attributes
                0x00000000000000bb       0x2e /usr/lib/gcc/arm-none-eabi/7.1.0/../../../../arm-none-eabi/lib/thumb/v7e-m/libg_nano.a(lib_a-locale.o)
 .ARM.attributes
                0x00000000000000e9       0x2e /usr/lib/gcc/arm-none-eabi/7.1.0/../../../../arm-none-eabi/lib/thumb/v7e-m/libg_nano.a(lib_a-mbtowc_r.o)
 .ARM.attributes
                0x0000000000000117       0x2e /usr/lib/gcc/arm-none-eabi/7.1.0/../../../../arm-none-eabi/lib/thumb/v7e-m/libg_nano.a(lib_a-nano-mallocr.o)
 .ARM.attributes
                0x0000000000000145       0x2e /usr/lib/gcc/arm-none-eabi/7.1.0/../../../../arm-none-eabi/lib/thumb/v7e-m/libg_nano.a(lib_a-sbrkr.o)
 .ARM.attributes
                0x0000000000000173       0x1c /usr/lib/gcc/arm-none-eabi/7.1.0/../../../../arm-none-eabi/lib/thumb/v7e-m/libg_nano.a(lib_a-strcmp.o)
 .ARM.attributes
                0x000000000000018f       0x2e /usr/lib/gcc/arm-none-eabi/7.1.0/../../../../arm-none-eabi/lib/thumb/v7e-m/libg_nano.a(lib_a-wctomb_r.o)
 .ARM.attributes
                0x00000000000001bd       0x2e /usr/lib/gcc/arm-none-eabi/7.1.0/../../../../arm-none-eabi/lib/thumb/v7e-m/libg_nano.a(lib_a-ctype_.o)
 .ARM.attributes
                0x00000000000001eb       0x2e /usr/lib/gcc/arm-none-eabi/7.1.0/../../../../arm-none-eabi/lib/thumb/v7e-m/libg_nano.a(lib_a-mlock.o)
 .ARM.attributes
                0x0000000000000219       0x2e /usr/lib/gcc/arm-none-eabi/7.1.0/../../../../arm-none-eabi/lib/thumb/v7e-m/libg_nano.a(lib_a-nano-freer.o)
 .ARM.attributes
                0x0000000000000247       0x2e /usr/lib/gcc/arm-none-eabi/7.1.0/../../../../arm-none-eabi/lib/thumb/v7e-m/libm.a(lib_a-s_floor.o)
 .ARM.attributes
                0x0000000000000275       0x1e /usr/lib/gcc/arm-none-eabi/7.1.0/thumb/v7e-m/libgcc.a(_arm_addsubdf3.o)
 .ARM.attributes
                0x0000000000000293       0x1e /usr/lib/gcc/arm-none-eabi/7.1.0/thumb/v7e-m/libgcc.a(_arm_cmpdf2.o)
 .ARM.attributes
                0x00000000000002b1       0x1e /usr/lib/gcc/arm-none-eabi/7.1.0/thumb/v7e-m/libgcc.a(_arm_fixunsdfsi.o)
 .ARM.attributes
                0x00000000000002cf       0x1e /usr/lib/gcc/arm-none-eabi/7.1.0/thumb/v7e-m/libgcc.a(_arm_truncdfsf2.o)
 .ARM.attributes
                0x00000000000002ed       0x1e /usr/lib/gcc/arm-none-eabi/7.1.0/thumb/v7e-m/libgcc.a(_arm_addsubsf3.o)
 .ARM.attributes
                0x000000000000030b       0x1e /usr/lib/gcc/arm-none-eabi/7.1.0/thumb/v7e-m/libgcc.a(_arm_muldivsf3.o)
 .ARM.attributes
                0x0000000000000329       0x1e /usr/lib/gcc/arm-none-eabi/7.1.0/thumb/v7e-m/libgcc.a(_arm_cmpsf2.o)
 .ARM.attributes
                0x0000000000000347       0x2e /usr/lib/gcc/arm-none-eabi/7.1.0/../../../../arm-none-eabi/lib/thumb/v7e-m/libg_nano.a(lib_a-vsnprintf.o)
 .ARM.attributes
                0x0000000000000375       0x2e /usr/lib/gcc/arm-none-eabi/7.1.0/../../../../arm-none-eabi/lib/thumb/v7e-m/libg_nano.a(lib_a-nano-svfprintf.o)
 .ARM.attributes
                0x00000000000003a3       0x2e /usr/lib/gcc/arm-none-eabi/7.1.0/../../../../arm-none-eabi/lib/thumb/v7e-m/libg_nano.a(lib_a-nano-vfprintf_i.o)
 .ARM.attributes
                0x00000000000003d1       0x1c /usr/lib/gcc/arm-none-eabi/7.1.0/../../../../arm-none-eabi/lib/thumb/v7e-m/libg_nano.a(lib_a-memchr.o)
 .ARM.attributes
                0x00000000000003ed       0x1c /usr/lib/gcc/arm-none-eabi/7.1.0/../../../../arm-none-eabi/lib/thumb/v7e-m/libg_nano.a(lib_a-memcpy.o)
 .ARM.attributes
                0x0000000000000409       0x2e /usr/lib/gcc/arm-none-eabi/7.1.0/../../../../arm-none-eabi/lib/thumb/v7e-m/libg_nano.a(lib_a-memmove.o)
 .ARM.attributes
                0x0000000000000437       0x2e /usr/lib/gcc/arm-none-eabi/7.1.0/../../../../arm-none-eabi/lib/thumb/v7e-m/libg_nano.a(lib_a-nano-reallocr.o)
 .ARM.attributes
                0x0000000000000465       0x2e /usr/lib/gcc/arm-none-eabi/7.1.0/../../../../arm-none-eabi/lib/thumb/v7e-m/libg_nano.a(lib_a-nano-msizer.o)

.debug
 *(.debug)

.line
 *(.line)

.debug_srcinfo
 *(.debug_srcinfo)

.debug_sfnames
 *(.debug_sfnames)

.debug_aranges  0x0000000000000000      0x500
 *(.debug_aranges)
 .debug_aranges
                0x0000000000000000      0x190 /tmp/ccgWIGAt.ltrans0.ltrans.o
 .debug_aranges
                0x0000000000000190       0x20 /usr/lib/gcc/arm-none-eabi/7.1.0/../../../../arm-none-eabi/lib/thumb/v7e-m/libg_nano.a(lib_a-errno.o)
 .debug_aranges
                0x00000000000001b0       0x20 /usr/lib/gcc/arm-none-eabi/7.1.0/../../../../arm-none-eabi/lib/thumb/v7e-m/libg_nano.a(lib_a-findfp.o)
 .debug_aranges
                0x00000000000001d0       0x18 /usr/lib/gcc/arm-none-eabi/7.1.0/../../../../arm-none-eabi/lib/thumb/v7e-m/libg_nano.a(lib_a-impure.o)
 .debug_aranges
                0x00000000000001e8       0x20 /usr/lib/gcc/arm-none-eabi/7.1.0/../../../../arm-none-eabi/lib/thumb/v7e-m/libg_nano.a(lib_a-locale.o)
 .debug_aranges
                0x0000000000000208       0x20 /usr/lib/gcc/arm-none-eabi/7.1.0/../../../../arm-none-eabi/lib/thumb/v7e-m/libg_nano.a(lib_a-mbtowc_r.o)
 .debug_aranges
                0x0000000000000228       0x20 /usr/lib/gcc/arm-none-eabi/7.1.0/../../../../arm-none-eabi/lib/thumb/v7e-m/libg_nano.a(lib_a-nano-mallocr.o)
 .debug_aranges
                0x0000000000000248       0x20 /usr/lib/gcc/arm-none-eabi/7.1.0/../../../../arm-none-eabi/lib/thumb/v7e-m/libg_nano.a(lib_a-sbrkr.o)
 .debug_aranges
                0x0000000000000268       0x20 /usr/lib/gcc/arm-none-eabi/7.1.0/../../../../arm-none-eabi/lib/thumb/v7e-m/libg_nano.a(lib_a-strcmp.o)
 .debug_aranges
                0x0000000000000288       0x20 /usr/lib/gcc/arm-none-eabi/7.1.0/../../../../arm-none-eabi/lib/thumb/v7e-m/libg_nano.a(lib_a-wctomb_r.o)
 .debug_aranges
                0x00000000000002a8       0x18 /usr/lib/gcc/arm-none-eabi/7.1.0/../../../../arm-none-eabi/lib/thumb/v7e-m/libg_nano.a(lib_a-ctype_.o)
 .debug_aranges
                0x00000000000002c0       0x20 /usr/lib/gcc/arm-none-eabi/7.1.0/../../../../arm-none-eabi/lib/thumb/v7e-m/libg_nano.a(lib_a-mlock.o)
 .debug_aranges
                0x00000000000002e0       0x20 /usr/lib/gcc/arm-none-eabi/7.1.0/../../../../arm-none-eabi/lib/thumb/v7e-m/libg_nano.a(lib_a-nano-freer.o)
 .debug_aranges
                0x0000000000000300       0x20 /usr/lib/gcc/arm-none-eabi/7.1.0/../../../../arm-none-eabi/lib/thumb/v7e-m/libm.a(lib_a-s_floor.o)
 .debug_aranges
                0x0000000000000320       0x20 /usr/lib/gcc/arm-none-eabi/7.1.0/thumb/v7e-m/libgcc.a(_arm_addsubdf3.o)
 .debug_aranges
                0x0000000000000340       0x20 /usr/lib/gcc/arm-none-eabi/7.1.0/thumb/v7e-m/libgcc.a(_arm_cmpdf2.o)
 .debug_aranges
                0x0000000000000360       0x20 /usr/lib/gcc/arm-none-eabi/7.1.0/thumb/v7e-m/libgcc.a(_arm_fixunsdfsi.o)
 .debug_aranges
                0x0000000000000380       0x20 /usr/lib/gcc/arm-none-eabi/7.1.0/thumb/v7e-m/libgcc.a(_arm_truncdfsf2.o)
 .debug_aranges
                0x00000000000003a0       0x20 /usr/lib/gcc/arm-none-eabi/7.1.0/thumb/v7e-m/libgcc.a(_arm_addsubsf3.o)
 .debug_aranges
                0x00000000000003c0       0x20 /usr/lib/gcc/arm-none-eabi/7.1.0/thumb/v7e-m/libgcc.a(_arm_muldivsf3.o)
 .debug_aranges
                0x00000000000003e0       0x20 /usr/lib/gcc/arm-none-eabi/7.1.0/thumb/v7e-m/libgcc.a(_arm_cmpsf2.o)
 .debug_aranges
                0x0000000000000400       0x20 /usr/lib/gcc/arm-none-eabi/7.1.0/../../../../arm-none-eabi/lib/thumb/v7e-m/libg_nano.a(lib_a-vsnprintf.o)
 .debug_aranges
                0x0000000000000420       0x20 /usr/lib/gcc/arm-none-eabi/7.1.0/../../../../arm-none-eabi/lib/thumb/v7e-m/libg_nano.a(lib_a-nano-svfprintf.o)
 .debug_aranges
                0x0000000000000440       0x20 /usr/lib/gcc/arm-none-eabi/7.1.0/../../../../arm-none-eabi/lib/thumb/v7e-m/libg_nano.a(lib_a-nano-vfprintf_i.o)
 .debug_aranges
                0x0000000000000460       0x20 /usr/lib/gcc/arm-none-eabi/7.1.0/../../../../arm-none-eabi/lib/thumb/v7e-m/libg_nano.a(lib_a-memchr.o)
 .debug_aranges
                0x0000000000000480       0x20 /usr/lib/gcc/arm-none-eabi/7.1.0/../../../../arm-none-eabi/lib/thumb/v7e-m/libg_nano.a(lib_a-memcpy.o)
 .debug_aranges
                0x00000000000004a0       0x20 /usr/lib/gcc/arm-none-eabi/7.1.0/../../../../arm-none-eabi/lib/thumb/v7e-m/libg_nano.a(lib_a-memmove.o)
 .debug_aranges
                0x00000000000004c0       0x20 /usr/lib/gcc/arm-none-eabi/7.1.0/../../../../arm-none-eabi/lib/thumb/v7e-m/libg_nano.a(lib_a-nano-reallocr.o)
 .debug_aranges
                0x00000000000004e0       0x20 /usr/lib/gcc/arm-none-eabi/7.1.0/../../../../arm-none-eabi/lib/thumb/v7e-m/libg_nano.a(lib_a-nano-msizer.o)

.debug_pubnames
 *(.debug_pubnames)

.debug_info     0x0000000000000000    0x11ac3
 *(.debug_info .gnu.linkonce.wi.*)
 .debug_info    0x0000000000000000     0x294a /tmp/ccgWIGAt.ltrans0.ltrans.o
 .debug_info    0x000000000000294a      0x8cb /usr/lib/gcc/arm-none-eabi/7.1.0/../../../../arm-none-eabi/lib/thumb/v7e-m/libg_nano.a(lib_a-errno.o)
 .debug_info    0x0000000000003215     0x1000 /usr/lib/gcc/arm-none-eabi/7.1.0/../../../../arm-none-eabi/lib/thumb/v7e-m/libg_nano.a(lib_a-findfp.o)
 .debug_info    0x0000000000004215      0x8a4 /usr/lib/gcc/arm-none-eabi/7.1.0/../../../../arm-none-eabi/lib/thumb/v7e-m/libg_nano.a(lib_a-impure.o)
 .debug_info    0x0000000000004ab9     0x1016 /usr/lib/gcc/arm-none-eabi/7.1.0/../../../../arm-none-eabi/lib/thumb/v7e-m/libg_nano.a(lib_a-locale.o)
 .debug_info    0x0000000000005acf      0xf33 /usr/lib/gcc/arm-none-eabi/7.1.0/../../../../arm-none-eabi/lib/thumb/v7e-m/libg_nano.a(lib_a-mbtowc_r.o)
 .debug_info    0x0000000000006a02      0xbb7 /usr/lib/gcc/arm-none-eabi/7.1.0/../../../../arm-none-eabi/lib/thumb/v7e-m/libg_nano.a(lib_a-nano-mallocr.o)
 .debug_info    0x00000000000075b9      0x959 /usr/lib/gcc/arm-none-eabi/7.1.0/../../../../arm-none-eabi/lib/thumb/v7e-m/libg_nano.a(lib_a-sbrkr.o)
 .debug_info    0x0000000000007f12       0xc5 /usr/lib/gcc/arm-none-eabi/7.1.0/../../../../arm-none-eabi/lib/thumb/v7e-m/libg_nano.a(lib_a-strcmp.o)
 .debug_info    0x0000000000007fd7      0xefd /usr/lib/gcc/arm-none-eabi/7.1.0/../../../../arm-none-eabi/lib/thumb/v7e-m/libg_nano.a(lib_a-wctomb_r.o)
 .debug_info    0x0000000000008ed4      0xdb1 /usr/lib/gcc/arm-none-eabi/7.1.0/../../../../arm-none-eabi/lib/thumb/v7e-m/libg_nano.a(lib_a-ctype_.o)
 .debug_info    0x0000000000009c85      0x8d7 /usr/lib/gcc/arm-none-eabi/7.1.0/../../../../arm-none-eabi/lib/thumb/v7e-m/libg_nano.a(lib_a-mlock.o)
 .debug_info    0x000000000000a55c      0xb2c /usr/lib/gcc/arm-none-eabi/7.1.0/../../../../arm-none-eabi/lib/thumb/v7e-m/libg_nano.a(lib_a-nano-freer.o)
 .debug_info    0x000000000000b088      0x9e9 /usr/lib/gcc/arm-none-eabi/7.1.0/../../../../arm-none-eabi/lib/thumb/v7e-m/libm.a(lib_a-s_floor.o)
 .debug_info    0x000000000000ba71       0xc2 /usr/lib/gcc/arm-none-eabi/7.1.0/thumb/v7e-m/libgcc.a(_arm_addsubdf3.o)
 .debug_info    0x000000000000bb33       0xc2 /usr/lib/gcc/arm-none-eabi/7.1.0/thumb/v7e-m/libgcc.a(_arm_cmpdf2.o)
 .debug_info    0x000000000000bbf5       0xc2 /usr/lib/gcc/arm-none-eabi/7.1.0/thumb/v7e-m/libgcc.a(_arm_fixunsdfsi.o)
 .debug_info    0x000000000000bcb7       0xc2 /usr/lib/gcc/arm-none-eabi/7.1.0/thumb/v7e-m/libgcc.a(_arm_truncdfsf2.o)
 .debug_info    0x000000000000bd79       0xc2 /usr/lib/gcc/arm-none-eabi/7.1.0/thumb/v7e-m/libgcc.a(_arm_addsubsf3.o)
 .debug_info    0x000000000000be3b       0xc2 /usr/lib/gcc/arm-none-eabi/7.1.0/thumb/v7e-m/libgcc.a(_arm_muldivsf3.o)
 .debug_info    0x000000000000befd       0xc2 /usr/lib/gcc/arm-none-eabi/7.1.0/thumb/v7e-m/libgcc.a(_arm_cmpsf2.o)
 .debug_info    0x000000000000bfbf      0xc24 /usr/lib/gcc/arm-none-eabi/7.1.0/../../../../arm-none-eabi/lib/thumb/v7e-m/libg_nano.a(lib_a-vsnprintf.o)
 .debug_info    0x000000000000cbe3     0x1641 /usr/lib/gcc/arm-none-eabi/7.1.0/../../../../arm-none-eabi/lib/thumb/v7e-m/libg_nano.a(lib_a-nano-svfprintf.o)
 .debug_info    0x000000000000e224     0x142c /usr/lib/gcc/arm-none-eabi/7.1.0/../../../../arm-none-eabi/lib/thumb/v7e-m/libg_nano.a(lib_a-nano-vfprintf_i.o)
 .debug_info    0x000000000000f650       0xbf /usr/lib/gcc/arm-none-eabi/7.1.0/../../../../arm-none-eabi/lib/thumb/v7e-m/libg_nano.a(lib_a-memchr.o)
 .debug_info    0x000000000000f70f       0xc6 /usr/lib/gcc/arm-none-eabi/7.1.0/../../../../arm-none-eabi/lib/thumb/v7e-m/libg_nano.a(lib_a-memcpy.o)
 .debug_info    0x000000000000f7d5      0xe2c /usr/lib/gcc/arm-none-eabi/7.1.0/../../../../arm-none-eabi/lib/thumb/v7e-m/libg_nano.a(lib_a-memmove.o)
 .debug_info    0x0000000000010601      0xac7 /usr/lib/gcc/arm-none-eabi/7.1.0/../../../../arm-none-eabi/lib/thumb/v7e-m/libg_nano.a(lib_a-nano-reallocr.o)
 .debug_info    0x00000000000110c8      0x9fb /usr/lib/gcc/arm-none-eabi/7.1.0/../../../../arm-none-eabi/lib/thumb/v7e-m/libg_nano.a(lib_a-nano-msizer.o)

.debug_abbrev   0x0000000000000000     0x2c00
 *(.debug_abbrev)
 .debug_abbrev  0x0000000000000000      0x57c /tmp/ccgWIGAt.ltrans0.ltrans.o
 .debug_abbrev  0x000000000000057c      0x178 /usr/lib/gcc/arm-none-eabi/7.1.0/../../../../arm-none-eabi/lib/thumb/v7e-m/libg_nano.a(lib_a-errno.o)
 .debug_abbrev  0x00000000000006f4      0x36f /usr/lib/gcc/arm-none-eabi/7.1.0/../../../../arm-none-eabi/lib/thumb/v7e-m/libg_nano.a(lib_a-findfp.o)
 .debug_abbrev  0x0000000000000a63      0x15c /usr/lib/gcc/arm-none-eabi/7.1.0/../../../../arm-none-eabi/lib/thumb/v7e-m/libg_nano.a(lib_a-impure.o)
 .debug_abbrev  0x0000000000000bbf      0x26b /usr/lib/gcc/arm-none-eabi/7.1.0/../../../../arm-none-eabi/lib/thumb/v7e-m/libg_nano.a(lib_a-locale.o)
 .debug_abbrev  0x0000000000000e2a      0x1fb /usr/lib/gcc/arm-none-eabi/7.1.0/../../../../arm-none-eabi/lib/thumb/v7e-m/libg_nano.a(lib_a-mbtowc_r.o)
 .debug_abbrev  0x0000000000001025      0x2b3 /usr/lib/gcc/arm-none-eabi/7.1.0/../../../../arm-none-eabi/lib/thumb/v7e-m/libg_nano.a(lib_a-nano-mallocr.o)
 .debug_abbrev  0x00000000000012d8      0x1df /usr/lib/gcc/arm-none-eabi/7.1.0/../../../../arm-none-eabi/lib/thumb/v7e-m/libg_nano.a(lib_a-sbrkr.o)
 .debug_abbrev  0x00000000000014b7       0x14 /usr/lib/gcc/arm-none-eabi/7.1.0/../../../../arm-none-eabi/lib/thumb/v7e-m/libg_nano.a(lib_a-strcmp.o)
 .debug_abbrev  0x00000000000014cb      0x203 /usr/lib/gcc/arm-none-eabi/7.1.0/../../../../arm-none-eabi/lib/thumb/v7e-m/libg_nano.a(lib_a-wctomb_r.o)
 .debug_abbrev  0x00000000000016ce      0x15a /usr/lib/gcc/arm-none-eabi/7.1.0/../../../../arm-none-eabi/lib/thumb/v7e-m/libg_nano.a(lib_a-ctype_.o)
 .debug_abbrev  0x0000000000001828      0x19d /usr/lib/gcc/arm-none-eabi/7.1.0/../../../../arm-none-eabi/lib/thumb/v7e-m/libg_nano.a(lib_a-mlock.o)
 .debug_abbrev  0x00000000000019c5      0x26d /usr/lib/gcc/arm-none-eabi/7.1.0/../../../../arm-none-eabi/lib/thumb/v7e-m/libg_nano.a(lib_a-nano-freer.o)
 .debug_abbrev  0x0000000000001c32      0x229 /usr/lib/gcc/arm-none-eabi/7.1.0/../../../../arm-none-eabi/lib/thumb/v7e-m/libm.a(lib_a-s_floor.o)
 .debug_abbrev  0x0000000000001e5b       0x14 /usr/lib/gcc/arm-none-eabi/7.1.0/thumb/v7e-m/libgcc.a(_arm_addsubdf3.o)
 .debug_abbrev  0x0000000000001e6f       0x14 /usr/lib/gcc/arm-none-eabi/7.1.0/thumb/v7e-m/libgcc.a(_arm_cmpdf2.o)
 .debug_abbrev  0x0000000000001e83       0x14 /usr/lib/gcc/arm-none-eabi/7.1.0/thumb/v7e-m/libgcc.a(_arm_fixunsdfsi.o)
 .debug_abbrev  0x0000000000001e97       0x14 /usr/lib/gcc/arm-none-eabi/7.1.0/thumb/v7e-m/libgcc.a(_arm_truncdfsf2.o)
 .debug_abbrev  0x0000000000001eab       0x14 /usr/lib/gcc/arm-none-eabi/7.1.0/thumb/v7e-m/libgcc.a(_arm_addsubsf3.o)
 .debug_abbrev  0x0000000000001ebf       0x14 /usr/lib/gcc/arm-none-eabi/7.1.0/thumb/v7e-m/libgcc.a(_arm_muldivsf3.o)
 .debug_abbrev  0x0000000000001ed3       0x14 /usr/lib/gcc/arm-none-eabi/7.1.0/thumb/v7e-m/libgcc.a(_arm_cmpsf2.o)
 .debug_abbrev  0x0000000000001ee7      0x231 /usr/lib/gcc/arm-none-eabi/7.1.0/../../../../arm-none-eabi/lib/thumb/v7e-m/libg_nano.a(lib_a-vsnprintf.o)
 .debug_abbrev  0x0000000000002118      0x2db /usr/lib/gcc/arm-none-eabi/7.1.0/../../../../arm-none-eabi/lib/thumb/v7e-m/libg_nano.a(lib_a-nano-svfprintf.o)
 .debug_abbrev  0x00000000000023f3      0x28b /usr/lib/gcc/arm-none-eabi/7.1.0/../../../../arm-none-eabi/lib/thumb/v7e-m/libg_nano.a(lib_a-nano-vfprintf_i.o)
 .debug_abbrev  0x000000000000267e       0x14 /usr/lib/gcc/arm-none-eabi/7.1.0/../../../../arm-none-eabi/lib/thumb/v7e-m/libg_nano.a(lib_a-memchr.o)
 .debug_abbrev  0x0000000000002692       0x14 /usr/lib/gcc/arm-none-eabi/7.1.0/../../../../arm-none-eabi/lib/thumb/v7e-m/libg_nano.a(lib_a-memcpy.o)
 .debug_abbrev  0x00000000000026a6      0x1ad /usr/lib/gcc/arm-none-eabi/7.1.0/../../../../arm-none-eabi/lib/thumb/v7e-m/libg_nano.a(lib_a-memmove.o)
 .debug_abbrev  0x0000000000002853      0x1f9 /usr/lib/gcc/arm-none-eabi/7.1.0/../../../../arm-none-eabi/lib/thumb/v7e-m/libg_nano.a(lib_a-nano-reallocr.o)
 .debug_abbrev  0x0000000000002a4c      0x1b4 /usr/lib/gcc/arm-none-eabi/7.1.0/../../../../arm-none-eabi/lib/thumb/v7e-m/libg_nano.a(lib_a-nano-msizer.o)

.debug_line     0x0000000000000000     0x3199
 *(.debug_line)
 .debug_line    0x0000000000000000      0x85c /tmp/ccgWIGAt.ltrans0.ltrans.o
 .debug_line    0x000000000000085c       0xfc /usr/lib/gcc/arm-none-eabi/7.1.0/../../../../arm-none-eabi/lib/thumb/v7e-m/libg_nano.a(lib_a-errno.o)
 .debug_line    0x0000000000000958      0x267 /usr/lib/gcc/arm-none-eabi/7.1.0/../../../../arm-none-eabi/lib/thumb/v7e-m/libg_nano.a(lib_a-findfp.o)
 .debug_line    0x0000000000000bbf       0xe1 /usr/lib/gcc/arm-none-eabi/7.1.0/../../../../arm-none-eabi/lib/thumb/v7e-m/libg_nano.a(lib_a-impure.o)
 .debug_line    0x0000000000000ca0      0x1f9 /usr/lib/gcc/arm-none-eabi/7.1.0/../../../../arm-none-eabi/lib/thumb/v7e-m/libg_nano.a(lib_a-locale.o)
 .debug_line    0x0000000000000e99      0x1c8 /usr/lib/gcc/arm-none-eabi/7.1.0/../../../../arm-none-eabi/lib/thumb/v7e-m/libg_nano.a(lib_a-mbtowc_r.o)
 .debug_line    0x0000000000001061      0x19d /usr/lib/gcc/arm-none-eabi/7.1.0/../../../../arm-none-eabi/lib/thumb/v7e-m/libg_nano.a(lib_a-nano-mallocr.o)
 .debug_line    0x00000000000011fe      0x14a /usr/lib/gcc/arm-none-eabi/7.1.0/../../../../arm-none-eabi/lib/thumb/v7e-m/libg_nano.a(lib_a-sbrkr.o)
 .debug_line    0x0000000000001348      0x134 /usr/lib/gcc/arm-none-eabi/7.1.0/../../../../arm-none-eabi/lib/thumb/v7e-m/libg_nano.a(lib_a-strcmp.o)
 .debug_line    0x000000000000147c      0x1c3 /usr/lib/gcc/arm-none-eabi/7.1.0/../../../../arm-none-eabi/lib/thumb/v7e-m/libg_nano.a(lib_a-wctomb_r.o)
 .debug_line    0x000000000000163f      0x153 /usr/lib/gcc/arm-none-eabi/7.1.0/../../../../arm-none-eabi/lib/thumb/v7e-m/libg_nano.a(lib_a-ctype_.o)
 .debug_line    0x0000000000001792       0xf1 /usr/lib/gcc/arm-none-eabi/7.1.0/../../../../arm-none-eabi/lib/thumb/v7e-m/libg_nano.a(lib_a-mlock.o)
 .debug_line    0x0000000000001883      0x15d /usr/lib/gcc/arm-none-eabi/7.1.0/../../../../arm-none-eabi/lib/thumb/v7e-m/libg_nano.a(lib_a-nano-freer.o)
 .debug_line    0x00000000000019e0      0x234 /usr/lib/gcc/arm-none-eabi/7.1.0/../../../../arm-none-eabi/lib/thumb/v7e-m/libm.a(lib_a-s_floor.o)
 .debug_line    0x0000000000001c14      0x18c /usr/lib/gcc/arm-none-eabi/7.1.0/thumb/v7e-m/libgcc.a(_arm_addsubdf3.o)
 .debug_line    0x0000000000001da0       0xc4 /usr/lib/gcc/arm-none-eabi/7.1.0/thumb/v7e-m/libgcc.a(_arm_cmpdf2.o)
 .debug_line    0x0000000000001e64       0x7c /usr/lib/gcc/arm-none-eabi/7.1.0/thumb/v7e-m/libgcc.a(_arm_fixunsdfsi.o)
 .debug_line    0x0000000000001ee0       0x94 /usr/lib/gcc/arm-none-eabi/7.1.0/thumb/v7e-m/libgcc.a(_arm_truncdfsf2.o)
 .debug_line    0x0000000000001f74      0x120 /usr/lib/gcc/arm-none-eabi/7.1.0/thumb/v7e-m/libgcc.a(_arm_addsubsf3.o)
 .debug_line    0x0000000000002094      0x143 /usr/lib/gcc/arm-none-eabi/7.1.0/thumb/v7e-m/libgcc.a(_arm_muldivsf3.o)
 .debug_line    0x00000000000021d7       0xb8 /usr/lib/gcc/arm-none-eabi/7.1.0/thumb/v7e-m/libgcc.a(_arm_cmpsf2.o)
 .debug_line    0x000000000000228f      0x1cc /usr/lib/gcc/arm-none-eabi/7.1.0/../../../../arm-none-eabi/lib/thumb/v7e-m/libg_nano.a(lib_a-vsnprintf.o)
 .debug_line    0x000000000000245b      0x3db /usr/lib/gcc/arm-none-eabi/7.1.0/../../../../arm-none-eabi/lib/thumb/v7e-m/libg_nano.a(lib_a-nano-svfprintf.o)
 .debug_line    0x0000000000002836      0x3ca /usr/lib/gcc/arm-none-eabi/7.1.0/../../../../arm-none-eabi/lib/thumb/v7e-m/libg_nano.a(lib_a-nano-vfprintf_i.o)
 .debug_line    0x0000000000002c00       0xa1 /usr/lib/gcc/arm-none-eabi/7.1.0/../../../../arm-none-eabi/lib/thumb/v7e-m/libg_nano.a(lib_a-memchr.o)
 .debug_line    0x0000000000002ca1       0xbb /usr/lib/gcc/arm-none-eabi/7.1.0/../../../../arm-none-eabi/lib/thumb/v7e-m/libg_nano.a(lib_a-memcpy.o)
 .debug_line    0x0000000000002d5c      0x1d9 /usr/lib/gcc/arm-none-eabi/7.1.0/../../../../arm-none-eabi/lib/thumb/v7e-m/libg_nano.a(lib_a-memmove.o)
 .debug_line    0x0000000000002f35      0x15d /usr/lib/gcc/arm-none-eabi/7.1.0/../../../../arm-none-eabi/lib/thumb/v7e-m/libg_nano.a(lib_a-nano-reallocr.o)
 .debug_line    0x0000000000003092      0x107 /usr/lib/gcc/arm-none-eabi/7.1.0/../../../../arm-none-eabi/lib/thumb/v7e-m/libg_nano.a(lib_a-nano-msizer.o)

.debug_frame    0x0000000000000000      0xd80
 *(.debug_frame)
 .debug_frame   0x0000000000000000      0x4c8 /tmp/ccgWIGAt.ltrans0.ltrans.o
 .debug_frame   0x00000000000004c8       0x20 /usr/lib/gcc/arm-none-eabi/7.1.0/../../../../arm-none-eabi/lib/thumb/v7e-m/libg_nano.a(lib_a-errno.o)
 .debug_frame   0x00000000000004e8      0x120 /usr/lib/gcc/arm-none-eabi/7.1.0/../../../../arm-none-eabi/lib/thumb/v7e-m/libg_nano.a(lib_a-findfp.o)
 .debug_frame   0x0000000000000608       0x6c /usr/lib/gcc/arm-none-eabi/7.1.0/../../../../arm-none-eabi/lib/thumb/v7e-m/libg_nano.a(lib_a-locale.o)
 .debug_frame   0x0000000000000674       0x4c /usr/lib/gcc/arm-none-eabi/7.1.0/../../../../arm-none-eabi/lib/thumb/v7e-m/libg_nano.a(lib_a-mbtowc_r.o)
 .debug_frame   0x00000000000006c0       0x30 /usr/lib/gcc/arm-none-eabi/7.1.0/../../../../arm-none-eabi/lib/thumb/v7e-m/libg_nano.a(lib_a-nano-mallocr.o)
 .debug_frame   0x00000000000006f0       0x2c /usr/lib/gcc/arm-none-eabi/7.1.0/../../../../arm-none-eabi/lib/thumb/v7e-m/libg_nano.a(lib_a-sbrkr.o)
 .debug_frame   0x000000000000071c       0x68 /usr/lib/gcc/arm-none-eabi/7.1.0/../../../../arm-none-eabi/lib/thumb/v7e-m/libg_nano.a(lib_a-strcmp.o)
 .debug_frame   0x0000000000000784       0x3c /usr/lib/gcc/arm-none-eabi/7.1.0/../../../../arm-none-eabi/lib/thumb/v7e-m/libg_nano.a(lib_a-wctomb_r.o)
 .debug_frame   0x00000000000007c0       0x30 /usr/lib/gcc/arm-none-eabi/7.1.0/../../../../arm-none-eabi/lib/thumb/v7e-m/libg_nano.a(lib_a-mlock.o)
 .debug_frame   0x00000000000007f0       0x54 /usr/lib/gcc/arm-none-eabi/7.1.0/../../../../arm-none-eabi/lib/thumb/v7e-m/libg_nano.a(lib_a-nano-freer.o)
 .debug_frame   0x0000000000000844       0x34 /usr/lib/gcc/arm-none-eabi/7.1.0/../../../../arm-none-eabi/lib/thumb/v7e-m/libm.a(lib_a-s_floor.o)
 .debug_frame   0x0000000000000878       0xac /usr/lib/gcc/arm-none-eabi/7.1.0/thumb/v7e-m/libgcc.a(_arm_addsubdf3.o)
 .debug_frame   0x0000000000000924       0xc4 /usr/lib/gcc/arm-none-eabi/7.1.0/thumb/v7e-m/libgcc.a(_arm_cmpdf2.o)
 .debug_frame   0x00000000000009e8       0x24 /usr/lib/gcc/arm-none-eabi/7.1.0/thumb/v7e-m/libgcc.a(_arm_fixunsdfsi.o)
 .debug_frame   0x0000000000000a0c       0x24 /usr/lib/gcc/arm-none-eabi/7.1.0/thumb/v7e-m/libgcc.a(_arm_truncdfsf2.o)
 .debug_frame   0x0000000000000a30       0x4c /usr/lib/gcc/arm-none-eabi/7.1.0/thumb/v7e-m/libgcc.a(_arm_addsubsf3.o)
 .debug_frame   0x0000000000000a7c       0x38 /usr/lib/gcc/arm-none-eabi/7.1.0/thumb/v7e-m/libgcc.a(_arm_muldivsf3.o)
 .debug_frame   0x0000000000000ab4       0xc8 /usr/lib/gcc/arm-none-eabi/7.1.0/thumb/v7e-m/libgcc.a(_arm_cmpsf2.o)
 .debug_frame   0x0000000000000b7c       0x5c /usr/lib/gcc/arm-none-eabi/7.1.0/../../../../arm-none-eabi/lib/thumb/v7e-m/libg_nano.a(lib_a-vsnprintf.o)
 .debug_frame   0x0000000000000bd8       0x98 /usr/lib/gcc/arm-none-eabi/7.1.0/../../../../arm-none-eabi/lib/thumb/v7e-m/libg_nano.a(lib_a-nano-svfprintf.o)
 .debug_frame   0x0000000000000c70       0x68 /usr/lib/gcc/arm-none-eabi/7.1.0/../../../../arm-none-eabi/lib/thumb/v7e-m/libg_nano.a(lib_a-nano-vfprintf_i.o)
 .debug_frame   0x0000000000000cd8       0x40 /usr/lib/gcc/arm-none-eabi/7.1.0/../../../../arm-none-eabi/lib/thumb/v7e-m/libg_nano.a(lib_a-memmove.o)
 .debug_frame   0x0000000000000d18       0x48 /usr/lib/gcc/arm-none-eabi/7.1.0/../../../../arm-none-eabi/lib/thumb/v7e-m/libg_nano.a(lib_a-nano-reallocr.o)
 .debug_frame   0x0000000000000d60       0x20 /usr/lib/gcc/arm-none-eabi/7.1.0/../../../../arm-none-eabi/lib/thumb/v7e-m/libg_nano.a(lib_a-nano-msizer.o)

.debug_str      0x0000000000000000     0x1d1c
 *(.debug_str)
 .debug_str     0x0000000000000000      0x914 /tmp/ccgWIGAt.ltrans0.ltrans.o
                                        0xdb5 (size before relaxing)
 .debug_str     0x0000000000000914      0x4f8 /usr/lib/gcc/arm-none-eabi/7.1.0/../../../../arm-none-eabi/lib/thumb/v7e-m/libg_nano.a(lib_a-errno.o)
                                        0x5ab (size before relaxing)
 .debug_str     0x0000000000000e0c      0x2d9 /usr/lib/gcc/arm-none-eabi/7.1.0/../../../../arm-none-eabi/lib/thumb/v7e-m/libg_nano.a(lib_a-findfp.o)
                                        0x827 (size before relaxing)
 .debug_str     0x00000000000010e5       0x96 /usr/lib/gcc/arm-none-eabi/7.1.0/../../../../arm-none-eabi/lib/thumb/v7e-m/libg_nano.a(lib_a-impure.o)
                                        0x599 (size before relaxing)
 .debug_str     0x000000000000117b      0x39e /usr/lib/gcc/arm-none-eabi/7.1.0/../../../../arm-none-eabi/lib/thumb/v7e-m/libg_nano.a(lib_a-locale.o)
                                        0x993 (size before relaxing)
 .debug_str     0x0000000000001519      0x10d /usr/lib/gcc/arm-none-eabi/7.1.0/../../../../arm-none-eabi/lib/thumb/v7e-m/libg_nano.a(lib_a-mbtowc_r.o)
                                        0x94a (size before relaxing)
 .debug_str     0x0000000000001626      0x12b /usr/lib/gcc/arm-none-eabi/7.1.0/../../../../arm-none-eabi/lib/thumb/v7e-m/libg_nano.a(lib_a-nano-mallocr.o)
                                        0x6e0 (size before relaxing)
 .debug_str     0x0000000000001751       0x44 /usr/lib/gcc/arm-none-eabi/7.1.0/../../../../arm-none-eabi/lib/thumb/v7e-m/libg_nano.a(lib_a-sbrkr.o)
                                        0x5dc (size before relaxing)
 .debug_str     0x0000000000001795       0x53 /usr/lib/gcc/arm-none-eabi/7.1.0/../../../../arm-none-eabi/lib/thumb/v7e-m/libg_nano.a(lib_a-wctomb_r.o)
                                        0x943 (size before relaxing)
 .debug_str     0x00000000000017e8       0x8a /usr/lib/gcc/arm-none-eabi/7.1.0/../../../../arm-none-eabi/lib/thumb/v7e-m/libg_nano.a(lib_a-ctype_.o)
                                        0x8b1 (size before relaxing)
 .debug_str     0x0000000000001872       0x45 /usr/lib/gcc/arm-none-eabi/7.1.0/../../../../arm-none-eabi/lib/thumb/v7e-m/libg_nano.a(lib_a-mlock.o)
                                        0x5c1 (size before relaxing)
 .debug_str     0x00000000000018b7       0x2c /usr/lib/gcc/arm-none-eabi/7.1.0/../../../../arm-none-eabi/lib/thumb/v7e-m/libg_nano.a(lib_a-nano-freer.o)
                                        0x6c9 (size before relaxing)
 .debug_str     0x00000000000018e3      0x133 /usr/lib/gcc/arm-none-eabi/7.1.0/../../../../arm-none-eabi/lib/thumb/v7e-m/libm.a(lib_a-s_floor.o)
                                        0x617 (size before relaxing)
 .debug_str     0x0000000000001a16       0x57 /usr/lib/gcc/arm-none-eabi/7.1.0/../../../../arm-none-eabi/lib/thumb/v7e-m/libg_nano.a(lib_a-vsnprintf.o)
                                        0x73d (size before relaxing)
 .debug_str     0x0000000000001a6d      0x12e /usr/lib/gcc/arm-none-eabi/7.1.0/../../../../arm-none-eabi/lib/thumb/v7e-m/libg_nano.a(lib_a-nano-svfprintf.o)
                                        0xbef (size before relaxing)
 .debug_str     0x0000000000001b9b       0x91 /usr/lib/gcc/arm-none-eabi/7.1.0/../../../../arm-none-eabi/lib/thumb/v7e-m/libg_nano.a(lib_a-nano-vfprintf_i.o)
                                        0xb8e (size before relaxing)
 .debug_str     0x0000000000001c2c       0xbe /usr/lib/gcc/arm-none-eabi/7.1.0/../../../../arm-none-eabi/lib/thumb/v7e-m/libg_nano.a(lib_a-memmove.o)
                                        0x8e5 (size before relaxing)
 .debug_str     0x0000000000001cea       0x23 /usr/lib/gcc/arm-none-eabi/7.1.0/../../../../arm-none-eabi/lib/thumb/v7e-m/libg_nano.a(lib_a-nano-reallocr.o)
                                        0x6c6 (size before relaxing)
 .debug_str     0x0000000000001d0d        0xf /usr/lib/gcc/arm-none-eabi/7.1.0/../../../../arm-none-eabi/lib/thumb/v7e-m/libg_nano.a(lib_a-nano-msizer.o)
                                        0x6a4 (size before relaxing)

.debug_loc      0x0000000000000000     0x36be
 *(.debug_loc)
 .debug_loc     0x0000000000000000     0x138f /tmp/ccgWIGAt.ltrans0.ltrans.o
 .debug_loc     0x000000000000138f      0x312 /usr/lib/gcc/arm-none-eabi/7.1.0/../../../../arm-none-eabi/lib/thumb/v7e-m/libg_nano.a(lib_a-findfp.o)
 .debug_loc     0x00000000000016a1      0x147 /usr/lib/gcc/arm-none-eabi/7.1.0/../../../../arm-none-eabi/lib/thumb/v7e-m/libg_nano.a(lib_a-locale.o)
 .debug_loc     0x00000000000017e8      0x1dd /usr/lib/gcc/arm-none-eabi/7.1.0/../../../../arm-none-eabi/lib/thumb/v7e-m/libg_nano.a(lib_a-mbtowc_r.o)
 .debug_loc     0x00000000000019c5      0x355 /usr/lib/gcc/arm-none-eabi/7.1.0/../../../../arm-none-eabi/lib/thumb/v7e-m/libg_nano.a(lib_a-nano-mallocr.o)
 .debug_loc     0x0000000000001d1a       0x4d /usr/lib/gcc/arm-none-eabi/7.1.0/../../../../arm-none-eabi/lib/thumb/v7e-m/libg_nano.a(lib_a-sbrkr.o)
 .debug_loc     0x0000000000001d67       0xf8 /usr/lib/gcc/arm-none-eabi/7.1.0/../../../../arm-none-eabi/lib/thumb/v7e-m/libg_nano.a(lib_a-wctomb_r.o)
 .debug_loc     0x0000000000001e5f      0x197 /usr/lib/gcc/arm-none-eabi/7.1.0/../../../../arm-none-eabi/lib/thumb/v7e-m/libg_nano.a(lib_a-nano-freer.o)
 .debug_loc     0x0000000000001ff6      0x301 /usr/lib/gcc/arm-none-eabi/7.1.0/../../../../arm-none-eabi/lib/thumb/v7e-m/libm.a(lib_a-s_floor.o)
 .debug_loc     0x00000000000022f7      0x206 /usr/lib/gcc/arm-none-eabi/7.1.0/../../../../arm-none-eabi/lib/thumb/v7e-m/libg_nano.a(lib_a-vsnprintf.o)
 .debug_loc     0x00000000000024fd      0x6c8 /usr/lib/gcc/arm-none-eabi/7.1.0/../../../../arm-none-eabi/lib/thumb/v7e-m/libg_nano.a(lib_a-nano-svfprintf.o)
 .debug_loc     0x0000000000002bc5      0x6f2 /usr/lib/gcc/arm-none-eabi/7.1.0/../../../../arm-none-eabi/lib/thumb/v7e-m/libg_nano.a(lib_a-nano-vfprintf_i.o)
 .debug_loc     0x00000000000032b7      0x252 /usr/lib/gcc/arm-none-eabi/7.1.0/../../../../arm-none-eabi/lib/thumb/v7e-m/libg_nano.a(lib_a-memmove.o)
 .debug_loc     0x0000000000003509      0x13d /usr/lib/gcc/arm-none-eabi/7.1.0/../../../../arm-none-eabi/lib/thumb/v7e-m/libg_nano.a(lib_a-nano-reallocr.o)
 .debug_loc     0x0000000000003646       0x78 /usr/lib/gcc/arm-none-eabi/7.1.0/../../../../arm-none-eabi/lib/thumb/v7e-m/libg_nano.a(lib_a-nano-msizer.o)

.debug_macinfo
 *(.debug_macinfo)

.debug_weaknames
 *(.debug_weaknames)

.debug_funcnames
 *(.debug_funcnames)

.debug_typenames
 *(.debug_typenames)

.debug_varnames
 *(.debug_varnames)
OUTPUT(stm32experiments.elf elf32-littlearm)

.debug_ranges   0x0000000000000000      0x408
 .debug_ranges  0x0000000000000000      0x268 /tmp/ccgWIGAt.ltrans0.ltrans.o
 .debug_ranges  0x0000000000000268       0x60 /usr/lib/gcc/arm-none-eabi/7.1.0/../../../../arm-none-eabi/lib/thumb/v7e-m/libg_nano.a(lib_a-findfp.o)
 .debug_ranges  0x00000000000002c8       0x20 /usr/lib/gcc/arm-none-eabi/7.1.0/../../../../arm-none-eabi/lib/thumb/v7e-m/libg_nano.a(lib_a-locale.o)
 .debug_ranges  0x00000000000002e8       0x40 /usr/lib/gcc/arm-none-eabi/7.1.0/../../../../arm-none-eabi/lib/thumb/v7e-m/libg_nano.a(lib_a-nano-mallocr.o)
 .debug_ranges  0x0000000000000328       0x38 /usr/lib/gcc/arm-none-eabi/7.1.0/../../../../arm-none-eabi/lib/thumb/v7e-m/libg_nano.a(lib_a-nano-freer.o)
 .debug_ranges  0x0000000000000360       0x38 /usr/lib/gcc/arm-none-eabi/7.1.0/../../../../arm-none-eabi/lib/thumb/v7e-m/libg_nano.a(lib_a-nano-svfprintf.o)
 .debug_ranges  0x0000000000000398       0x70 /usr/lib/gcc/arm-none-eabi/7.1.0/../../../../arm-none-eabi/lib/thumb/v7e-m/libg_nano.a(lib_a-nano-vfprintf_i.o)
