Archive member included to satisfy reference by file (symbol)

/usr/lib/gcc/arm-none-eabi/7.1.0/../../../../arm-none-eabi/lib/thumb/v7e-m/libg_nano.a(lib_a-errno.o)
                              ./system/src/newlib/_sbrk.o (symbol from plugin) (__errno)
/usr/lib/gcc/arm-none-eabi/7.1.0/../../../../arm-none-eabi/lib/thumb/v7e-m/libg_nano.a(lib_a-findfp.o)
                              ./system/src/newlib/_syscalls.o (symbol from plugin) (__sinit)
/usr/lib/gcc/arm-none-eabi/7.1.0/../../../../arm-none-eabi/lib/thumb/v7e-m/libg_nano.a(lib_a-fwalk.o)
                              /usr/lib/gcc/arm-none-eabi/7.1.0/../../../../arm-none-eabi/lib/thumb/v7e-m/libg_nano.a(lib_a-findfp.o) (_fwalk)
/usr/lib/gcc/arm-none-eabi/7.1.0/../../../../arm-none-eabi/lib/thumb/v7e-m/libg_nano.a(lib_a-impure.o)
                              /usr/lib/gcc/arm-none-eabi/7.1.0/../../../../arm-none-eabi/lib/thumb/v7e-m/libg_nano.a(lib_a-findfp.o) (_global_impure_ptr)
/usr/lib/gcc/arm-none-eabi/7.1.0/../../../../arm-none-eabi/lib/thumb/v7e-m/libg_nano.a(lib_a-locale.o)
                              ./system/src/newlib/_syscalls.o (symbol from plugin) (__locale_ctype_ptr)
/usr/lib/gcc/arm-none-eabi/7.1.0/../../../../arm-none-eabi/lib/thumb/v7e-m/libg_nano.a(lib_a-mbtowc_r.o)
                              /usr/lib/gcc/arm-none-eabi/7.1.0/../../../../arm-none-eabi/lib/thumb/v7e-m/libg_nano.a(lib_a-locale.o) (__ascii_mbtowc)
/usr/lib/gcc/arm-none-eabi/7.1.0/../../../../arm-none-eabi/lib/thumb/v7e-m/libg_nano.a(lib_a-memset.o)
                              /usr/lib/gcc/arm-none-eabi/7.1.0/../../../../arm-none-eabi/lib/thumb/v7e-m/libg_nano.a(lib_a-findfp.o) (memset)
/usr/lib/gcc/arm-none-eabi/7.1.0/../../../../arm-none-eabi/lib/thumb/v7e-m/libg_nano.a(lib_a-nano-mallocr.o)
                              /usr/lib/gcc/arm-none-eabi/7.1.0/../../../../arm-none-eabi/lib/thumb/v7e-m/libg_nano.a(lib_a-findfp.o) (_malloc_r)
/usr/lib/gcc/arm-none-eabi/7.1.0/../../../../arm-none-eabi/lib/thumb/v7e-m/libg_nano.a(lib_a-sbrkr.o)
                              /usr/lib/gcc/arm-none-eabi/7.1.0/../../../../arm-none-eabi/lib/thumb/v7e-m/libg_nano.a(lib_a-nano-mallocr.o) (_sbrk_r)
/usr/lib/gcc/arm-none-eabi/7.1.0/../../../../arm-none-eabi/lib/thumb/v7e-m/libg_nano.a(lib_a-stdio.o)
                              /usr/lib/gcc/arm-none-eabi/7.1.0/../../../../arm-none-eabi/lib/thumb/v7e-m/libg_nano.a(lib_a-findfp.o) (__sread)
/usr/lib/gcc/arm-none-eabi/7.1.0/../../../../arm-none-eabi/lib/thumb/v7e-m/libg_nano.a(lib_a-strcmp.o)
                              /usr/lib/gcc/arm-none-eabi/7.1.0/../../../../arm-none-eabi/lib/thumb/v7e-m/libg_nano.a(lib_a-locale.o) (strcmp)
/usr/lib/gcc/arm-none-eabi/7.1.0/../../../../arm-none-eabi/lib/thumb/v7e-m/libg_nano.a(lib_a-wctomb_r.o)
                              /usr/lib/gcc/arm-none-eabi/7.1.0/../../../../arm-none-eabi/lib/thumb/v7e-m/libg_nano.a(lib_a-locale.o) (__ascii_wctomb)
/usr/lib/gcc/arm-none-eabi/7.1.0/../../../../arm-none-eabi/lib/thumb/v7e-m/libg_nano.a(lib_a-writer.o)
                              /usr/lib/gcc/arm-none-eabi/7.1.0/../../../../arm-none-eabi/lib/thumb/v7e-m/libg_nano.a(lib_a-stdio.o) (_write_r)
/usr/lib/gcc/arm-none-eabi/7.1.0/../../../../arm-none-eabi/lib/thumb/v7e-m/libg_nano.a(lib_a-closer.o)
                              /usr/lib/gcc/arm-none-eabi/7.1.0/../../../../arm-none-eabi/lib/thumb/v7e-m/libg_nano.a(lib_a-stdio.o) (_close_r)
/usr/lib/gcc/arm-none-eabi/7.1.0/../../../../arm-none-eabi/lib/thumb/v7e-m/libg_nano.a(lib_a-ctype_.o)
                              /usr/lib/gcc/arm-none-eabi/7.1.0/../../../../arm-none-eabi/lib/thumb/v7e-m/libg_nano.a(lib_a-locale.o) (_ctype_)
/usr/lib/gcc/arm-none-eabi/7.1.0/../../../../arm-none-eabi/lib/thumb/v7e-m/libg_nano.a(lib_a-fflush.o)
                              /usr/lib/gcc/arm-none-eabi/7.1.0/../../../../arm-none-eabi/lib/thumb/v7e-m/libg_nano.a(lib_a-findfp.o) (_fflush_r)
/usr/lib/gcc/arm-none-eabi/7.1.0/../../../../arm-none-eabi/lib/thumb/v7e-m/libg_nano.a(lib_a-lseekr.o)
                              /usr/lib/gcc/arm-none-eabi/7.1.0/../../../../arm-none-eabi/lib/thumb/v7e-m/libg_nano.a(lib_a-stdio.o) (_lseek_r)
/usr/lib/gcc/arm-none-eabi/7.1.0/../../../../arm-none-eabi/lib/thumb/v7e-m/libg_nano.a(lib_a-mlock.o)
                              /usr/lib/gcc/arm-none-eabi/7.1.0/../../../../arm-none-eabi/lib/thumb/v7e-m/libg_nano.a(lib_a-nano-mallocr.o) (__malloc_lock)
/usr/lib/gcc/arm-none-eabi/7.1.0/../../../../arm-none-eabi/lib/thumb/v7e-m/libg_nano.a(lib_a-nano-freer.o)
                              /usr/lib/gcc/arm-none-eabi/7.1.0/../../../../arm-none-eabi/lib/thumb/v7e-m/libg_nano.a(lib_a-fflush.o) (_free_r)
/usr/lib/gcc/arm-none-eabi/7.1.0/../../../../arm-none-eabi/lib/thumb/v7e-m/libg_nano.a(lib_a-readr.o)
                              /usr/lib/gcc/arm-none-eabi/7.1.0/../../../../arm-none-eabi/lib/thumb/v7e-m/libg_nano.a(lib_a-stdio.o) (_read_r)
/usr/lib/gcc/arm-none-eabi/7.1.0/../../../../arm-none-eabi/lib/thumb/v7e-m/libm.a(lib_a-s_floor.o)
[...]
Memory Configuration

Name             Origin             Length             Attributes
RAM              0x0000000020000000 0x0000000000020000 xrw
CCMRAM           0x0000000010000000 0x0000000000010000 xrw
FLASH            0x0000000008000000 0x0000000000100000 xr
FLASHB1          0x0000000000000000 0x0000000000000000 xr
EXTMEMB0         0x0000000000000000 0x0000000000000000 xr
EXTMEMB1         0x0000000000000000 0x0000000000000000 xr
EXTMEMB2         0x0000000000000000 0x0000000000000000 xr
EXTMEMB3         0x0000000000000000 0x0000000000000000 xr
MEMORY_ARRAY     0x0000000020002000 0x0000000000000020 xrw
*default*        0x0000000000000000 0xffffffffffffffff

Linker script and memory map

LOAD ./system/src/newlib/_cxx.o
LOAD /tmp/ccsNTR4r.ltrans0.ltrans.o
LOAD ./system/src/newlib/_exit.o
LOAD ./system/src/newlib/_sbrk.o
LOAD ./system/src/newlib/_startup.o
LOAD ./system/src/newlib/_syscalls.o
LOAD ./system/src/newlib/assert.o
LOAD ./system/src/diag/Trace.o
LOAD ./system/src/diag/trace_impl.o
LOAD ./system/src/cortexm/_initialize_hardware.o
LOAD ./system/src/cortexm/_reset_hardware.o
LOAD ./system/src/cortexm/exception_handlers.o
LOAD ./system/src/cmsis/system_stm32f4xx.o
LOAD ./system/src/cmsis/vectors_stm32f407xx.o
LOAD ./src/_write.o
LOAD ./src/hal.o
LOAD ./src/main.o
LOAD /usr/lib/gcc/arm-none-eabi/7.1.0/../../../../arm-none-eabi/lib/thumb/v7e-m/libstdc++_nano.a
LOAD /usr/lib/gcc/arm-none-eabi/7.1.0/../../../../arm-none-eabi/lib/thumb/v7e-m/libm.a
START GROUP
LOAD /usr/lib/gcc/arm-none-eabi/7.1.0/thumb/v7e-m/libgcc.a
LOAD /usr/lib/gcc/arm-none-eabi/7.1.0/../../../../arm-none-eabi/lib/thumb/v7e-m/libg_nano.a
LOAD /usr/lib/gcc/arm-none-eabi/7.1.0/../../../../arm-none-eabi/lib/thumb/v7e-m/libc_nano.a
END GROUP
START GROUP
LOAD /usr/lib/gcc/arm-none-eabi/7.1.0/thumb/v7e-m/libgcc.a
LOAD /usr/lib/gcc/arm-none-eabi/7.1.0/../../../../arm-none-eabi/lib/thumb/v7e-m/libc_nano.a
END GROUP
                0x0000000020020000                __stack = (ORIGIN (RAM) + LENGTH (RAM))
                0x0000000020020000                _estack = __stack
                0x0000000000000400                __Main_Stack_Size = 0x400
                [!provide]                        PROVIDE (_Main_Stack_Size, __Main_Stack_Size)
                0x000000002001fc00                __Main_Stack_Limit = (__stack - __Main_Stack_Size)
                [!provide]                        PROVIDE (_Main_Stack_Limit, __Main_Stack_Limit)
                0x0000000000000100                _Minimum_Stack_Size = 0x100
                0x00000000200003c0                PROVIDE (_Heap_Begin, _end_noinit)
                0x000000002001fc00                PROVIDE (_Heap_Limit, (__stack - __Main_Stack_Size))

.isr_vector     0x0000000008000000      0x3c0
 FILL mask 0xff
                0x0000000008000000                __vectors_start = ABSOLUTE (.)
                0x0000000008000000                __vectors_start__ = ABSOLUTE (.)
 *(.isr_vector)
 .isr_vector    0x0000000008000000      0x188 /tmp/ccsNTR4r.ltrans0.ltrans.o
                0x0000000008000000                __isr_vectors
 *(.cfmconfig)
 *(.after_vectors .after_vectors.*)
 .after_vectors
                0x0000000008000188      0x238 /tmp/ccsNTR4r.ltrans0.ltrans.o
                0x00000000080001de                UsageFault_Handler_C
                0x0000000008000210                BusFault_Handler_C
                0x0000000008000244                HardFault_Handler_C
                0x00000000080002a4                _start

.inits          0x00000000080003c0       0x28
                0x00000000080003c0                __data_regions_array_start = .
                0x00000000080003c0        0x4 LONG 0x8002580 LOADADDR (.data)
                0x00000000080003c4        0x4 LONG 0x20000000 ADDR (.data)
                0x00000000080003c8        0x4 LONG 0x200001dc (ADDR (.data) + SIZEOF (.data))
                0x00000000080003cc        0x4 LONG 0x8002580 LOADADDR (.data_CCMRAM)
                0x00000000080003d0        0x4 LONG 0x10000000 ADDR (.data_CCMRAM)
                0x00000000080003d4        0x4 LONG 0x10000000 (ADDR (.data_CCMRAM) + SIZEOF (.data_CCMRAM))
                0x00000000080003d8                __data_regions_array_end = .
                0x00000000080003d8                __bss_regions_array_start = .
                0x00000000080003d8        0x4 LONG 0x200001dc ADDR (.bss)
                0x00000000080003dc        0x4 LONG 0x200003c0 (ADDR (.bss) + SIZEOF (.bss))
                0x00000000080003e0        0x4 LONG 0x10000000 ADDR (.bss_CCMRAM)
                0x00000000080003e4        0x4 LONG 0x10000000 (ADDR (.bss_CCMRAM) + SIZEOF (.bss_CCMRAM))
                0x00000000080003e8                __bss_regions_array_end = .
 *(.init)
 *(.fini)
                0x00000000080003e8                . = ALIGN (0x4)
                0x00000000080003e8                PROVIDE (__preinit_array_start, .)
 *(.preinit_array_sysinit .preinit_array_sysinit.*)
 *(.preinit_array_platform .preinit_array_platform.*)
 *(.preinit_array .preinit_array.*)
                0x00000000080003e8                PROVIDE (__preinit_array_end, .)
                0x00000000080003e8                . = ALIGN (0x4)
                0x00000000080003e8                PROVIDE (__init_array_start, .)
 *(SORT(.init_array.*))
 *(.init_array)
                0x00000000080003e8                PROVIDE (__init_array_end, .)
                0x00000000080003e8                . = ALIGN (0x4)
                0x00000000080003e8                PROVIDE (__fini_array_start, .)
 *(SORT(.fini_array.*))
 *(.fini_array)
                0x00000000080003e8                PROVIDE (__fini_array_end, .)

.flashtext
 *(.flashtext .flashtext.*)

.text           0x00000000080003f0     0x218e
 *(.text .text.*)
 .text._Z14NextBrightnessv
                0x00000000080003f0      0x128 /tmp/ccsNTR4r.ltrans0.ltrans.o
 .text._Z12SetFullClockv
                0x0000000008000518      0x130 /tmp/ccsNTR4r.ltrans0.ltrans.o
 .text._Z18InitializeHardwarev
                0x0000000008000648       0xbc /tmp/ccsNTR4r.ltrans0.ltrans.o
 .text.SystemCoreClockUpdate
                0x0000000008000704       0xa0 /tmp/ccsNTR4r.ltrans0.ltrans.o
 .text.SystemInit
                0x00000000080007a4       0x40 /tmp/ccsNTR4r.ltrans0.ltrans.o
 .text.__initialize_hardware
                0x00000000080007e4        0x8 /tmp/ccsNTR4r.ltrans0.ltrans.o
 .text.__initialize_hardware_early
                0x00000000080007ec       0x18 /tmp/ccsNTR4r.ltrans0.ltrans.o
 .text._trace_write_semihosting_debug
                0x0000000008000804       0x60 /tmp/ccsNTR4r.ltrans0.ltrans.o
 .text.trace_write
                0x0000000008000864        0x8 /tmp/ccsNTR4r.ltrans0.ltrans.o
 .text.initialise_monitor_handles
                0x000000000800086c       0xa8 /tmp/ccsNTR4r.ltrans0.ltrans.o
 .text._Z15CorrectPWMLevelfh
                0x0000000008000914       0x3c /tmp/ccsNTR4r.ltrans0.ltrans.o
 .text.main     0x0000000008000950       0x84 /tmp/ccsNTR4r.ltrans0.ltrans.o
 .text.isSemihosting
                0x00000000080009d4      0x100 /tmp/ccsNTR4r.ltrans0.ltrans.o
 .text.trace_printf
                0x0000000008000ad4       0x30 /tmp/ccsNTR4r.ltrans0.ltrans.o
 .text.dumpExceptionStack
                0x0000000008000b04       0xf4 /tmp/ccsNTR4r.ltrans0.ltrans.o
 .text.__initialize_args
                0x0000000008000bf8       0xd0 /tmp/ccsNTR4r.ltrans0.ltrans.o
 .text._sbrk    0x0000000008000cc8       0x44 /tmp/ccsNTR4r.ltrans0.ltrans.o
                0x0000000008000cc8                _sbrk
 .text.__errno  0x0000000008000d0c        0xc /usr/lib/gcc/arm-none-eabi/7.1.0/../../../../arm-none-eabi/lib/thumb/v7e-m/libg_nano.a(lib_a-errno.o)
                0x0000000008000d0c                __errno
 .text.__locale_ctype_ptr
                0x0000000008000d18       0x1c /usr/lib/gcc/arm-none-eabi/7.1.0/../../../../arm-none-eabi/lib/thumb/v7e-m/libg_nano.a(lib_a-locale.o)
                0x0000000008000d18                __locale_ctype_ptr
 .text.__ascii_mbtowc
                0x0000000008000d34       0x24 /usr/lib/gcc/arm-none-eabi/7.1.0/../../../../arm-none-eabi/lib/thumb/v7e-m/libg_nano.a(lib_a-mbtowc_r.o)
                0x0000000008000d34                __ascii_mbtowc
 .text._malloc_r
                0x0000000008000d58       0xb4 /usr/lib/gcc/arm-none-eabi/7.1.0/../../../../arm-none-eabi/lib/thumb/v7e-m/libg_nano.a(lib_a-nano-mallocr.o)
                0x0000000008000d58                _malloc_r
 .text._sbrk_r  0x0000000008000e0c       0x20 /usr/lib/gcc/arm-none-eabi/7.1.0/../../../../arm-none-eabi/lib/thumb/v7e-m/libg_nano.a(lib_a-sbrkr.o)
                0x0000000008000e0c                _sbrk_r
 .text          0x0000000008000e2c       0x14 /usr/lib/gcc/arm-none-eabi/7.1.0/../../../../arm-none-eabi/lib/thumb/v7e-m/libg_nano.a(lib_a-strcmp.o)
                0x0000000008000e2c                strcmp
 .text.__ascii_wctomb
                0x0000000008000e40       0x1a /usr/lib/gcc/arm-none-eabi/7.1.0/../../../../arm-none-eabi/lib/thumb/v7e-m/libg_nano.a(lib_a-wctomb_r.o)
                0x0000000008000e40                __ascii_wctomb
 .text.__malloc_lock
                0x0000000008000e5a        0x2 /usr/lib/gcc/arm-none-eabi/7.1.0/../../../../arm-none-eabi/lib/thumb/v7e-m/libg_nano.a(lib_a-mlock.o)
                0x0000000008000e5a                __malloc_lock
 .text.__malloc_unlock
                0x0000000008000e5c        0x2 /usr/lib/gcc/arm-none-eabi/7.1.0/../../../../arm-none-eabi/lib/thumb/v7e-m/libg_nano.a(lib_a-mlock.o)
                0x0000000008000e5c                __malloc_unlock
 *fill*         0x0000000008000e5e        0x2 
 .text._free_r  0x0000000008000e60       0x9c /usr/lib/gcc/arm-none-eabi/7.1.0/../../../../arm-none-eabi/lib/thumb/v7e-m/libg_nano.a(lib_a-nano-freer.o)
                0x0000000008000e60                _free_r
 *fill*         0x0000000008000efc        0x4 
 .text.floor    0x0000000008000f00      0x108 /usr/lib/gcc/arm-none-eabi/7.1.0/../../../../arm-none-eabi/lib/thumb/v7e-m/libm.a(lib_a-s_floor.o)
                0x0000000008000f00                floor
 .text          0x0000000008001008      0x378 /usr/lib/gcc/arm-none-eabi/7.1.0/thumb/v7e-m/libgcc.a(_arm_addsubdf3.o)
                0x0000000008001008                __aeabi_drsub
                0x0000000008001010                __aeabi_dsub
                0x0000000008001010                __subdf3
                0x0000000008001014                __adddf3
                0x0000000008001014                __aeabi_dadd
                0x000000000800128c                __aeabi_ui2d
                0x000000000800128c                __floatunsidf
                0x00000000080012ac                __floatsidf
                0x00000000080012ac                __aeabi_i2d
                0x00000000080012d0                __extendsfdf2
                0x00000000080012d0                __aeabi_f2d
                0x0000000008001314                __aeabi_ul2d
                0x0000000008001314                __floatundidf
                0x0000000008001324                __floatdidf
                0x0000000008001324                __aeabi_l2d
 .text          0x0000000008001380      0x110 /usr/lib/gcc/arm-none-eabi/7.1.0/thumb/v7e-m/libgcc.a(_arm_cmpdf2.o)
                0x0000000008001380                __gtdf2
                0x0000000008001380                __gedf2
                0x0000000008001388                __ltdf2
                0x0000000008001388                __ledf2
                0x0000000008001390                __cmpdf2
                0x0000000008001390                __eqdf2
                0x0000000008001390                __nedf2
                0x000000000800140c                __aeabi_cdrcmple
                0x000000000800141c                __aeabi_cdcmple
                0x000000000800141c                __aeabi_cdcmpeq
                0x000000000800142c                __aeabi_dcmpeq
                0x0000000008001440                __aeabi_dcmplt
                0x0000000008001454                __aeabi_dcmple
                0x0000000008001468                __aeabi_dcmpge
                0x000000000800147c                __aeabi_dcmpgt
 .text          0x0000000008001490       0x40 /usr/lib/gcc/arm-none-eabi/7.1.0/thumb/v7e-m/libgcc.a(_arm_fixunsdfsi.o)
                0x0000000008001490                __fixunsdfsi
                0x0000000008001490                __aeabi_d2uiz
 .text          0x00000000080014d0       0xa0 /usr/lib/gcc/arm-none-eabi/7.1.0/thumb/v7e-m/libgcc.a(_arm_truncdfsf2.o)
                0x00000000080014d0                __aeabi_d2f
                0x00000000080014d0                __truncdfsf2
 .text          0x0000000008001570      0x21c /usr/lib/gcc/arm-none-eabi/7.1.0/thumb/v7e-m/libgcc.a(_arm_addsubsf3.o)
                0x0000000008001570                __aeabi_frsub
                0x0000000008001578                __subsf3
                0x0000000008001578                __aeabi_fsub
                0x000000000800157c                __aeabi_fadd
                0x000000000800157c                __addsf3
                0x00000000080016dc                __aeabi_ui2f
                0x00000000080016dc                __floatunsisf
                0x00000000080016e4                __aeabi_i2f
                0x00000000080016e4                __floatsisf
                0x0000000008001700                __floatundisf
                0x0000000008001700                __aeabi_ul2f
                0x0000000008001710                __floatdisf
                0x0000000008001710                __aeabi_l2f
 .text          0x000000000800178c      0x2a0 /usr/lib/gcc/arm-none-eabi/7.1.0/thumb/v7e-m/libgcc.a(_arm_muldivsf3.o)
                0x000000000800178c                __mulsf3
                0x000000000800178c                __aeabi_fmul
                0x00000000080018f4                __divsf3
                0x00000000080018f4                __aeabi_fdiv
 .text          0x0000000008001a2c       0xec /usr/lib/gcc/arm-none-eabi/7.1.0/thumb/v7e-m/libgcc.a(_arm_cmpsf2.o)
                0x0000000008001a2c                __gtsf2
                0x0000000008001a2c                __gesf2
                0x0000000008001a34                __lesf2
                0x0000000008001a34                __ltsf2
                0x0000000008001a3c                __nesf2
                0x0000000008001a3c                __eqsf2
                0x0000000008001a3c                __cmpsf2
                0x0000000008001a9c                __aeabi_cfrcmple
                0x0000000008001aa4                __aeabi_cfcmple
                0x0000000008001aa4                __aeabi_cfcmpeq
                0x0000000008001ab4                __aeabi_fcmpeq
                0x0000000008001ac8                __aeabi_fcmplt
                0x0000000008001adc                __aeabi_fcmple
                0x0000000008001af0                __aeabi_fcmpge
                0x0000000008001b04                __aeabi_fcmpgt
 .text._vsnprintf_r
                0x0000000008001b18       0x58 /usr/lib/gcc/arm-none-eabi/7.1.0/../../../../arm-none-eabi/lib/thumb/v7e-m/libg_nano.a(lib_a-vsnprintf.o)
                0x0000000008001b18                _vsnprintf_r
                0x0000000008001b18                _vsniprintf_r
 .text.vsnprintf
                0x0000000008001b70       0x1c /usr/lib/gcc/arm-none-eabi/7.1.0/../../../../arm-none-eabi/lib/thumb/v7e-m/libg_nano.a(lib_a-vsnprintf.o)
                0x0000000008001b70                vsnprintf
                0x0000000008001b70                vsniprintf
 .text.__ssputs_r
                0x0000000008001b8c       0xb4 /usr/lib/gcc/arm-none-eabi/7.1.0/../../../../arm-none-eabi/lib/thumb/v7e-m/libg_nano.a(lib_a-nano-svfprintf.o)
                0x0000000008001b8c                __ssputs_r
 .text._svfprintf_r
                0x0000000008001c40      0x1ec /usr/lib/gcc/arm-none-eabi/7.1.0/../../../../arm-none-eabi/lib/thumb/v7e-m/libg_nano.a(lib_a-nano-svfprintf.o)
                0x0000000008001c40                _svfprintf_r
                0x0000000008001c40                _svfiprintf_r
 .text._printf_common
                0x0000000008001e2c       0xea /usr/lib/gcc/arm-none-eabi/7.1.0/../../../../arm-none-eabi/lib/thumb/v7e-m/libg_nano.a(lib_a-nano-vfprintf_i.o)
                0x0000000008001e2c                _printf_common
 *fill*         0x0000000008001f16        0x2 
 .text._printf_i
                0x0000000008001f18      0x224 /usr/lib/gcc/arm-none-eabi/7.1.0/../../../../arm-none-eabi/lib/thumb/v7e-m/libg_nano.a(lib_a-nano-vfprintf_i.o)
                0x0000000008001f18                _printf_i
 *fill*         0x000000000800213c        0x4 
 .text          0x0000000008002140       0xa0 /usr/lib/gcc/arm-none-eabi/7.1.0/../../../../arm-none-eabi/lib/thumb/v7e-m/libg_nano.a(lib_a-memchr.o)
                0x0000000008002140                memchr
 .text.memcpy   0x00000000080021e0       0x16 /usr/lib/gcc/arm-none-eabi/7.1.0/../../../../arm-none-eabi/lib/thumb/v7e-m/libg_nano.a(lib_a-memcpy-stub.o)
                0x00000000080021e0                memcpy
 .text.memmove  0x00000000080021f6       0x32 /usr/lib/gcc/arm-none-eabi/7.1.0/../../../../arm-none-eabi/lib/thumb/v7e-m/libg_nano.a(lib_a-memmove.o)
                0x00000000080021f6                memmove
 .text._realloc_r
                0x0000000008002228       0x4c /usr/lib/gcc/arm-none-eabi/7.1.0/../../../../arm-none-eabi/lib/thumb/v7e-m/libg_nano.a(lib_a-nano-reallocr.o)
                0x0000000008002228                _realloc_r
 .text._malloc_usable_size_r
                0x0000000008002274       0x10 /usr/lib/gcc/arm-none-eabi/7.1.0/../../../../arm-none-eabi/lib/thumb/v7e-m/libg_nano.a(lib_a-nano-msizer.o)
                0x0000000008002274                _malloc_usable_size_r
 *(.rodata .rodata.* .constdata .constdata.*)
 .rodata.AHBPrescTable
                0x0000000008002284       0x10 /tmp/ccsNTR4r.ltrans0.ltrans.o
 .rodata.dumpExceptionStack.str1.4
                0x0000000008002294      0x11a /tmp/ccsNTR4r.ltrans0.ltrans.o
 *fill*         0x00000000080023ae        0x2 
 .rodata.initialise_monitor_handles.str1.4
                0x00000000080023b0        0x4 /tmp/ccsNTR4r.ltrans0.ltrans.o
 .rodata.str1.4
                0x00000000080023b4       0x2c /tmp/ccsNTR4r.ltrans0.ltrans.o
                                         0x29 (size before relaxing)
 .rodata.__sf_fake_stderr
                0x00000000080023e0       0x20 /usr/lib/gcc/arm-none-eabi/7.1.0/../../../../arm-none-eabi/lib/thumb/v7e-m/libg_nano.a(lib_a-findfp.o)
                0x00000000080023e0                __sf_fake_stderr
 .rodata.__sf_fake_stdin
                0x0000000008002400       0x20 /usr/lib/gcc/arm-none-eabi/7.1.0/../../../../arm-none-eabi/lib/thumb/v7e-m/libg_nano.a(lib_a-findfp.o)
                0x0000000008002400                __sf_fake_stdin
 .rodata.__sf_fake_stdout
                0x0000000008002420       0x20 /usr/lib/gcc/arm-none-eabi/7.1.0/../../../../arm-none-eabi/lib/thumb/v7e-m/libg_nano.a(lib_a-findfp.o)
                0x0000000008002420                __sf_fake_stdout
 .rodata._setlocale_r.str1.1
                0x0000000008002440        0x8 /usr/lib/gcc/arm-none-eabi/7.1.0/../../../../arm-none-eabi/lib/thumb/v7e-m/libg_nano.a(lib_a-locale.o)
                                          0x9 (size before relaxing)
 .rodata.str1.1
                0x0000000008002448        0x2 /usr/lib/gcc/arm-none-eabi/7.1.0/../../../../arm-none-eabi/lib/thumb/v7e-m/libg_nano.a(lib_a-locale.o)
 .rodata._ctype_
                0x000000000800244a      0x101 /usr/lib/gcc/arm-none-eabi/7.1.0/../../../../arm-none-eabi/lib/thumb/v7e-m/libg_nano.a(lib_a-ctype_.o)
                0x000000000800244a                _ctype_
 .rodata._svfprintf_r.str1.1
                0x000000000800254b       0x11 /usr/lib/gcc/arm-none-eabi/7.1.0/../../../../arm-none-eabi/lib/thumb/v7e-m/libg_nano.a(lib_a-nano-svfprintf.o)
 .rodata._printf_i.str1.1
                0x000000000800255c       0x22 /usr/lib/gcc/arm-none-eabi/7.1.0/../../../../arm-none-eabi/lib/thumb/v7e-m/libg_nano.a(lib_a-nano-vfprintf_i.o)
 *(vtable)
 *(.eh_frame*)
 *(.glue_7)
 .glue_7        0x000000000800257e        0x0 linker stubs
 *(.glue_7t)
 .glue_7t       0x000000000800257e        0x0 linker stubs

.vfp11_veneer   0x0000000008002580        0x0
 .vfp11_veneer  0x0000000008002580        0x0 linker stubs

.v4_bx          0x0000000008002580        0x0
 .v4_bx         0x0000000008002580        0x0 linker stubs

.iplt           0x0000000008002580        0x0
 .iplt          0x0000000008002580        0x0 /usr/lib/gcc/arm-none-eabi/7.1.0/../../../../arm-none-eabi/lib/thumb/v7e-m/libg_nano.a(lib_a-errno.o)

.rel.dyn        0x0000000008002580        0x0
 .rel.iplt      0x0000000008002580        0x0 /usr/lib/gcc/arm-none-eabi/7.1.0/../../../../arm-none-eabi/lib/thumb/v7e-m/libg_nano.a(lib_a-errno.o)

.ARM.extab
 *(.ARM.extab* .gnu.linkonce.armextab.*)
                0x0000000008002580                . = ALIGN (0x4)
                0x0000000008002580                __exidx_start = .

.ARM.exidx
 *(.ARM.exidx* .gnu.linkonce.armexidx.*)
                0x0000000008002580                __exidx_end = .
                0x0000000008002580                . = ALIGN (0x4)
                0x0000000008002580                _etext = .
                0x0000000008002580                __etext = .

.data_CCMRAM    0x0000000010000000        0x0 load address 0x0000000008002580
 FILL mask 0xff
 *(.data.CCMRAM .data.CCMRAM.*)
                0x0000000010000000                . = ALIGN (0x4)
                0x0000000008002580                _sidata = LOADADDR (.data)

.data           0x0000000020000000      0x1dc load address 0x0000000008002580
 FILL mask 0xff
                0x0000000020000000                _sdata = .
                0x0000000020000000                __data_start__ = .
 *(.data_begin .data_begin.*)
 .data_begin    0x0000000020000000        0x4 /tmp/ccsNTR4r.ltrans0.ltrans.o
 *(.data .data.*)
 .data.SystemCoreClock
                0x0000000020000004        0x4 /tmp/ccsNTR4r.ltrans0.ltrans.o
 .data._impure_ptr
                0x0000000020000008        0x4 /usr/lib/gcc/arm-none-eabi/7.1.0/../../../../arm-none-eabi/lib/thumb/v7e-m/libg_nano.a(lib_a-impure.o)
                0x0000000020000008                _impure_ptr
 .data.impure_data
                0x000000002000000c       0x60 /usr/lib/gcc/arm-none-eabi/7.1.0/../../../../arm-none-eabi/lib/thumb/v7e-m/libg_nano.a(lib_a-impure.o)
 .data.__global_locale
                0x000000002000006c      0x16c /usr/lib/gcc/arm-none-eabi/7.1.0/../../../../arm-none-eabi/lib/thumb/v7e-m/libg_nano.a(lib_a-locale.o)
                0x000000002000006c                __global_locale
 *(.data_end .data_end.*)
 .data_end      0x00000000200001d8        0x4 /tmp/ccsNTR4r.ltrans0.ltrans.o
                0x00000000200001dc                . = ALIGN (0x4)
                0x00000000200001dc                _edata = .
                0x00000000200001dc                __data_end__ = .

.igot.plt       0x00000000200001dc        0x0 load address 0x000000000800275c
 .igot.plt      0x00000000200001dc        0x0 /usr/lib/gcc/arm-none-eabi/7.1.0/../../../../arm-none-eabi/lib/thumb/v7e-m/libg_nano.a(lib_a-errno.o)

.bss_CCMRAM     0x0000000010000000        0x0
 *(.bss.CCMRAM .bss.CCMRAM.*)

.bss            0x00000000200001dc      0x1e4
                0x00000000200001dc                __bss_start__ = .
                0x00000000200001dc                _sbss = .
 *(.bss_begin .bss_begin.*)
 .bss_begin     0x00000000200001dc        0x4 /tmp/ccsNTR4r.ltrans0.ltrans.o
 *(.bss .bss.*)
 .bss.args_buf.6244
                0x00000000200001e0       0x50 /tmp/ccsNTR4r.ltrans0.ltrans.o
 .bss.argv_buf.6245
                0x0000000020000230       0x28 /tmp/ccsNTR4r.ltrans0.ltrans.o
 .bss.brightness
                0x0000000020000258        0xc /tmp/ccsNTR4r.ltrans0.ltrans.o
 .bss.brightness_state
                0x0000000020000264        0x1 /tmp/ccsNTR4r.ltrans0.ltrans.o
 *fill*         0x0000000020000265        0x3 
 .bss.buf.5598  0x0000000020000268       0x80 /tmp/ccsNTR4r.ltrans0.ltrans.o
 .bss.correction_a
                0x00000000200002e8        0xc /tmp/ccsNTR4r.ltrans0.ltrans.o
 .bss.correction_b
                0x00000000200002f4        0xc /tmp/ccsNTR4r.ltrans0.ltrans.o
 .bss.current_heap_end.4393
                0x0000000020000300        0x4 /tmp/ccsNTR4r.ltrans0.ltrans.o
 .bss.monitor_stderr
                0x0000000020000304        0x4 /tmp/ccsNTR4r.ltrans0.ltrans.o
 .bss.monitor_stdin
                0x0000000020000308        0x4 /tmp/ccsNTR4r.ltrans0.ltrans.o
 .bss.monitor_stdout
                0x000000002000030c        0x4 /tmp/ccsNTR4r.ltrans0.ltrans.o
 .bss.openfiles
                0x0000000020000310       0xa0 /tmp/ccsNTR4r.ltrans0.ltrans.o
 .bss.__malloc_free_list
                0x00000000200003b0        0x4 /usr/lib/gcc/arm-none-eabi/7.1.0/../../../../arm-none-eabi/lib/thumb/v7e-m/libg_nano.a(lib_a-nano-mallocr.o)
                0x00000000200003b0                __malloc_free_list
 .bss.__malloc_sbrk_start
                0x00000000200003b4        0x4 /usr/lib/gcc/arm-none-eabi/7.1.0/../../../../arm-none-eabi/lib/thumb/v7e-m/libg_nano.a(lib_a-nano-mallocr.o)
                0x00000000200003b4                __malloc_sbrk_start
 *(COMMON)
 COMMON         0x00000000200003b8        0x4 /tmp/ccsNTR4r.ltrans0.ltrans.o
                0x00000000200003b8                errno
 *(.bss_end .bss_end.*)
 .bss_end       0x00000000200003bc        0x4 /tmp/ccsNTR4r.ltrans0.ltrans.o
                0x00000000200003c0                . = ALIGN (0x4)
                0x00000000200003c0                __bss_end__ = .
                0x00000000200003c0                _ebss = .

.noinit_CCMRAM
 *(.noinit.CCMRAM .noinit.CCMRAM.*)

.noinit         0x00000000200003c0        0x0
                0x00000000200003c0                _noinit = .
 *(.noinit .noinit.*)
                0x00000000200003c0                . = ALIGN (0x4)
                0x00000000200003c0                _end_noinit = .
                [!provide]                        PROVIDE (end, _end_noinit)
                [!provide]                        PROVIDE (_end, _end_noinit)
                [!provide]                        PROVIDE (__end, _end_noinit)
                [!provide]                        PROVIDE (__end__, _end_noinit)

._check_stack   0x00000000200003c0      0x100
                0x00000000200004c0                . = (. + _Minimum_Stack_Size)
 *fill*         0x00000000200003c0      0x100 

.b1text
 *(.b1text)
 *(.b1rodata)
 *(.b1rodata.*)

.eb0text
 *(.eb0text)
 *(.eb0rodata)
 *(.eb0rodata.*)

.eb1text
 *(.eb1text)
 *(.eb1rodata)
 *(.eb1rodata.*)

.eb2text
 *(.eb2text)
 *(.eb2rodata)
 *(.eb2rodata.*)

.eb3text
 *(.eb3text)
 *(.eb3rodata)
 *(.eb3rodata.*)

.stab
 *(.stab)

.stabstr
 *(.stabstr)

.stab.excl
 *(.stab.excl)

.stab.exclstr
 *(.stab.exclstr)

.stab.index
 *(.stab.index)

.stab.indexstr
 *(.stab.indexstr)

.comment        0x0000000000000000       0x42
 *(.comment)
 .comment       0x0000000000000000       0x21 /tmp/ccsNTR4r.ltrans0.ltrans.o
                                         0x22 (size before relaxing)
 .comment       0x0000000000000021       0x21 /usr/lib/gcc/arm-none-eabi/7.1.0/../../../../arm-none-eabi/lib/thumb/v7e-m/libg_nano.a(lib_a-errno.o)
                                         0x22 (size before relaxing)
 .comment       0x0000000000000042       0x22 /usr/lib/gcc/arm-none-eabi/7.1.0/../../../../arm-none-eabi/lib/thumb/v7e-m/libg_nano.a(lib_a-findfp.o)
 .comment       0x0000000000000042       0x22 /usr/lib/gcc/arm-none-eabi/7.1.0/../../../../arm-none-eabi/lib/thumb/v7e-m/libg_nano.a(lib_a-impure.o)
 .comment       0x0000000000000042       0x22 /usr/lib/gcc/arm-none-eabi/7.1.0/../../../../arm-none-eabi/lib/thumb/v7e-m/libg_nano.a(lib_a-locale.o)
 .comment       0x0000000000000042       0x22 /usr/lib/gcc/arm-none-eabi/7.1.0/../../../../arm-none-eabi/lib/thumb/v7e-m/libg_nano.a(lib_a-mbtowc_r.o)
 .comment       0x0000000000000042       0x22 /usr/lib/gcc/arm-none-eabi/7.1.0/../../../../arm-none-eabi/lib/thumb/v7e-m/libg_nano.a(lib_a-nano-mallocr.o)
 .comment       0x0000000000000042       0x22 /usr/lib/gcc/arm-none-eabi/7.1.0/../../../../arm-none-eabi/lib/thumb/v7e-m/libg_nano.a(lib_a-sbrkr.o)
 .comment       0x0000000000000042       0x22 /usr/lib/gcc/arm-none-eabi/7.1.0/../../../../arm-none-eabi/lib/thumb/v7e-m/libg_nano.a(lib_a-wctomb_r.o)
 .comment       0x0000000000000042       0x22 /usr/lib/gcc/arm-none-eabi/7.1.0/../../../../arm-none-eabi/lib/thumb/v7e-m/libg_nano.a(lib_a-ctype_.o)
 .comment       0x0000000000000042       0x22 /usr/lib/gcc/arm-none-eabi/7.1.0/../../../../arm-none-eabi/lib/thumb/v7e-m/libg_nano.a(lib_a-mlock.o)
 .comment       0x0000000000000042       0x22 /usr/lib/gcc/arm-none-eabi/7.1.0/../../../../arm-none-eabi/lib/thumb/v7e-m/libg_nano.a(lib_a-nano-freer.o)
 .comment       0x0000000000000042       0x22 /usr/lib/gcc/arm-none-eabi/7.1.0/../../../../arm-none-eabi/lib/thumb/v7e-m/libm.a(lib_a-s_floor.o)
 .comment       0x0000000000000042       0x22 /usr/lib/gcc/arm-none-eabi/7.1.0/../../../../arm-none-eabi/lib/thumb/v7e-m/libg_nano.a(lib_a-vsnprintf.o)
 .comment       0x0000000000000042       0x22 /usr/lib/gcc/arm-none-eabi/7.1.0/../../../../arm-none-eabi/lib/thumb/v7e-m/libg_nano.a(lib_a-nano-svfprintf.o)
 .comment       0x0000000000000042       0x22 /usr/lib/gcc/arm-none-eabi/7.1.0/../../../../arm-none-eabi/lib/thumb/v7e-m/libg_nano.a(lib_a-nano-vfprintf_i.o)
 .comment       0x0000000000000042       0x22 /usr/lib/gcc/arm-none-eabi/7.1.0/../../../../arm-none-eabi/lib/thumb/v7e-m/libg_nano.a(lib_a-memcpy-stub.o)
 .comment       0x0000000000000042       0x22 /usr/lib/gcc/arm-none-eabi/7.1.0/../../../../arm-none-eabi/lib/thumb/v7e-m/libg_nano.a(lib_a-memmove.o)
 .comment       0x0000000000000042       0x22 /usr/lib/gcc/arm-none-eabi/7.1.0/../../../../arm-none-eabi/lib/thumb/v7e-m/libg_nano.a(lib_a-nano-reallocr.o)
 .comment       0x0000000000000042       0x22 /usr/lib/gcc/arm-none-eabi/7.1.0/../../../../arm-none-eabi/lib/thumb/v7e-m/libg_nano.a(lib_a-nano-msizer.o)

.ARM.attributes
                0x0000000000000000       0x31
 .ARM.attributes
                0x0000000000000000       0x31 /tmp/ccsNTR4r.ltrans0.ltrans.o
 .ARM.attributes
                0x0000000000000031       0x2e /usr/lib/gcc/arm-none-eabi/7.1.0/../../../../arm-none-eabi/lib/thumb/v7e-m/libg_nano.a(lib_a-errno.o)
 .ARM.attributes
                0x000000000000005f       0x2e /usr/lib/gcc/arm-none-eabi/7.1.0/../../../../arm-none-eabi/lib/thumb/v7e-m/libg_nano.a(lib_a-findfp.o)
 .ARM.attributes
                0x000000000000008d       0x2e /usr/lib/gcc/arm-none-eabi/7.1.0/../../../../arm-none-eabi/lib/thumb/v7e-m/libg_nano.a(lib_a-impure.o)
 .ARM.attributes
                0x00000000000000bb       0x2e /usr/lib/gcc/arm-none-eabi/7.1.0/../../../../arm-none-eabi/lib/thumb/v7e-m/libg_nano.a(lib_a-locale.o)
 .ARM.attributes
                0x00000000000000e9       0x2e /usr/lib/gcc/arm-none-eabi/7.1.0/../../../../arm-none-eabi/lib/thumb/v7e-m/libg_nano.a(lib_a-mbtowc_r.o)
 .ARM.attributes
                0x0000000000000117       0x2e /usr/lib/gcc/arm-none-eabi/7.1.0/../../../../arm-none-eabi/lib/thumb/v7e-m/libg_nano.a(lib_a-nano-mallocr.o)
 .ARM.attributes
                0x0000000000000145       0x2e /usr/lib/gcc/arm-none-eabi/7.1.0/../../../../arm-none-eabi/lib/thumb/v7e-m/libg_nano.a(lib_a-sbrkr.o)
 .ARM.attributes
                0x0000000000000173       0x1c /usr/lib/gcc/arm-none-eabi/7.1.0/../../../../arm-none-eabi/lib/thumb/v7e-m/libg_nano.a(lib_a-strcmp.o)
 .ARM.attributes
                0x000000000000018f       0x2e /usr/lib/gcc/arm-none-eabi/7.1.0/../../../../arm-none-eabi/lib/thumb/v7e-m/libg_nano.a(lib_a-wctomb_r.o)
 .ARM.attributes
                0x00000000000001bd       0x2e /usr/lib/gcc/arm-none-eabi/7.1.0/../../../../arm-none-eabi/lib/thumb/v7e-m/libg_nano.a(lib_a-ctype_.o)
 .ARM.attributes
                0x00000000000001eb       0x2e /usr/lib/gcc/arm-none-eabi/7.1.0/../../../../arm-none-eabi/lib/thumb/v7e-m/libg_nano.a(lib_a-mlock.o)
 .ARM.attributes
                0x0000000000000219       0x2e /usr/lib/gcc/arm-none-eabi/7.1.0/../../../../arm-none-eabi/lib/thumb/v7e-m/libg_nano.a(lib_a-nano-freer.o)
 .ARM.attributes
                0x0000000000000247       0x2e /usr/lib/gcc/arm-none-eabi/7.1.0/../../../../arm-none-eabi/lib/thumb/v7e-m/libm.a(lib_a-s_floor.o)
 .ARM.attributes
                0x0000000000000275       0x1e /usr/lib/gcc/arm-none-eabi/7.1.0/thumb/v7e-m/libgcc.a(_arm_addsubdf3.o)
 .ARM.attributes
                0x0000000000000293       0x1e /usr/lib/gcc/arm-none-eabi/7.1.0/thumb/v7e-m/libgcc.a(_arm_cmpdf2.o)
 .ARM.attributes
                0x00000000000002b1       0x1e /usr/lib/gcc/arm-none-eabi/7.1.0/thumb/v7e-m/libgcc.a(_arm_fixunsdfsi.o)
 .ARM.attributes
                0x00000000000002cf       0x1e /usr/lib/gcc/arm-none-eabi/7.1.0/thumb/v7e-m/libgcc.a(_arm_truncdfsf2.o)
 .ARM.attributes
                0x00000000000002ed       0x1e /usr/lib/gcc/arm-none-eabi/7.1.0/thumb/v7e-m/libgcc.a(_arm_addsubsf3.o)
 .ARM.attributes
                0x000000000000030b       0x1e /usr/lib/gcc/arm-none-eabi/7.1.0/thumb/v7e-m/libgcc.a(_arm_muldivsf3.o)
 .ARM.attributes
                0x0000000000000329       0x1e /usr/lib/gcc/arm-none-eabi/7.1.0/thumb/v7e-m/libgcc.a(_arm_cmpsf2.o)
 .ARM.attributes
                0x0000000000000347       0x2e /usr/lib/gcc/arm-none-eabi/7.1.0/../../../../arm-none-eabi/lib/thumb/v7e-m/libg_nano.a(lib_a-vsnprintf.o)
 .ARM.attributes
                0x0000000000000375       0x2e /usr/lib/gcc/arm-none-eabi/7.1.0/../../../../arm-none-eabi/lib/thumb/v7e-m/libg_nano.a(lib_a-nano-svfprintf.o)
 .ARM.attributes
                0x00000000000003a3       0x2e /usr/lib/gcc/arm-none-eabi/7.1.0/../../../../arm-none-eabi/lib/thumb/v7e-m/libg_nano.a(lib_a-nano-vfprintf_i.o)
 .ARM.attributes
                0x00000000000003d1       0x1c /usr/lib/gcc/arm-none-eabi/7.1.0/../../../../arm-none-eabi/lib/thumb/v7e-m/libg_nano.a(lib_a-memchr.o)
 .ARM.attributes
                0x00000000000003ed       0x2e /usr/lib/gcc/arm-none-eabi/7.1.0/../../../../arm-none-eabi/lib/thumb/v7e-m/libg_nano.a(lib_a-memcpy-stub.o)
 .ARM.attributes
                0x000000000000041b       0x2e /usr/lib/gcc/arm-none-eabi/7.1.0/../../../../arm-none-eabi/lib/thumb/v7e-m/libg_nano.a(lib_a-memmove.o)
 .ARM.attributes
                0x0000000000000449       0x2e /usr/lib/gcc/arm-none-eabi/7.1.0/../../../../arm-none-eabi/lib/thumb/v7e-m/libg_nano.a(lib_a-nano-reallocr.o)
 .ARM.attributes
                0x0000000000000477       0x2e /usr/lib/gcc/arm-none-eabi/7.1.0/../../../../arm-none-eabi/lib/thumb/v7e-m/libg_nano.a(lib_a-nano-msizer.o)

.debug
 *(.debug)

.line
 *(.line)

.debug_srcinfo
 *(.debug_srcinfo)

.debug_sfnames
 *(.debug_sfnames)

.debug_aranges  0x0000000000000000      0x598
 *(.debug_aranges)
 .debug_aranges
                0x0000000000000000      0x190 /tmp/ccsNTR4r.ltrans0.ltrans.o
 .debug_aranges
                0x0000000000000190       0x20 /usr/lib/gcc/arm-none-eabi/7.1.0/../../../../arm-none-eabi/lib/thumb/v7e-m/libg_nano.a(lib_a-errno.o)
 .debug_aranges
                0x00000000000001b0       0x68 /usr/lib/gcc/arm-none-eabi/7.1.0/../../../../arm-none-eabi/lib/thumb/v7e-m/libg_nano.a(lib_a-findfp.o)
 .debug_aranges
                0x0000000000000218       0x18 /usr/lib/gcc/arm-none-eabi/7.1.0/../../../../arm-none-eabi/lib/thumb/v7e-m/libg_nano.a(lib_a-impure.o)
 .debug_aranges
                0x0000000000000230       0x40 /usr/lib/gcc/arm-none-eabi/7.1.0/../../../../arm-none-eabi/lib/thumb/v7e-m/libg_nano.a(lib_a-locale.o)
 .debug_aranges
                0x0000000000000270       0x28 /usr/lib/gcc/arm-none-eabi/7.1.0/../../../../arm-none-eabi/lib/thumb/v7e-m/libg_nano.a(lib_a-mbtowc_r.o)
 .debug_aranges
                0x0000000000000298       0x20 /usr/lib/gcc/arm-none-eabi/7.1.0/../../../../arm-none-eabi/lib/thumb/v7e-m/libg_nano.a(lib_a-nano-mallocr.o)
 .debug_aranges
                0x00000000000002b8       0x20 /usr/lib/gcc/arm-none-eabi/7.1.0/../../../../arm-none-eabi/lib/thumb/v7e-m/libg_nano.a(lib_a-sbrkr.o)
 .debug_aranges
                0x00000000000002d8       0x20 /usr/lib/gcc/arm-none-eabi/7.1.0/../../../../arm-none-eabi/lib/thumb/v7e-m/libg_nano.a(lib_a-strcmp.o)
 .debug_aranges
                0x00000000000002f8       0x28 /usr/lib/gcc/arm-none-eabi/7.1.0/../../../../arm-none-eabi/lib/thumb/v7e-m/libg_nano.a(lib_a-wctomb_r.o)
 .debug_aranges
                0x0000000000000320       0x18 /usr/lib/gcc/arm-none-eabi/7.1.0/../../../../arm-none-eabi/lib/thumb/v7e-m/libg_nano.a(lib_a-ctype_.o)
 .debug_aranges
                0x0000000000000338       0x20 /usr/lib/gcc/arm-none-eabi/7.1.0/../../../../arm-none-eabi/lib/thumb/v7e-m/libg_nano.a(lib_a-mlock.o)
 .debug_aranges
                0x0000000000000358       0x20 /usr/lib/gcc/arm-none-eabi/7.1.0/../../../../arm-none-eabi/lib/thumb/v7e-m/libg_nano.a(lib_a-nano-freer.o)
 .debug_aranges
                0x0000000000000378       0x20 /usr/lib/gcc/arm-none-eabi/7.1.0/../../../../arm-none-eabi/lib/thumb/v7e-m/libm.a(lib_a-s_floor.o)
 .debug_aranges
                0x0000000000000398       0x20 /usr/lib/gcc/arm-none-eabi/7.1.0/thumb/v7e-m/libgcc.a(_arm_addsubdf3.o)
 .debug_aranges
                0x00000000000003b8       0x20 /usr/lib/gcc/arm-none-eabi/7.1.0/thumb/v7e-m/libgcc.a(_arm_cmpdf2.o)
 .debug_aranges
                0x00000000000003d8       0x20 /usr/lib/gcc/arm-none-eabi/7.1.0/thumb/v7e-m/libgcc.a(_arm_fixunsdfsi.o)
 .debug_aranges
                0x00000000000003f8       0x20 /usr/lib/gcc/arm-none-eabi/7.1.0/thumb/v7e-m/libgcc.a(_arm_truncdfsf2.o)
 .debug_aranges
                0x0000000000000418       0x20 /usr/lib/gcc/arm-none-eabi/7.1.0/thumb/v7e-m/libgcc.a(_arm_addsubsf3.o)
 .debug_aranges
                0x0000000000000438       0x20 /usr/lib/gcc/arm-none-eabi/7.1.0/thumb/v7e-m/libgcc.a(_arm_muldivsf3.o)
 .debug_aranges
                0x0000000000000458       0x20 /usr/lib/gcc/arm-none-eabi/7.1.0/thumb/v7e-m/libgcc.a(_arm_cmpsf2.o)
 .debug_aranges
                0x0000000000000478       0x28 /usr/lib/gcc/arm-none-eabi/7.1.0/../../../../arm-none-eabi/lib/thumb/v7e-m/libg_nano.a(lib_a-vsnprintf.o)
 .debug_aranges
                0x00000000000004a0       0x30 /usr/lib/gcc/arm-none-eabi/7.1.0/../../../../arm-none-eabi/lib/thumb/v7e-m/libg_nano.a(lib_a-nano-svfprintf.o)
 .debug_aranges
                0x00000000000004d0       0x28 /usr/lib/gcc/arm-none-eabi/7.1.0/../../../../arm-none-eabi/lib/thumb/v7e-m/libg_nano.a(lib_a-nano-vfprintf_i.o)
 .debug_aranges
                0x00000000000004f8       0x20 /usr/lib/gcc/arm-none-eabi/7.1.0/../../../../arm-none-eabi/lib/thumb/v7e-m/libg_nano.a(lib_a-memchr.o)
 .debug_aranges
                0x0000000000000518       0x20 /usr/lib/gcc/arm-none-eabi/7.1.0/../../../../arm-none-eabi/lib/thumb/v7e-m/libg_nano.a(lib_a-memcpy-stub.o)
 .debug_aranges
                0x0000000000000538       0x20 /usr/lib/gcc/arm-none-eabi/7.1.0/../../../../arm-none-eabi/lib/thumb/v7e-m/libg_nano.a(lib_a-memmove.o)
 .debug_aranges
                0x0000000000000558       0x20 /usr/lib/gcc/arm-none-eabi/7.1.0/../../../../arm-none-eabi/lib/thumb/v7e-m/libg_nano.a(lib_a-nano-reallocr.o)
 .debug_aranges
                0x0000000000000578       0x20 /usr/lib/gcc/arm-none-eabi/7.1.0/../../../../arm-none-eabi/lib/thumb/v7e-m/libg_nano.a(lib_a-nano-msizer.o)

.debug_pubnames
 *(.debug_pubnames)

.debug_info     0x0000000000000000    0x121b9
 *(.debug_info .gnu.linkonce.wi.*)
 .debug_info    0x0000000000000000     0x294a /tmp/ccsNTR4r.ltrans0.ltrans.o
 .debug_info    0x000000000000294a      0x8cb /usr/lib/gcc/arm-none-eabi/7.1.0/../../../../arm-none-eabi/lib/thumb/v7e-m/libg_nano.a(lib_a-errno.o)
 .debug_info    0x0000000000003215      0xf4b /usr/lib/gcc/arm-none-eabi/7.1.0/../../../../arm-none-eabi/lib/thumb/v7e-m/libg_nano.a(lib_a-findfp.o)
 .debug_info    0x0000000000004160      0x8a4 /usr/lib/gcc/arm-none-eabi/7.1.0/../../../../arm-none-eabi/lib/thumb/v7e-m/libg_nano.a(lib_a-impure.o)
 .debug_info    0x0000000000004a04     0x1016 /usr/lib/gcc/arm-none-eabi/7.1.0/../../../../arm-none-eabi/lib/thumb/v7e-m/libg_nano.a(lib_a-locale.o)
 .debug_info    0x0000000000005a1a      0xf33 /usr/lib/gcc/arm-none-eabi/7.1.0/../../../../arm-none-eabi/lib/thumb/v7e-m/libg_nano.a(lib_a-mbtowc_r.o)
 .debug_info    0x000000000000694d      0xba2 /usr/lib/gcc/arm-none-eabi/7.1.0/../../../../arm-none-eabi/lib/thumb/v7e-m/libg_nano.a(lib_a-nano-mallocr.o)
 .debug_info    0x00000000000074ef      0x959 /usr/lib/gcc/arm-none-eabi/7.1.0/../../../../arm-none-eabi/lib/thumb/v7e-m/libg_nano.a(lib_a-sbrkr.o)
 .debug_info    0x0000000000007e48       0xc8 /usr/lib/gcc/arm-none-eabi/7.1.0/../../../../arm-none-eabi/lib/thumb/v7e-m/libg_nano.a(lib_a-strcmp.o)
 .debug_info    0x0000000000007f10      0xefd /usr/lib/gcc/arm-none-eabi/7.1.0/../../../../arm-none-eabi/lib/thumb/v7e-m/libg_nano.a(lib_a-wctomb_r.o)
 .debug_info    0x0000000000008e0d      0xdb1 /usr/lib/gcc/arm-none-eabi/7.1.0/../../../../arm-none-eabi/lib/thumb/v7e-m/libg_nano.a(lib_a-ctype_.o)
 .debug_info    0x0000000000009bbe      0x8d7 /usr/lib/gcc/arm-none-eabi/7.1.0/../../../../arm-none-eabi/lib/thumb/v7e-m/libg_nano.a(lib_a-mlock.o)
 .debug_info    0x000000000000a495      0xb12 /usr/lib/gcc/arm-none-eabi/7.1.0/../../../../arm-none-eabi/lib/thumb/v7e-m/libg_nano.a(lib_a-nano-freer.o)
 .debug_info    0x000000000000afa7      0x9e9 /usr/lib/gcc/arm-none-eabi/7.1.0/../../../../arm-none-eabi/lib/thumb/v7e-m/libm.a(lib_a-s_floor.o)
 .debug_info    0x000000000000b990       0xc2 /usr/lib/gcc/arm-none-eabi/7.1.0/thumb/v7e-m/libgcc.a(_arm_addsubdf3.o)
 .debug_info    0x000000000000ba52       0xc2 /usr/lib/gcc/arm-none-eabi/7.1.0/thumb/v7e-m/libgcc.a(_arm_cmpdf2.o)
 .debug_info    0x000000000000bb14       0xc2 /usr/lib/gcc/arm-none-eabi/7.1.0/thumb/v7e-m/libgcc.a(_arm_fixunsdfsi.o)
 .debug_info    0x000000000000bbd6       0xc2 /usr/lib/gcc/arm-none-eabi/7.1.0/thumb/v7e-m/libgcc.a(_arm_truncdfsf2.o)
 .debug_info    0x000000000000bc98       0xc2 /usr/lib/gcc/arm-none-eabi/7.1.0/thumb/v7e-m/libgcc.a(_arm_addsubsf3.o)
 .debug_info    0x000000000000bd5a       0xc2 /usr/lib/gcc/arm-none-eabi/7.1.0/thumb/v7e-m/libgcc.a(_arm_muldivsf3.o)
 .debug_info    0x000000000000be1c       0xc2 /usr/lib/gcc/arm-none-eabi/7.1.0/thumb/v7e-m/libgcc.a(_arm_cmpsf2.o)
 .debug_info    0x000000000000bede      0xc01 /usr/lib/gcc/arm-none-eabi/7.1.0/../../../../arm-none-eabi/lib/thumb/v7e-m/libg_nano.a(lib_a-vsnprintf.o)
 .debug_info    0x000000000000cadf     0x1638 /usr/lib/gcc/arm-none-eabi/7.1.0/../../../../arm-none-eabi/lib/thumb/v7e-m/libg_nano.a(lib_a-nano-svfprintf.o)
 .debug_info    0x000000000000e117     0x1425 /usr/lib/gcc/arm-none-eabi/7.1.0/../../../../arm-none-eabi/lib/thumb/v7e-m/libg_nano.a(lib_a-nano-vfprintf_i.o)
 .debug_info    0x000000000000f53c       0xbf /usr/lib/gcc/arm-none-eabi/7.1.0/../../../../arm-none-eabi/lib/thumb/v7e-m/libg_nano.a(lib_a-memchr.o)
 .debug_info    0x000000000000f5fb      0x911 /usr/lib/gcc/arm-none-eabi/7.1.0/../../../../arm-none-eabi/lib/thumb/v7e-m/libg_nano.a(lib_a-memcpy-stub.o)
 .debug_info    0x000000000000ff0c      0xdf9 /usr/lib/gcc/arm-none-eabi/7.1.0/../../../../arm-none-eabi/lib/thumb/v7e-m/libg_nano.a(lib_a-memmove.o)
 .debug_info    0x0000000000010d05      0xab9 /usr/lib/gcc/arm-none-eabi/7.1.0/../../../../arm-none-eabi/lib/thumb/v7e-m/libg_nano.a(lib_a-nano-reallocr.o)
 .debug_info    0x00000000000117be      0x9fb /usr/lib/gcc/arm-none-eabi/7.1.0/../../../../arm-none-eabi/lib/thumb/v7e-m/libg_nano.a(lib_a-nano-msizer.o)

.debug_abbrev   0x0000000000000000     0x2d62
 *(.debug_abbrev)
 .debug_abbrev  0x0000000000000000      0x57c /tmp/ccsNTR4r.ltrans0.ltrans.o
 .debug_abbrev  0x000000000000057c      0x178 /usr/lib/gcc/arm-none-eabi/7.1.0/../../../../arm-none-eabi/lib/thumb/v7e-m/libg_nano.a(lib_a-errno.o)
 .debug_abbrev  0x00000000000006f4      0x35d /usr/lib/gcc/arm-none-eabi/7.1.0/../../../../arm-none-eabi/lib/thumb/v7e-m/libg_nano.a(lib_a-findfp.o)
 .debug_abbrev  0x0000000000000a51      0x15c /usr/lib/gcc/arm-none-eabi/7.1.0/../../../../arm-none-eabi/lib/thumb/v7e-m/libg_nano.a(lib_a-impure.o)
 .debug_abbrev  0x0000000000000bad      0x26b /usr/lib/gcc/arm-none-eabi/7.1.0/../../../../arm-none-eabi/lib/thumb/v7e-m/libg_nano.a(lib_a-locale.o)
 .debug_abbrev  0x0000000000000e18      0x1fb /usr/lib/gcc/arm-none-eabi/7.1.0/../../../../arm-none-eabi/lib/thumb/v7e-m/libg_nano.a(lib_a-mbtowc_r.o)
 .debug_abbrev  0x0000000000001013      0x2c2 /usr/lib/gcc/arm-none-eabi/7.1.0/../../../../arm-none-eabi/lib/thumb/v7e-m/libg_nano.a(lib_a-nano-mallocr.o)
 .debug_abbrev  0x00000000000012d5      0x1df /usr/lib/gcc/arm-none-eabi/7.1.0/../../../../arm-none-eabi/lib/thumb/v7e-m/libg_nano.a(lib_a-sbrkr.o)
 .debug_abbrev  0x00000000000014b4       0x14 /usr/lib/gcc/arm-none-eabi/7.1.0/../../../../arm-none-eabi/lib/thumb/v7e-m/libg_nano.a(lib_a-strcmp.o)
 .debug_abbrev  0x00000000000014c8      0x203 /usr/lib/gcc/arm-none-eabi/7.1.0/../../../../arm-none-eabi/lib/thumb/v7e-m/libg_nano.a(lib_a-wctomb_r.o)
 .debug_abbrev  0x00000000000016cb      0x15a /usr/lib/gcc/arm-none-eabi/7.1.0/../../../../arm-none-eabi/lib/thumb/v7e-m/libg_nano.a(lib_a-ctype_.o)
 .debug_abbrev  0x0000000000001825      0x19d /usr/lib/gcc/arm-none-eabi/7.1.0/../../../../arm-none-eabi/lib/thumb/v7e-m/libg_nano.a(lib_a-mlock.o)
 .debug_abbrev  0x00000000000019c2      0x268 /usr/lib/gcc/arm-none-eabi/7.1.0/../../../../arm-none-eabi/lib/thumb/v7e-m/libg_nano.a(lib_a-nano-freer.o)
 .debug_abbrev  0x0000000000001c2a      0x229 /usr/lib/gcc/arm-none-eabi/7.1.0/../../../../arm-none-eabi/lib/thumb/v7e-m/libm.a(lib_a-s_floor.o)
 .debug_abbrev  0x0000000000001e53       0x14 /usr/lib/gcc/arm-none-eabi/7.1.0/thumb/v7e-m/libgcc.a(_arm_addsubdf3.o)
 .debug_abbrev  0x0000000000001e67       0x14 /usr/lib/gcc/arm-none-eabi/7.1.0/thumb/v7e-m/libgcc.a(_arm_cmpdf2.o)
 .debug_abbrev  0x0000000000001e7b       0x14 /usr/lib/gcc/arm-none-eabi/7.1.0/thumb/v7e-m/libgcc.a(_arm_fixunsdfsi.o)
 .debug_abbrev  0x0000000000001e8f       0x14 /usr/lib/gcc/arm-none-eabi/7.1.0/thumb/v7e-m/libgcc.a(_arm_truncdfsf2.o)
 .debug_abbrev  0x0000000000001ea3       0x14 /usr/lib/gcc/arm-none-eabi/7.1.0/thumb/v7e-m/libgcc.a(_arm_addsubsf3.o)
 .debug_abbrev  0x0000000000001eb7       0x14 /usr/lib/gcc/arm-none-eabi/7.1.0/thumb/v7e-m/libgcc.a(_arm_muldivsf3.o)
 .debug_abbrev  0x0000000000001ecb       0x14 /usr/lib/gcc/arm-none-eabi/7.1.0/thumb/v7e-m/libgcc.a(_arm_cmpsf2.o)
 .debug_abbrev  0x0000000000001edf      0x215 /usr/lib/gcc/arm-none-eabi/7.1.0/../../../../arm-none-eabi/lib/thumb/v7e-m/libg_nano.a(lib_a-vsnprintf.o)
 .debug_abbrev  0x00000000000020f4      0x2db /usr/lib/gcc/arm-none-eabi/7.1.0/../../../../arm-none-eabi/lib/thumb/v7e-m/libg_nano.a(lib_a-nano-svfprintf.o)
 .debug_abbrev  0x00000000000023cf      0x27f /usr/lib/gcc/arm-none-eabi/7.1.0/../../../../arm-none-eabi/lib/thumb/v7e-m/libg_nano.a(lib_a-nano-vfprintf_i.o)
 .debug_abbrev  0x000000000000264e       0x14 /usr/lib/gcc/arm-none-eabi/7.1.0/../../../../arm-none-eabi/lib/thumb/v7e-m/libg_nano.a(lib_a-memchr.o)
 .debug_abbrev  0x0000000000002662      0x1ac /usr/lib/gcc/arm-none-eabi/7.1.0/../../../../arm-none-eabi/lib/thumb/v7e-m/libg_nano.a(lib_a-memcpy-stub.o)
 .debug_abbrev  0x000000000000280e      0x19c /usr/lib/gcc/arm-none-eabi/7.1.0/../../../../arm-none-eabi/lib/thumb/v7e-m/libg_nano.a(lib_a-memmove.o)
 .debug_abbrev  0x00000000000029aa      0x204 /usr/lib/gcc/arm-none-eabi/7.1.0/../../../../arm-none-eabi/lib/thumb/v7e-m/libg_nano.a(lib_a-nano-reallocr.o)
 .debug_abbrev  0x0000000000002bae      0x1b4 /usr/lib/gcc/arm-none-eabi/7.1.0/../../../../arm-none-eabi/lib/thumb/v7e-m/libg_nano.a(lib_a-nano-msizer.o)

.debug_line     0x0000000000000000     0x312a
 *(.debug_line)
 .debug_line    0x0000000000000000      0x85c /tmp/ccsNTR4r.ltrans0.ltrans.o
 .debug_line    0x000000000000085c       0xfb /usr/lib/gcc/arm-none-eabi/7.1.0/../../../../arm-none-eabi/lib/thumb/v7e-m/libg_nano.a(lib_a-errno.o)
 .debug_line    0x0000000000000957      0x28d /usr/lib/gcc/arm-none-eabi/7.1.0/../../../../arm-none-eabi/lib/thumb/v7e-m/libg_nano.a(lib_a-findfp.o)
 .debug_line    0x0000000000000be4       0xe1 /usr/lib/gcc/arm-none-eabi/7.1.0/../../../../arm-none-eabi/lib/thumb/v7e-m/libg_nano.a(lib_a-impure.o)
 .debug_line    0x0000000000000cc5      0x227 /usr/lib/gcc/arm-none-eabi/7.1.0/../../../../arm-none-eabi/lib/thumb/v7e-m/libg_nano.a(lib_a-locale.o)
 .debug_line    0x0000000000000eec      0x1ce /usr/lib/gcc/arm-none-eabi/7.1.0/../../../../arm-none-eabi/lib/thumb/v7e-m/libg_nano.a(lib_a-mbtowc_r.o)
 .debug_line    0x00000000000010ba      0x192 /usr/lib/gcc/arm-none-eabi/7.1.0/../../../../arm-none-eabi/lib/thumb/v7e-m/libg_nano.a(lib_a-nano-mallocr.o)
 .debug_line    0x000000000000124c      0x14b /usr/lib/gcc/arm-none-eabi/7.1.0/../../../../arm-none-eabi/lib/thumb/v7e-m/libg_nano.a(lib_a-sbrkr.o)
 .debug_line    0x0000000000001397       0x78 /usr/lib/gcc/arm-none-eabi/7.1.0/../../../../arm-none-eabi/lib/thumb/v7e-m/libg_nano.a(lib_a-strcmp.o)
 .debug_line    0x000000000000140f      0x1cd /usr/lib/gcc/arm-none-eabi/7.1.0/../../../../arm-none-eabi/lib/thumb/v7e-m/libg_nano.a(lib_a-wctomb_r.o)
 .debug_line    0x00000000000015dc      0x153 /usr/lib/gcc/arm-none-eabi/7.1.0/../../../../arm-none-eabi/lib/thumb/v7e-m/libg_nano.a(lib_a-ctype_.o)
 .debug_line    0x000000000000172f       0xf1 /usr/lib/gcc/arm-none-eabi/7.1.0/../../../../arm-none-eabi/lib/thumb/v7e-m/libg_nano.a(lib_a-mlock.o)
 .debug_line    0x0000000000001820      0x14c /usr/lib/gcc/arm-none-eabi/7.1.0/../../../../arm-none-eabi/lib/thumb/v7e-m/libg_nano.a(lib_a-nano-freer.o)
 .debug_line    0x000000000000196c      0x234 /usr/lib/gcc/arm-none-eabi/7.1.0/../../../../arm-none-eabi/lib/thumb/v7e-m/libm.a(lib_a-s_floor.o)
 .debug_line    0x0000000000001ba0      0x18c /usr/lib/gcc/arm-none-eabi/7.1.0/thumb/v7e-m/libgcc.a(_arm_addsubdf3.o)
 .debug_line    0x0000000000001d2c       0xc4 /usr/lib/gcc/arm-none-eabi/7.1.0/thumb/v7e-m/libgcc.a(_arm_cmpdf2.o)
 .debug_line    0x0000000000001df0       0x7c /usr/lib/gcc/arm-none-eabi/7.1.0/thumb/v7e-m/libgcc.a(_arm_fixunsdfsi.o)
 .debug_line    0x0000000000001e6c       0x94 /usr/lib/gcc/arm-none-eabi/7.1.0/thumb/v7e-m/libgcc.a(_arm_truncdfsf2.o)
 .debug_line    0x0000000000001f00      0x120 /usr/lib/gcc/arm-none-eabi/7.1.0/thumb/v7e-m/libgcc.a(_arm_addsubsf3.o)
 .debug_line    0x0000000000002020      0x143 /usr/lib/gcc/arm-none-eabi/7.1.0/thumb/v7e-m/libgcc.a(_arm_muldivsf3.o)
 .debug_line    0x0000000000002163       0xb8 /usr/lib/gcc/arm-none-eabi/7.1.0/thumb/v7e-m/libgcc.a(_arm_cmpsf2.o)
 .debug_line    0x000000000000221b      0x1a3 /usr/lib/gcc/arm-none-eabi/7.1.0/../../../../arm-none-eabi/lib/thumb/v7e-m/libg_nano.a(lib_a-vsnprintf.o)
 .debug_line    0x00000000000023be      0x3a4 /usr/lib/gcc/arm-none-eabi/7.1.0/../../../../arm-none-eabi/lib/thumb/v7e-m/libg_nano.a(lib_a-nano-svfprintf.o)
 .debug_line    0x0000000000002762      0x3ac /usr/lib/gcc/arm-none-eabi/7.1.0/../../../../arm-none-eabi/lib/thumb/v7e-m/libg_nano.a(lib_a-nano-vfprintf_i.o)
 .debug_line    0x0000000000002b0e       0xa1 /usr/lib/gcc/arm-none-eabi/7.1.0/../../../../arm-none-eabi/lib/thumb/v7e-m/libg_nano.a(lib_a-memchr.o)
 .debug_line    0x0000000000002baf      0x150 /usr/lib/gcc/arm-none-eabi/7.1.0/../../../../arm-none-eabi/lib/thumb/v7e-m/libg_nano.a(lib_a-memcpy-stub.o)
 .debug_line    0x0000000000002cff      0x1ba /usr/lib/gcc/arm-none-eabi/7.1.0/../../../../arm-none-eabi/lib/thumb/v7e-m/libg_nano.a(lib_a-memmove.o)
 .debug_line    0x0000000000002eb9      0x16a /usr/lib/gcc/arm-none-eabi/7.1.0/../../../../arm-none-eabi/lib/thumb/v7e-m/libg_nano.a(lib_a-nano-reallocr.o)
 .debug_line    0x0000000000003023      0x107 /usr/lib/gcc/arm-none-eabi/7.1.0/../../../../arm-none-eabi/lib/thumb/v7e-m/libg_nano.a(lib_a-nano-msizer.o)

.debug_frame    0x0000000000000000      0xcf0
 *(.debug_frame)
 .debug_frame   0x0000000000000000      0x4c8 /tmp/ccsNTR4r.ltrans0.ltrans.o
 .debug_frame   0x00000000000004c8       0x20 /usr/lib/gcc/arm-none-eabi/7.1.0/../../../../arm-none-eabi/lib/thumb/v7e-m/libg_nano.a(lib_a-errno.o)
 .debug_frame   0x00000000000004e8      0x11c /usr/lib/gcc/arm-none-eabi/7.1.0/../../../../arm-none-eabi/lib/thumb/v7e-m/libg_nano.a(lib_a-findfp.o)
 .debug_frame   0x0000000000000604       0x68 /usr/lib/gcc/arm-none-eabi/7.1.0/../../../../arm-none-eabi/lib/thumb/v7e-m/libg_nano.a(lib_a-locale.o)
 .debug_frame   0x000000000000066c       0x48 /usr/lib/gcc/arm-none-eabi/7.1.0/../../../../arm-none-eabi/lib/thumb/v7e-m/libg_nano.a(lib_a-mbtowc_r.o)
 .debug_frame   0x00000000000006b4       0x2c /usr/lib/gcc/arm-none-eabi/7.1.0/../../../../arm-none-eabi/lib/thumb/v7e-m/libg_nano.a(lib_a-nano-mallocr.o)
 .debug_frame   0x00000000000006e0       0x2c /usr/lib/gcc/arm-none-eabi/7.1.0/../../../../arm-none-eabi/lib/thumb/v7e-m/libg_nano.a(lib_a-sbrkr.o)
 .debug_frame   0x000000000000070c       0x20 /usr/lib/gcc/arm-none-eabi/7.1.0/../../../../arm-none-eabi/lib/thumb/v7e-m/libg_nano.a(lib_a-strcmp.o)
 .debug_frame   0x000000000000072c       0x3c /usr/lib/gcc/arm-none-eabi/7.1.0/../../../../arm-none-eabi/lib/thumb/v7e-m/libg_nano.a(lib_a-wctomb_r.o)
 .debug_frame   0x0000000000000768       0x30 /usr/lib/gcc/arm-none-eabi/7.1.0/../../../../arm-none-eabi/lib/thumb/v7e-m/libg_nano.a(lib_a-mlock.o)
 .debug_frame   0x0000000000000798       0x38 /usr/lib/gcc/arm-none-eabi/7.1.0/../../../../arm-none-eabi/lib/thumb/v7e-m/libg_nano.a(lib_a-nano-freer.o)
 .debug_frame   0x00000000000007d0       0x34 /usr/lib/gcc/arm-none-eabi/7.1.0/../../../../arm-none-eabi/lib/thumb/v7e-m/libm.a(lib_a-s_floor.o)
 .debug_frame   0x0000000000000804       0xac /usr/lib/gcc/arm-none-eabi/7.1.0/thumb/v7e-m/libgcc.a(_arm_addsubdf3.o)
 .debug_frame   0x00000000000008b0       0xc4 /usr/lib/gcc/arm-none-eabi/7.1.0/thumb/v7e-m/libgcc.a(_arm_cmpdf2.o)
 .debug_frame   0x0000000000000974       0x24 /usr/lib/gcc/arm-none-eabi/7.1.0/thumb/v7e-m/libgcc.a(_arm_fixunsdfsi.o)
 .debug_frame   0x0000000000000998       0x24 /usr/lib/gcc/arm-none-eabi/7.1.0/thumb/v7e-m/libgcc.a(_arm_truncdfsf2.o)
 .debug_frame   0x00000000000009bc       0x4c /usr/lib/gcc/arm-none-eabi/7.1.0/thumb/v7e-m/libgcc.a(_arm_addsubsf3.o)
 .debug_frame   0x0000000000000a08       0x38 /usr/lib/gcc/arm-none-eabi/7.1.0/thumb/v7e-m/libgcc.a(_arm_muldivsf3.o)
 .debug_frame   0x0000000000000a40       0xc8 /usr/lib/gcc/arm-none-eabi/7.1.0/thumb/v7e-m/libgcc.a(_arm_cmpsf2.o)
 .debug_frame   0x0000000000000b08       0x4c /usr/lib/gcc/arm-none-eabi/7.1.0/../../../../arm-none-eabi/lib/thumb/v7e-m/libg_nano.a(lib_a-vsnprintf.o)
 .debug_frame   0x0000000000000b54       0x90 /usr/lib/gcc/arm-none-eabi/7.1.0/../../../../arm-none-eabi/lib/thumb/v7e-m/libg_nano.a(lib_a-nano-svfprintf.o)
 .debug_frame   0x0000000000000be4       0x60 /usr/lib/gcc/arm-none-eabi/7.1.0/../../../../arm-none-eabi/lib/thumb/v7e-m/libg_nano.a(lib_a-nano-vfprintf_i.o)
 .debug_frame   0x0000000000000c44       0x28 /usr/lib/gcc/arm-none-eabi/7.1.0/../../../../arm-none-eabi/lib/thumb/v7e-m/libg_nano.a(lib_a-memcpy-stub.o)
 .debug_frame   0x0000000000000c6c       0x28 /usr/lib/gcc/arm-none-eabi/7.1.0/../../../../arm-none-eabi/lib/thumb/v7e-m/libg_nano.a(lib_a-memmove.o)
 .debug_frame   0x0000000000000c94       0x3c /usr/lib/gcc/arm-none-eabi/7.1.0/../../../../arm-none-eabi/lib/thumb/v7e-m/libg_nano.a(lib_a-nano-reallocr.o)
 .debug_frame   0x0000000000000cd0       0x20 /usr/lib/gcc/arm-none-eabi/7.1.0/../../../../arm-none-eabi/lib/thumb/v7e-m/libg_nano.a(lib_a-nano-msizer.o)

.debug_str      0x0000000000000000     0x1e74
 *(.debug_str)
 .debug_str     0x0000000000000000      0x914 /tmp/ccsNTR4r.ltrans0.ltrans.o
                                        0xdb5 (size before relaxing)
 .debug_str     0x0000000000000914      0x51c /usr/lib/gcc/arm-none-eabi/7.1.0/../../../../arm-none-eabi/lib/thumb/v7e-m/libg_nano.a(lib_a-errno.o)
                                        0x5cf (size before relaxing)
 .debug_str     0x0000000000000e30      0x2d9 /usr/lib/gcc/arm-none-eabi/7.1.0/../../../../arm-none-eabi/lib/thumb/v7e-m/libg_nano.a(lib_a-findfp.o)
                                        0x84b (size before relaxing)
 .debug_str     0x0000000000001109       0x96 /usr/lib/gcc/arm-none-eabi/7.1.0/../../../../arm-none-eabi/lib/thumb/v7e-m/libg_nano.a(lib_a-impure.o)
                                        0x5bd (size before relaxing)
 .debug_str     0x000000000000119f      0x39e /usr/lib/gcc/arm-none-eabi/7.1.0/../../../../arm-none-eabi/lib/thumb/v7e-m/libg_nano.a(lib_a-locale.o)
                                        0x9b7 (size before relaxing)
 .debug_str     0x000000000000153d      0x131 /usr/lib/gcc/arm-none-eabi/7.1.0/../../../../arm-none-eabi/lib/thumb/v7e-m/libg_nano.a(lib_a-mbtowc_r.o)
                                        0x96e (size before relaxing)
 .debug_str     0x000000000000166e      0x12b /usr/lib/gcc/arm-none-eabi/7.1.0/../../../../arm-none-eabi/lib/thumb/v7e-m/libg_nano.a(lib_a-nano-mallocr.o)
                                        0x704 (size before relaxing)
 .debug_str     0x0000000000001799       0x44 /usr/lib/gcc/arm-none-eabi/7.1.0/../../../../arm-none-eabi/lib/thumb/v7e-m/libg_nano.a(lib_a-sbrkr.o)
                                        0x600 (size before relaxing)
 .debug_str     0x00000000000017dd       0x53 /usr/lib/gcc/arm-none-eabi/7.1.0/../../../../arm-none-eabi/lib/thumb/v7e-m/libg_nano.a(lib_a-wctomb_r.o)
                                        0x967 (size before relaxing)
 .debug_str     0x0000000000001830       0x8a /usr/lib/gcc/arm-none-eabi/7.1.0/../../../../arm-none-eabi/lib/thumb/v7e-m/libg_nano.a(lib_a-ctype_.o)
                                        0x8d5 (size before relaxing)
 .debug_str     0x00000000000018ba       0x45 /usr/lib/gcc/arm-none-eabi/7.1.0/../../../../arm-none-eabi/lib/thumb/v7e-m/libg_nano.a(lib_a-mlock.o)
                                        0x5e5 (size before relaxing)
 .debug_str     0x00000000000018ff       0x2c /usr/lib/gcc/arm-none-eabi/7.1.0/../../../../arm-none-eabi/lib/thumb/v7e-m/libg_nano.a(lib_a-nano-freer.o)
                                        0x6ed (size before relaxing)
 .debug_str     0x000000000000192b      0x1a9 /usr/lib/gcc/arm-none-eabi/7.1.0/../../../../arm-none-eabi/lib/thumb/v7e-m/libm.a(lib_a-s_floor.o)
                                        0x63b (size before relaxing)
 .debug_str     0x0000000000001ad4       0x57 /usr/lib/gcc/arm-none-eabi/7.1.0/../../../../arm-none-eabi/lib/thumb/v7e-m/libg_nano.a(lib_a-vsnprintf.o)
                                        0x761 (size before relaxing)
 .debug_str     0x0000000000001b2b      0x12e /usr/lib/gcc/arm-none-eabi/7.1.0/../../../../arm-none-eabi/lib/thumb/v7e-m/libg_nano.a(lib_a-nano-svfprintf.o)
                                        0xc13 (size before relaxing)
 .debug_str     0x0000000000001c59       0x91 /usr/lib/gcc/arm-none-eabi/7.1.0/../../../../arm-none-eabi/lib/thumb/v7e-m/libg_nano.a(lib_a-nano-vfprintf_i.o)
                                        0xbb2 (size before relaxing)
 .debug_str     0x0000000000001cea       0xb2 /usr/lib/gcc/arm-none-eabi/7.1.0/../../../../arm-none-eabi/lib/thumb/v7e-m/libg_nano.a(lib_a-memcpy-stub.o)
                                        0x5e7 (size before relaxing)
 .debug_str     0x0000000000001d9c       0xa6 /usr/lib/gcc/arm-none-eabi/7.1.0/../../../../arm-none-eabi/lib/thumb/v7e-m/libg_nano.a(lib_a-memmove.o)
                                        0x8f1 (size before relaxing)
 .debug_str     0x0000000000001e42       0x23 /usr/lib/gcc/arm-none-eabi/7.1.0/../../../../arm-none-eabi/lib/thumb/v7e-m/libg_nano.a(lib_a-nano-reallocr.o)
                                        0x6ea (size before relaxing)
 .debug_str     0x0000000000001e65        0xf /usr/lib/gcc/arm-none-eabi/7.1.0/../../../../arm-none-eabi/lib/thumb/v7e-m/libg_nano.a(lib_a-nano-msizer.o)
                                        0x6c8 (size before relaxing)

.debug_loc      0x0000000000000000     0x3141
 *(.debug_loc)
 .debug_loc     0x0000000000000000     0x138f /tmp/ccsNTR4r.ltrans0.ltrans.o
 .debug_loc     0x000000000000138f      0x1c9 /usr/lib/gcc/arm-none-eabi/7.1.0/../../../../arm-none-eabi/lib/thumb/v7e-m/libg_nano.a(lib_a-findfp.o)
 .debug_loc     0x0000000000001558      0x13f /usr/lib/gcc/arm-none-eabi/7.1.0/../../../../arm-none-eabi/lib/thumb/v7e-m/libg_nano.a(lib_a-locale.o)
 .debug_loc     0x0000000000001697      0x1c5 /usr/lib/gcc/arm-none-eabi/7.1.0/../../../../arm-none-eabi/lib/thumb/v7e-m/libg_nano.a(lib_a-mbtowc_r.o)
 .debug_loc     0x000000000000185c      0x2e2 /usr/lib/gcc/arm-none-eabi/7.1.0/../../../../arm-none-eabi/lib/thumb/v7e-m/libg_nano.a(lib_a-nano-mallocr.o)
 .debug_loc     0x0000000000001b3e       0x4d /usr/lib/gcc/arm-none-eabi/7.1.0/../../../../arm-none-eabi/lib/thumb/v7e-m/libg_nano.a(lib_a-sbrkr.o)
 .debug_loc     0x0000000000001b8b       0xea /usr/lib/gcc/arm-none-eabi/7.1.0/../../../../arm-none-eabi/lib/thumb/v7e-m/libg_nano.a(lib_a-wctomb_r.o)
 .debug_loc     0x0000000000001c75      0x109 /usr/lib/gcc/arm-none-eabi/7.1.0/../../../../arm-none-eabi/lib/thumb/v7e-m/libg_nano.a(lib_a-nano-freer.o)
 .debug_loc     0x0000000000001d7e      0x301 /usr/lib/gcc/arm-none-eabi/7.1.0/../../../../arm-none-eabi/lib/thumb/v7e-m/libm.a(lib_a-s_floor.o)
 .debug_loc     0x000000000000207f      0x17f /usr/lib/gcc/arm-none-eabi/7.1.0/../../../../arm-none-eabi/lib/thumb/v7e-m/libg_nano.a(lib_a-vsnprintf.o)
 .debug_loc     0x00000000000021fe      0x68a /usr/lib/gcc/arm-none-eabi/7.1.0/../../../../arm-none-eabi/lib/thumb/v7e-m/libg_nano.a(lib_a-nano-svfprintf.o)
 .debug_loc     0x0000000000002888      0x5d6 /usr/lib/gcc/arm-none-eabi/7.1.0/../../../../arm-none-eabi/lib/thumb/v7e-m/libg_nano.a(lib_a-nano-vfprintf_i.o)
 .debug_loc     0x0000000000002e5e       0x77 /usr/lib/gcc/arm-none-eabi/7.1.0/../../../../arm-none-eabi/lib/thumb/v7e-m/libg_nano.a(lib_a-memcpy-stub.o)
 .debug_loc     0x0000000000002ed5       0xe4 /usr/lib/gcc/arm-none-eabi/7.1.0/../../../../arm-none-eabi/lib/thumb/v7e-m/libg_nano.a(lib_a-memmove.o)
 .debug_loc     0x0000000000002fb9      0x110 /usr/lib/gcc/arm-none-eabi/7.1.0/../../../../arm-none-eabi/lib/thumb/v7e-m/libg_nano.a(lib_a-nano-reallocr.o)
 .debug_loc     0x00000000000030c9       0x78 /usr/lib/gcc/arm-none-eabi/7.1.0/../../../../arm-none-eabi/lib/thumb/v7e-m/libg_nano.a(lib_a-nano-msizer.o)

.debug_macinfo
 *(.debug_macinfo)

.debug_weaknames
 *(.debug_weaknames)

.debug_funcnames
 *(.debug_funcnames)

.debug_typenames
 *(.debug_typenames)

.debug_varnames
 *(.debug_varnames)
OUTPUT(stm32experiments.elf elf32-littlearm)

.debug_ranges   0x0000000000000000      0x540
 .debug_ranges  0x0000000000000000      0x268 /tmp/ccsNTR4r.ltrans0.ltrans.o
 .debug_ranges  0x0000000000000268       0x10 /usr/lib/gcc/arm-none-eabi/7.1.0/../../../../arm-none-eabi/lib/thumb/v7e-m/libg_nano.a(lib_a-errno.o)
 .debug_ranges  0x0000000000000278       0x58 /usr/lib/gcc/arm-none-eabi/7.1.0/../../../../arm-none-eabi/lib/thumb/v7e-m/libg_nano.a(lib_a-findfp.o)
 .debug_ranges  0x00000000000002d0       0x48 /usr/lib/gcc/arm-none-eabi/7.1.0/../../../../arm-none-eabi/lib/thumb/v7e-m/libg_nano.a(lib_a-locale.o)
 .debug_ranges  0x0000000000000318       0x18 /usr/lib/gcc/arm-none-eabi/7.1.0/../../../../arm-none-eabi/lib/thumb/v7e-m/libg_nano.a(lib_a-mbtowc_r.o)
 .debug_ranges  0x0000000000000330       0x58 /usr/lib/gcc/arm-none-eabi/7.1.0/../../../../arm-none-eabi/lib/thumb/v7e-m/libg_nano.a(lib_a-nano-mallocr.o)
 .debug_ranges  0x0000000000000388       0x10 /usr/lib/gcc/arm-none-eabi/7.1.0/../../../../arm-none-eabi/lib/thumb/v7e-m/libg_nano.a(lib_a-sbrkr.o)
 .debug_ranges  0x0000000000000398       0x18 /usr/lib/gcc/arm-none-eabi/7.1.0/../../../../arm-none-eabi/lib/thumb/v7e-m/libg_nano.a(lib_a-wctomb_r.o)
 .debug_ranges  0x00000000000003b0       0x10 /usr/lib/gcc/arm-none-eabi/7.1.0/../../../../arm-none-eabi/lib/thumb/v7e-m/libg_nano.a(lib_a-mlock.o)
 .debug_ranges  0x00000000000003c0       0x10 /usr/lib/gcc/arm-none-eabi/7.1.0/../../../../arm-none-eabi/lib/thumb/v7e-m/libg_nano.a(lib_a-nano-freer.o)
 .debug_ranges  0x00000000000003d0       0x10 /usr/lib/gcc/arm-none-eabi/7.1.0/../../../../arm-none-eabi/lib/thumb/v7e-m/libm.a(lib_a-s_floor.o)
 .debug_ranges  0x00000000000003e0       0x18 /usr/lib/gcc/arm-none-eabi/7.1.0/../../../../arm-none-eabi/lib/thumb/v7e-m/libg_nano.a(lib_a-vsnprintf.o)
 .debug_ranges  0x00000000000003f8       0x60 /usr/lib/gcc/arm-none-eabi/7.1.0/../../../../arm-none-eabi/lib/thumb/v7e-m/libg_nano.a(lib_a-nano-svfprintf.o)
 .debug_ranges  0x0000000000000458       0xa8 /usr/lib/gcc/arm-none-eabi/7.1.0/../../../../arm-none-eabi/lib/thumb/v7e-m/libg_nano.a(lib_a-nano-vfprintf_i.o)
 .debug_ranges  0x0000000000000500       0x10 /usr/lib/gcc/arm-none-eabi/7.1.0/../../../../arm-none-eabi/lib/thumb/v7e-m/libg_nano.a(lib_a-memcpy-stub.o)
 .debug_ranges  0x0000000000000510       0x10 /usr/lib/gcc/arm-none-eabi/7.1.0/../../../../arm-none-eabi/lib/thumb/v7e-m/libg_nano.a(lib_a-memmove.o)
 .debug_ranges  0x0000000000000520       0x10 /usr/lib/gcc/arm-none-eabi/7.1.0/../../../../arm-none-eabi/lib/thumb/v7e-m/libg_nano.a(lib_a-nano-reallocr.o)
 .debug_ranges  0x0000000000000530       0x10 /usr/lib/gcc/arm-none-eabi/7.1.0/../../../../arm-none-eabi/lib/thumb/v7e-m/libg_nano.a(lib_a-nano-msizer.o)
